{
  "capture": {
    "command": "node productwebbench/tools/playwright_capture.js scratchpad/solver_panel/output_pristine/slot_172/states/Abhay557__Discord-Bot-Website__86f789217c45/capture_config.json",
    "cwd": "scratchpad/solver_panel/output_pristine/slot_172/workspace/Abhay557__Discord-Bot-Website__86f789217c45/Discord-Bot-Website-86f789217c45d9705e46625d19b8a0d554d1a807",
    "duration_sec": 58.049,
    "exit_code": 0,
    "stderr_path": "scratchpad/solver_panel/output_pristine/slot_172/states/Abhay557__Discord-Bot-Website__86f789217c45/logs/capture.stderr.log",
    "stdout_path": "scratchpad/solver_panel/output_pristine/slot_172/states/Abhay557__Discord-Bot-Website__86f789217c45/logs/capture.stdout.log",
    "timed_out": false
  },
  "dev_server": {
    "command": "python3 -m http.server 3100 --bind 127.0.0.1",
    "message": "HTTP 200",
    "port": 3100,
    "ready": true
  },
  "failure_stage": null,
  "install_skipped_reason": "static_site_can_be_served_without_node_install",
  "project_root": "scratchpad/solver_panel/output_pristine/slot_172/workspace/Abhay557__Discord-Bot-Website__86f789217c45/Discord-Bot-Website-86f789217c45d9705e46625d19b8a0d554d1a807",
  "quality_pass": true,
  "repo_id": "Abhay557__Discord-Bot-Website__86f789217c45",
  "skip_build": false,
  "skip_install": true,
  "state_capture": "scratchpad/solver_panel/output_pristine/slot_172/states/Abhay557__Discord-Bot-Website__86f789217c45/state_capture.json",
  "states_dir": "scratchpad/solver_panel/output_pristine/slot_172/states/Abhay557__Discord-Bot-Website__86f789217c45",
  "status": "passed"
}

--STDERR--
