{
  "capture": {
    "command": "node productwebbench/tools/playwright_capture.js scratchpad/solver_panel/output_pristine/slot_211/states/themewagon__dashmin__78ea7e6b7b00/capture_config.json",
    "cwd": "scratchpad/solver_panel/output_pristine/slot_211/workspace/themewagon__dashmin__78ea7e6b7b00/dashmin",
    "duration_sec": 82.511,
    "exit_code": 0,
    "stderr_path": "scratchpad/solver_panel/output_pristine/slot_211/states/themewagon__dashmin__78ea7e6b7b00/logs/capture.stderr.log",
    "stdout_path": "scratchpad/solver_panel/output_pristine/slot_211/states/themewagon__dashmin__78ea7e6b7b00/logs/capture.stdout.log",
    "timed_out": false
  },
  "dev_server": {
    "command": "python3 -m http.server 3100 --bind 127.0.0.1",
    "message": "HTTP 200",
    "port": 3100,
    "ready": true
  },
  "failure_stage": null,
  "install_skipped_reason": "static_site_can_be_served_without_node_install",
  "project_root": "scratchpad/solver_panel/output_pristine/slot_211/workspace/themewagon__dashmin__78ea7e6b7b00/dashmin",
  "quality_pass": true,
  "repo_id": "themewagon__dashmin__78ea7e6b7b00",
  "skip_build": false,
  "skip_install": true,
  "state_capture": "scratchpad/solver_panel/output_pristine/slot_211/states/themewagon__dashmin__78ea7e6b7b00/state_capture.json",
  "states_dir": "scratchpad/solver_panel/output_pristine/slot_211/states/themewagon__dashmin__78ea7e6b7b00",
  "status": "passed"
}

--STDERR--
