{
  "build": {
    "command": "corepack yarn build",
    "cwd": "scratchpad/solver_panel/output_pristine/slot_238/workspace/realstoman__react-tailwindcss-portfolio__4994be394863/react-tailwindcss-portfolio-4994be394863b2e261f283a7f95faba167779298",
    "duration_sec": 30.969,
    "exit_code": 0,
    "stderr_path": "scratchpad/solver_panel/output_pristine/slot_238/states/realstoman__react-tailwindcss-portfolio__4994be394863/logs/build.stderr.log",
    "stdout_path": "scratchpad/solver_panel/output_pristine/slot_238/states/realstoman__react-tailwindcss-portfolio__4994be394863/logs/build.stdout.log",
    "timed_out": false
  },
  "capture": {
    "command": "node productwebbench/tools/playwright_capture.js scratchpad/solver_panel/output_pristine/slot_238/states/realstoman__react-tailwindcss-portfolio__4994be394863/capture_config.json",
    "cwd": "scratchpad/solver_panel/output_pristine/slot_238/workspace/realstoman__react-tailwindcss-portfolio__4994be394863/react-tailwindcss-portfolio-4994be394863b2e261f283a7f95faba167779298",
    "duration_sec": 58.632,
    "exit_code": 0,
    "stderr_path": "scratchpad/solver_panel/output_pristine/slot_238/states/realstoman__react-tailwindcss-portfolio__4994be394863/logs/capture.stderr.log",
    "stdout_path": "scratchpad/solver_panel/output_pristine/slot_238/states/realstoman__react-tailwindcss-portfolio__4994be394863/logs/capture.stdout.log",
    "timed_out": false
  },
  "dev_server": {
    "command": "python3 productwebbench/tools/static_server.py --directory build 3400 --bind 127.0.0.1",
    "message": "HTTP 200",
    "port": 3400,
    "ready": true
  },
  "failure_stage": null,
  "project_root": "scratchpad/solver_panel/output_pristine/slot_238/workspace/realstoman__react-tailwindcss-portfolio__4994be394863/react-tailwindcss-portfolio-4994be394863b2e261f283a7f95faba167779298",
  "quality_pass": true,
  "repo_id": "realstoman__react-tailwindcss-portfolio__4994be394863",
  "skip_build": false,
  "skip_install": true,
  "state_capture": "scratchpad/solver_panel/output_pristine/slot_238/states/realstoman__react-tailwindcss-portfolio__4994be394863/state_capture.json",
  "states_dir": "scratchpad/solver_panel/output_pristine/slot_238/states/realstoman__react-tailwindcss-portfolio__4994be394863",
  "status": "passed"
}

--STDERR--
