{
  "build": {
    "command": "npm run build",
    "cwd": "scratchpad/solver_panel/output_pristine/slot_135/workspace/ByteGrad__portfolio-website__063ec660e1ed/portfolio-website-063ec660e1ed58b6ce67d6aa95b93d6b12961a5a",
    "duration_sec": 40.509,
    "exit_code": 0,
    "stderr_path": "scratchpad/solver_panel/output_pristine/slot_135/states/ByteGrad__portfolio-website__063ec660e1ed/logs/build.stderr.log",
    "stdout_path": "scratchpad/solver_panel/output_pristine/slot_135/states/ByteGrad__portfolio-website__063ec660e1ed/logs/build.stdout.log",
    "timed_out": false
  },
  "capture": {
    "command": "node productwebbench/tools/playwright_capture.js scratchpad/solver_panel/output_pristine/slot_135/states/ByteGrad__portfolio-website__063ec660e1ed/capture_config.json",
    "cwd": "scratchpad/solver_panel/output_pristine/slot_135/workspace/ByteGrad__portfolio-website__063ec660e1ed/portfolio-website-063ec660e1ed58b6ce67d6aa95b93d6b12961a5a",
    "duration_sec": 119.1,
    "exit_code": 0,
    "stderr_path": "scratchpad/solver_panel/output_pristine/slot_135/states/ByteGrad__portfolio-website__063ec660e1ed/logs/capture.stderr.log",
    "stdout_path": "scratchpad/solver_panel/output_pristine/slot_135/states/ByteGrad__portfolio-website__063ec660e1ed/logs/capture.stdout.log",
    "timed_out": false
  },
  "dev_server": {
    "command": "npm run start -- --hostname 127.0.0.1 --port 3700",
    "message": "HTTP 200",
    "port": 3700,
    "ready": true
  },
  "failure_stage": null,
  "project_root": "scratchpad/solver_panel/output_pristine/slot_135/workspace/ByteGrad__portfolio-website__063ec660e1ed/portfolio-website-063ec660e1ed58b6ce67d6aa95b93d6b12961a5a",
  "quality_pass": true,
  "repo_id": "ByteGrad__portfolio-website__063ec660e1ed",
  "skip_build": false,
  "skip_install": true,
  "state_capture": "scratchpad/solver_panel/output_pristine/slot_135/states/ByteGrad__portfolio-website__063ec660e1ed/state_capture.json",
  "states_dir": "scratchpad/solver_panel/output_pristine/slot_135/states/ByteGrad__portfolio-website__063ec660e1ed",
  "status": "passed"
}

--STDERR--
