{
  "capture": {
    "command": "node productwebbench/tools/playwright_capture.js scratchpad/solver_panel/output_pristine/slot_275/states/jcoelho93__personal-website__098bb11eec9d/capture_config.json",
    "cwd": "scratchpad/solver_panel/output_pristine/slot_275/workspace/jcoelho93__personal-website__098bb11eec9d/personal-website-098bb11eec9d6e194c1424c09e166380d99427a6",
    "duration_sec": 180.01,
    "exit_code": null,
    "stderr_path": "scratchpad/solver_panel/output_pristine/slot_275/states/jcoelho93__personal-website__098bb11eec9d/logs/capture.stderr.log",
    "stdout_path": "scratchpad/solver_panel/output_pristine/slot_275/states/jcoelho93__personal-website__098bb11eec9d/logs/capture.stdout.log",
    "timed_out": true
  },
  "dev_server": {
    "command": "node scratchpad/solver_panel/output_pristine/slot_275/workspace/jcoelho93__personal-website__098bb11eec9d/personal-website-098bb11eec9d6e194c1424c09e166380d99427a6/node_modules/react-scripts/bin/react-scripts.js start",
    "message": "HTTP 200",
    "port": 3900,
    "ready": true
  },
  "failure_stage": "capture",
  "project_root": "scratchpad/solver_panel/output_pristine/slot_275/workspace/jcoelho93__personal-website__098bb11eec9d/personal-website-098bb11eec9d6e194c1424c09e166380d99427a6",
  "repo_id": "jcoelho93__personal-website__098bb11eec9d",
  "skip_build": true,
  "skip_install": true,
  "states_dir": "scratchpad/solver_panel/output_pristine/slot_275/states/jcoelho93__personal-website__098bb11eec9d",
  "status": "failed"
}

--STDERR--
