{
  "build": {
    "command": "npm run build",
    "cwd": "scratchpad/solver_panel/output_pristine/slot_148/workspace/google__docsy-example__1da9a9028841/docsy-example-1da9a90288413aa6ae813a784def59ad3fe7d89e",
    "duration_sec": 82.64,
    "exit_code": 0,
    "stderr_path": "scratchpad/solver_panel/output_pristine/slot_148/states/google__docsy-example__1da9a9028841/logs/build.stderr.log",
    "stdout_path": "scratchpad/solver_panel/output_pristine/slot_148/states/google__docsy-example__1da9a9028841/logs/build.stdout.log",
    "timed_out": false
  },
  "capture": {
    "command": "node productwebbench/tools/playwright_capture.js scratchpad/solver_panel/output_pristine/slot_148/states/google__docsy-example__1da9a9028841/capture_config.json",
    "cwd": "scratchpad/solver_panel/output_pristine/slot_148/workspace/google__docsy-example__1da9a9028841/docsy-example-1da9a90288413aa6ae813a784def59ad3fe7d89e",
    "duration_sec": 180.012,
    "exit_code": null,
    "stderr_path": "scratchpad/solver_panel/output_pristine/slot_148/states/google__docsy-example__1da9a9028841/logs/capture.stderr.log",
    "stdout_path": "scratchpad/solver_panel/output_pristine/slot_148/states/google__docsy-example__1da9a9028841/logs/capture.stdout.log",
    "timed_out": true
  },
  "dev_server": {
    "command": "python3 productwebbench/tools/static_server.py --directory public 3400 --bind 127.0.0.1",
    "message": "HTTP 200",
    "port": 3400,
    "ready": true
  },
  "failure_stage": "capture",
  "project_root": "scratchpad/solver_panel/output_pristine/slot_148/workspace/google__docsy-example__1da9a9028841/docsy-example-1da9a90288413aa6ae813a784def59ad3fe7d89e",
  "repo_id": "google__docsy-example__1da9a9028841",
  "skip_build": false,
  "skip_install": true,
  "states_dir": "scratchpad/solver_panel/output_pristine/slot_148/states/google__docsy-example__1da9a9028841",
  "status": "failed"
}

--STDERR--
