{
  "build": {
    "command": "corepack yarn build",
    "cwd": "scratchpad/solver_panel/output_pristine/slot_232/workspace/realstoman__nuxtjs-tailwindcss-portfolio__5c44a569ec79/nuxtjs-tailwindcss-portfolio-5c44a569ec799ea81ed90d0d201d4338b028f52b",
    "duration_sec": 25.885,
    "exit_code": 0,
    "stderr_path": "scratchpad/solver_panel/output_pristine/slot_232/states/realstoman__nuxtjs-tailwindcss-portfolio__5c44a569ec79/logs/build.stderr.log",
    "stdout_path": "scratchpad/solver_panel/output_pristine/slot_232/states/realstoman__nuxtjs-tailwindcss-portfolio__5c44a569ec79/logs/build.stdout.log",
    "timed_out": false
  },
  "capture": {
    "command": "node productwebbench/tools/playwright_capture.js scratchpad/solver_panel/output_pristine/slot_232/states/realstoman__nuxtjs-tailwindcss-portfolio__5c44a569ec79/capture_config.json",
    "cwd": "scratchpad/solver_panel/output_pristine/slot_232/workspace/realstoman__nuxtjs-tailwindcss-portfolio__5c44a569ec79/nuxtjs-tailwindcss-portfolio-5c44a569ec799ea81ed90d0d201d4338b028f52b",
    "duration_sec": 180.015,
    "exit_code": null,
    "stderr_path": "scratchpad/solver_panel/output_pristine/slot_232/states/realstoman__nuxtjs-tailwindcss-portfolio__5c44a569ec79/logs/capture.stderr.log",
    "stdout_path": "scratchpad/solver_panel/output_pristine/slot_232/states/realstoman__nuxtjs-tailwindcss-portfolio__5c44a569ec79/logs/capture.stdout.log",
    "timed_out": true
  },
  "dev_server": {
    "command": "node scratchpad/solver_panel/output_pristine/slot_232/workspace/realstoman__nuxtjs-tailwindcss-portfolio__5c44a569ec79/nuxtjs-tailwindcss-portfolio-5c44a569ec799ea81ed90d0d201d4338b028f52b/node_modules/nuxt/bin/nuxt.js --host 127.0.0.1 --port 4400",
    "message": "HTTP 200",
    "port": 4400,
    "ready": true
  },
  "failure_stage": "capture",
  "project_root": "scratchpad/solver_panel/output_pristine/slot_232/workspace/realstoman__nuxtjs-tailwindcss-portfolio__5c44a569ec79/nuxtjs-tailwindcss-portfolio-5c44a569ec799ea81ed90d0d201d4338b028f52b",
  "repo_id": "realstoman__nuxtjs-tailwindcss-portfolio__5c44a569ec79",
  "skip_build": false,
  "skip_install": true,
  "states_dir": "scratchpad/solver_panel/output_pristine/slot_232/states/realstoman__nuxtjs-tailwindcss-portfolio__5c44a569ec79",
  "status": "failed"
}

--STDERR--
