{
  "build": {
    "command": "npm run build",
    "cwd": "scratchpad/solver_panel/output_pristine/slot_028/workspace/ColorlibHQ__gentelella__dca15d38bf6b/gentelella-dca15d38bf6b2da12c7bce15e6993fb066ba6130",
    "duration_sec": 27.586,
    "exit_code": 0,
    "stderr_path": "scratchpad/solver_panel/output_pristine/slot_028/states/ColorlibHQ__gentelella__dca15d38bf6b/logs/build.stderr.log",
    "stdout_path": "scratchpad/solver_panel/output_pristine/slot_028/states/ColorlibHQ__gentelella__dca15d38bf6b/logs/build.stdout.log",
    "timed_out": false
  },
  "capture": {
    "command": "node productwebbench/tools/playwright_capture.js scratchpad/solver_panel/output_pristine/slot_028/states/ColorlibHQ__gentelella__dca15d38bf6b/capture_config.json",
    "cwd": "scratchpad/solver_panel/output_pristine/slot_028/workspace/ColorlibHQ__gentelella__dca15d38bf6b/gentelella-dca15d38bf6b2da12c7bce15e6993fb066ba6130",
    "duration_sec": 82.995,
    "exit_code": 0,
    "stderr_path": "scratchpad/solver_panel/output_pristine/slot_028/states/ColorlibHQ__gentelella__dca15d38bf6b/logs/capture.stderr.log",
    "stdout_path": "scratchpad/solver_panel/output_pristine/slot_028/states/ColorlibHQ__gentelella__dca15d38bf6b/logs/capture.stdout.log",
    "timed_out": false
  },
  "dev_server": {
    "command": "node scratchpad/solver_panel/output_pristine/slot_028/workspace/ColorlibHQ__gentelella__dca15d38bf6b/gentelella-dca15d38bf6b2da12c7bce15e6993fb066ba6130/node_modules/vite/bin/vite.js --clearScreen false --host 127.0.0.1 --port 3400",
    "message": "HTTP 404",
    "port": 3400,
    "ready": true
  },
  "failure_stage": null,
  "project_root": "scratchpad/solver_panel/output_pristine/slot_028/workspace/ColorlibHQ__gentelella__dca15d38bf6b/gentelella-dca15d38bf6b2da12c7bce15e6993fb066ba6130",
  "quality_pass": true,
  "repo_id": "ColorlibHQ__gentelella__dca15d38bf6b",
  "skip_build": false,
  "skip_install": true,
  "state_capture": "scratchpad/solver_panel/output_pristine/slot_028/states/ColorlibHQ__gentelella__dca15d38bf6b/state_capture.json",
  "states_dir": "scratchpad/solver_panel/output_pristine/slot_028/states/ColorlibHQ__gentelella__dca15d38bf6b",
  "status": "passed"
}

--STDERR--
