{
  "build": {
    "command": "npm run build",
    "cwd": "scratchpad/solver_panel/output_pristine/slot_098/workspace/StartBootstrap__startbootstrap-personal__6a1ebcc76a93/startbootstrap-personal-6a1ebcc76a93ead054412fcbdf417d9c83dc762b",
    "duration_sec": 7.232,
    "exit_code": 0,
    "stderr_path": "scratchpad/solver_panel/output_pristine/slot_098/states/StartBootstrap__startbootstrap-personal__6a1ebcc76a93/logs/build.stderr.log",
    "stdout_path": "scratchpad/solver_panel/output_pristine/slot_098/states/StartBootstrap__startbootstrap-personal__6a1ebcc76a93/logs/build.stdout.log",
    "timed_out": false
  },
  "capture": {
    "command": "node productwebbench/tools/playwright_capture.js scratchpad/solver_panel/output_pristine/slot_098/states/StartBootstrap__startbootstrap-personal__6a1ebcc76a93/capture_config.json",
    "cwd": "scratchpad/solver_panel/output_pristine/slot_098/workspace/StartBootstrap__startbootstrap-personal__6a1ebcc76a93/startbootstrap-personal-6a1ebcc76a93ead054412fcbdf417d9c83dc762b",
    "duration_sec": 73.022,
    "exit_code": 0,
    "stderr_path": "scratchpad/solver_panel/output_pristine/slot_098/states/StartBootstrap__startbootstrap-personal__6a1ebcc76a93/logs/capture.stderr.log",
    "stdout_path": "scratchpad/solver_panel/output_pristine/slot_098/states/StartBootstrap__startbootstrap-personal__6a1ebcc76a93/logs/capture.stdout.log",
    "timed_out": false
  },
  "dev_server": {
    "command": "python3 productwebbench/tools/static_server.py --directory dist 3200 --bind 127.0.0.1",
    "message": "HTTP 200",
    "port": 3200,
    "ready": true
  },
  "failure_stage": null,
  "project_root": "scratchpad/solver_panel/output_pristine/slot_098/workspace/StartBootstrap__startbootstrap-personal__6a1ebcc76a93/startbootstrap-personal-6a1ebcc76a93ead054412fcbdf417d9c83dc762b",
  "quality_pass": true,
  "repo_id": "StartBootstrap__startbootstrap-personal__6a1ebcc76a93",
  "skip_build": false,
  "skip_install": true,
  "state_capture": "scratchpad/solver_panel/output_pristine/slot_098/states/StartBootstrap__startbootstrap-personal__6a1ebcc76a93/state_capture.json",
  "states_dir": "scratchpad/solver_panel/output_pristine/slot_098/states/StartBootstrap__startbootstrap-personal__6a1ebcc76a93",
  "status": "passed"
}

--STDERR--
