{
  "build": {
    "command": "npm run build",
    "cwd": "scratchpad/solver_panel/output_pristine/slot_078/workspace/chrisnmorrison__revista-astro-blog-magazine__33bb9d6c9054",
    "duration_sec": 0.535,
    "exit_code": 0,
    "stderr_path": "scratchpad/solver_panel/output_pristine/slot_078/states/chrisnmorrison__revista-astro-blog-magazine__33bb9d6c9054/logs/build.stderr.log",
    "stdout_path": "scratchpad/solver_panel/output_pristine/slot_078/states/chrisnmorrison__revista-astro-blog-magazine__33bb9d6c9054/logs/build.stdout.log",
    "timed_out": false
  },
  "capture": {
    "command": "node productwebbench/tools/playwright_capture.js scratchpad/solver_panel/output_pristine/slot_078/states/chrisnmorrison__revista-astro-blog-magazine__33bb9d6c9054/capture_config.json",
    "cwd": "scratchpad/solver_panel/output_pristine/slot_078/workspace/chrisnmorrison__revista-astro-blog-magazine__33bb9d6c9054",
    "duration_sec": 180.011,
    "exit_code": null,
    "stderr_path": "scratchpad/solver_panel/output_pristine/slot_078/states/chrisnmorrison__revista-astro-blog-magazine__33bb9d6c9054/logs/capture.stderr.log",
    "stdout_path": "scratchpad/solver_panel/output_pristine/slot_078/states/chrisnmorrison__revista-astro-blog-magazine__33bb9d6c9054/logs/capture.stdout.log",
    "timed_out": true
  },
  "dev_server": {
    "command": "python3 -m http.server 4400 --bind 127.0.0.1",
    "message": "HTTP 200",
    "port": 4400,
    "ready": true
  },
  "failure_stage": "capture",
  "project_root": "scratchpad/solver_panel/output_pristine/slot_078/workspace/chrisnmorrison__revista-astro-blog-magazine__33bb9d6c9054",
  "repo_id": "chrisnmorrison__revista-astro-blog-magazine__33bb9d6c9054",
  "skip_build": false,
  "skip_install": true,
  "states_dir": "scratchpad/solver_panel/output_pristine/slot_078/states/chrisnmorrison__revista-astro-blog-magazine__33bb9d6c9054",
  "status": "failed"
}

--STDERR--
