{
  "capture": {
    "command": "node productwebbench/tools/playwright_capture.js scratchpad/solver_panel/output_pristine/slot_177/states/ita-design-system__eleventy-libdoc__7f64be7a84a2/capture_config.json",
    "cwd": "scratchpad/solver_panel/output_pristine/slot_177/workspace/ita-design-system__eleventy-libdoc__7f64be7a84a2/eleventy-libdoc",
    "duration_sec": 180.009,
    "exit_code": null,
    "stderr_path": "scratchpad/solver_panel/output_pristine/slot_177/states/ita-design-system__eleventy-libdoc__7f64be7a84a2/logs/capture.stderr.log",
    "stdout_path": "scratchpad/solver_panel/output_pristine/slot_177/states/ita-design-system__eleventy-libdoc__7f64be7a84a2/logs/capture.stdout.log",
    "timed_out": true
  },
  "dev_server": {
    "command": "python3 -m http.server 3100 --bind 127.0.0.1",
    "message": "HTTP 200",
    "port": 3100,
    "ready": true
  },
  "failure_stage": "capture",
  "install_skipped_reason": "static_site_can_be_served_without_node_install",
  "project_root": "scratchpad/solver_panel/output_pristine/slot_177/workspace/ita-design-system__eleventy-libdoc__7f64be7a84a2/eleventy-libdoc",
  "repo_id": "ita-design-system__eleventy-libdoc__7f64be7a84a2",
  "skip_build": true,
  "skip_install": true,
  "states_dir": "scratchpad/solver_panel/output_pristine/slot_177/states/ita-design-system__eleventy-libdoc__7f64be7a84a2",
  "status": "failed"
}

--STDERR--
