{
  "build": {
    "command": "npm run build",
    "cwd": "scratchpad/solver_panel/output_pristine/slot_163/workspace/cullenwebber__three-html-to-canvas__bad1a7c78c5b/three-html-to-canvas",
    "duration_sec": 8.048,
    "exit_code": 0,
    "stderr_path": "scratchpad/solver_panel/output_pristine/slot_163/states/cullenwebber__three-html-to-canvas__bad1a7c78c5b/logs/build.stderr.log",
    "stdout_path": "scratchpad/solver_panel/output_pristine/slot_163/states/cullenwebber__three-html-to-canvas__bad1a7c78c5b/logs/build.stdout.log",
    "timed_out": false
  },
  "capture": {
    "command": "node productwebbench/tools/playwright_capture.js scratchpad/solver_panel/output_pristine/slot_163/states/cullenwebber__three-html-to-canvas__bad1a7c78c5b/capture_config.json",
    "cwd": "scratchpad/solver_panel/output_pristine/slot_163/workspace/cullenwebber__three-html-to-canvas__bad1a7c78c5b/three-html-to-canvas",
    "duration_sec": 180.01,
    "exit_code": null,
    "stderr_path": "scratchpad/solver_panel/output_pristine/slot_163/states/cullenwebber__three-html-to-canvas__bad1a7c78c5b/logs/capture.stderr.log",
    "stdout_path": "scratchpad/solver_panel/output_pristine/slot_163/states/cullenwebber__three-html-to-canvas__bad1a7c78c5b/logs/capture.stdout.log",
    "timed_out": true
  },
  "dev_server": {
    "command": "python3 productwebbench/tools/static_server.py --directory dist 3300 --bind 127.0.0.1",
    "message": "HTTP 200",
    "port": 3300,
    "ready": true
  },
  "failure_stage": "capture",
  "project_root": "scratchpad/solver_panel/output_pristine/slot_163/workspace/cullenwebber__three-html-to-canvas__bad1a7c78c5b/three-html-to-canvas",
  "repo_id": "cullenwebber__three-html-to-canvas__bad1a7c78c5b",
  "skip_build": false,
  "skip_install": true,
  "states_dir": "scratchpad/solver_panel/output_pristine/slot_163/states/cullenwebber__three-html-to-canvas__bad1a7c78c5b",
  "status": "failed"
}

--STDERR--
