{
  "build": {
    "command": "corepack pnpm build",
    "cwd": "scratchpad/solver_panel/output_pristine/slot_144/workspace/saicaca__fuwari__6d39b0dec412/fuwari-6d39b0dec41282e7852e23e032998a5789abee28",
    "duration_sec": 29.705,
    "exit_code": 0,
    "stderr_path": "scratchpad/solver_panel/output_pristine/slot_144/states/saicaca__fuwari__6d39b0dec412/logs/build.stderr.log",
    "stdout_path": "scratchpad/solver_panel/output_pristine/slot_144/states/saicaca__fuwari__6d39b0dec412/logs/build.stdout.log",
    "timed_out": false
  },
  "capture": {
    "command": "node productwebbench/tools/playwright_capture.js scratchpad/solver_panel/output_pristine/slot_144/states/saicaca__fuwari__6d39b0dec412/capture_config.json",
    "cwd": "scratchpad/solver_panel/output_pristine/slot_144/workspace/saicaca__fuwari__6d39b0dec412/fuwari-6d39b0dec41282e7852e23e032998a5789abee28",
    "duration_sec": 66.812,
    "exit_code": 0,
    "stderr_path": "scratchpad/solver_panel/output_pristine/slot_144/states/saicaca__fuwari__6d39b0dec412/logs/capture.stderr.log",
    "stdout_path": "scratchpad/solver_panel/output_pristine/slot_144/states/saicaca__fuwari__6d39b0dec412/logs/capture.stdout.log",
    "timed_out": false
  },
  "dev_server": {
    "command": "python3 productwebbench/tools/static_server.py --directory dist 4600 --bind 127.0.0.1",
    "message": "HTTP 200",
    "port": 4600,
    "ready": true
  },
  "failure_stage": null,
  "project_root": "scratchpad/solver_panel/output_pristine/slot_144/workspace/saicaca__fuwari__6d39b0dec412/fuwari-6d39b0dec41282e7852e23e032998a5789abee28",
  "quality_pass": true,
  "repo_id": "saicaca__fuwari__6d39b0dec412",
  "skip_build": false,
  "skip_install": true,
  "state_capture": "scratchpad/solver_panel/output_pristine/slot_144/states/saicaca__fuwari__6d39b0dec412/state_capture.json",
  "states_dir": "scratchpad/solver_panel/output_pristine/slot_144/states/saicaca__fuwari__6d39b0dec412",
  "status": "passed"
}

--STDERR--
