{
  "capture": {
    "command": "node productwebbench/tools/playwright_capture.js scratchpad/solver_panel/output_pristine/slot_150/states/J0SUKE__vortex-gallery__afe6d73390e0/capture_config.json",
    "cwd": "scratchpad/solver_panel/output_pristine/slot_150/workspace/J0SUKE__vortex-gallery__afe6d73390e0/J0SUKE__vortex-gallery__afe6d73390e0",
    "duration_sec": 180.01,
    "exit_code": null,
    "stderr_path": "scratchpad/solver_panel/output_pristine/slot_150/states/J0SUKE__vortex-gallery__afe6d73390e0/logs/capture.stderr.log",
    "stdout_path": "scratchpad/solver_panel/output_pristine/slot_150/states/J0SUKE__vortex-gallery__afe6d73390e0/logs/capture.stdout.log",
    "timed_out": true
  },
  "dev_server": {
    "command": "node scratchpad/solver_panel/output_pristine/slot_150/workspace/J0SUKE__vortex-gallery__afe6d73390e0/J0SUKE__vortex-gallery__afe6d73390e0/node_modules/vite/bin/vite.js --host 127.0.0.1 --port 3600",
    "message": "HTTP 200",
    "port": 3600,
    "ready": true
  },
  "failure_stage": "capture",
  "project_root": "scratchpad/solver_panel/output_pristine/slot_150/workspace/J0SUKE__vortex-gallery__afe6d73390e0/J0SUKE__vortex-gallery__afe6d73390e0",
  "repo_id": "J0SUKE__vortex-gallery__afe6d73390e0",
  "skip_build": true,
  "skip_install": true,
  "states_dir": "scratchpad/solver_panel/output_pristine/slot_150/states/J0SUKE__vortex-gallery__afe6d73390e0",
  "status": "failed"
}

--STDERR--
