{
  "build": {
    "command": "npm run build",
    "cwd": "scratchpad/solver_panel/output_pristine/slot_220/workspace/game-selection__fire-trails__ba7b93272d2e/fire-trails-ba7b93272d2efa4f87648e351fc24e549847af88",
    "duration_sec": 4.22,
    "exit_code": 0,
    "stderr_path": "scratchpad/solver_panel/output_pristine/slot_220/states/game-selection__fire-trails__ba7b93272d2e/logs/build.stderr.log",
    "stdout_path": "scratchpad/solver_panel/output_pristine/slot_220/states/game-selection__fire-trails__ba7b93272d2e/logs/build.stdout.log",
    "timed_out": false
  },
  "capture": {
    "command": "node productwebbench/tools/playwright_capture.js scratchpad/solver_panel/output_pristine/slot_220/states/game-selection__fire-trails__ba7b93272d2e/capture_config.json",
    "cwd": "scratchpad/solver_panel/output_pristine/slot_220/workspace/game-selection__fire-trails__ba7b93272d2e/fire-trails-ba7b93272d2efa4f87648e351fc24e549847af88",
    "duration_sec": 180.049,
    "exit_code": null,
    "stderr_path": "scratchpad/solver_panel/output_pristine/slot_220/states/game-selection__fire-trails__ba7b93272d2e/logs/capture.stderr.log",
    "stdout_path": "scratchpad/solver_panel/output_pristine/slot_220/states/game-selection__fire-trails__ba7b93272d2e/logs/capture.stdout.log",
    "timed_out": true
  },
  "dev_server": {
    "command": "python3 productwebbench/tools/static_server.py --directory dist 3200 --bind 127.0.0.1",
    "message": "HTTP 200",
    "port": 3200,
    "ready": true
  },
  "failure_stage": "capture",
  "project_root": "scratchpad/solver_panel/output_pristine/slot_220/workspace/game-selection__fire-trails__ba7b93272d2e/fire-trails-ba7b93272d2efa4f87648e351fc24e549847af88",
  "repo_id": "game-selection__fire-trails__ba7b93272d2e",
  "skip_build": false,
  "skip_install": true,
  "states_dir": "scratchpad/solver_panel/output_pristine/slot_220/states/game-selection__fire-trails__ba7b93272d2e",
  "status": "failed"
}

--STDERR--
