{
  "capture": {
    "command": "node productwebbench/tools/playwright_capture.js scratchpad/solver_panel/output_pristine/slot_228/states/kaberikram__Interactive-Styling-Canvas__5ca0c3c347ff/capture_config.json",
    "cwd": "scratchpad/solver_panel/output_pristine/slot_228/workspace/kaberikram__Interactive-Styling-Canvas__5ca0c3c347ff/Interactive-Styling-Canvas",
    "duration_sec": 61.896,
    "exit_code": 0,
    "stderr_path": "scratchpad/solver_panel/output_pristine/slot_228/states/kaberikram__Interactive-Styling-Canvas__5ca0c3c347ff/logs/capture.stderr.log",
    "stdout_path": "scratchpad/solver_panel/output_pristine/slot_228/states/kaberikram__Interactive-Styling-Canvas__5ca0c3c347ff/logs/capture.stdout.log",
    "timed_out": false
  },
  "dev_server": {
    "command": "python3 -m http.server 4000 --bind 127.0.0.1",
    "message": "HTTP 200",
    "port": 4000,
    "ready": true
  },
  "failure_stage": null,
  "install_skipped_reason": "static_site_can_be_served_without_node_install",
  "project_root": "scratchpad/solver_panel/output_pristine/slot_228/workspace/kaberikram__Interactive-Styling-Canvas__5ca0c3c347ff/Interactive-Styling-Canvas",
  "quality_pass": true,
  "repo_id": "kaberikram__Interactive-Styling-Canvas__5ca0c3c347ff",
  "skip_build": false,
  "skip_install": true,
  "state_capture": "scratchpad/solver_panel/output_pristine/slot_228/states/kaberikram__Interactive-Styling-Canvas__5ca0c3c347ff/state_capture.json",
  "states_dir": "scratchpad/solver_panel/output_pristine/slot_228/states/kaberikram__Interactive-Styling-Canvas__5ca0c3c347ff",
  "status": "passed"
}

--STDERR--
