{
  "build": {
    "command": "npm run build",
    "cwd": "scratchpad/solver_panel/output_pristine/slot_006/workspace/brunosimon__folio-2019__540f13573a6d/folio-2019-540f13573a6da282eae942a4c67335b97cd18970",
    "duration_sec": 6.54,
    "exit_code": 0,
    "stderr_path": "scratchpad/solver_panel/output_pristine/slot_006/states/brunosimon__folio-2019__540f13573a6d/logs/build.stderr.log",
    "stdout_path": "scratchpad/solver_panel/output_pristine/slot_006/states/brunosimon__folio-2019__540f13573a6d/logs/build.stdout.log",
    "timed_out": false
  },
  "capture": {
    "command": "node productwebbench/tools/playwright_capture.js scratchpad/solver_panel/output_pristine/slot_006/states/brunosimon__folio-2019__540f13573a6d/capture_config.json",
    "cwd": "scratchpad/solver_panel/output_pristine/slot_006/workspace/brunosimon__folio-2019__540f13573a6d/folio-2019-540f13573a6da282eae942a4c67335b97cd18970",
    "duration_sec": 180.028,
    "exit_code": null,
    "stderr_path": "scratchpad/solver_panel/output_pristine/slot_006/states/brunosimon__folio-2019__540f13573a6d/logs/capture.stderr.log",
    "stdout_path": "scratchpad/solver_panel/output_pristine/slot_006/states/brunosimon__folio-2019__540f13573a6d/logs/capture.stdout.log",
    "timed_out": true
  },
  "dev_server": {
    "command": "python3 productwebbench/tools/static_server.py --directory dist 3600 --bind 127.0.0.1",
    "message": "HTTP 200",
    "port": 3600,
    "ready": true
  },
  "failure_stage": "capture",
  "project_root": "scratchpad/solver_panel/output_pristine/slot_006/workspace/brunosimon__folio-2019__540f13573a6d/folio-2019-540f13573a6da282eae942a4c67335b97cd18970",
  "repo_id": "brunosimon__folio-2019__540f13573a6d",
  "skip_build": false,
  "skip_install": true,
  "states_dir": "scratchpad/solver_panel/output_pristine/slot_006/states/brunosimon__folio-2019__540f13573a6d",
  "status": "failed"
}

--STDERR--
