{
  "build": {
    "command": "npm run build",
    "cwd": "scratchpad/solver_panel/output_pristine/slot_047/workspace/ashutosh1919__masterPortfolio__33b04a568a92/masterPortfolio-33b04a568a92a44e538a1795d8eab742dac47d81",
    "duration_sec": 33.583,
    "exit_code": 0,
    "stderr_path": "scratchpad/solver_panel/output_pristine/slot_047/states/ashutosh1919__masterPortfolio__33b04a568a92/logs/build.stderr.log",
    "stdout_path": "scratchpad/solver_panel/output_pristine/slot_047/states/ashutosh1919__masterPortfolio__33b04a568a92/logs/build.stdout.log",
    "timed_out": false
  },
  "capture": {
    "command": "node productwebbench/tools/playwright_capture.js scratchpad/solver_panel/output_pristine/slot_047/states/ashutosh1919__masterPortfolio__33b04a568a92/capture_config.json",
    "cwd": "scratchpad/solver_panel/output_pristine/slot_047/workspace/ashutosh1919__masterPortfolio__33b04a568a92/masterPortfolio-33b04a568a92a44e538a1795d8eab742dac47d81",
    "duration_sec": 49.866,
    "exit_code": 0,
    "stderr_path": "scratchpad/solver_panel/output_pristine/slot_047/states/ashutosh1919__masterPortfolio__33b04a568a92/logs/capture.stderr.log",
    "stdout_path": "scratchpad/solver_panel/output_pristine/slot_047/states/ashutosh1919__masterPortfolio__33b04a568a92/logs/capture.stdout.log",
    "timed_out": false
  },
  "dev_server": {
    "command": "python3 productwebbench/tools/static_server.py --directory build 3700 --bind 127.0.0.1",
    "message": "HTTP 200",
    "port": 3700,
    "ready": true
  },
  "failure_stage": null,
  "project_root": "scratchpad/solver_panel/output_pristine/slot_047/workspace/ashutosh1919__masterPortfolio__33b04a568a92/masterPortfolio-33b04a568a92a44e538a1795d8eab742dac47d81",
  "quality_pass": true,
  "repo_id": "ashutosh1919__masterPortfolio__33b04a568a92",
  "skip_build": false,
  "skip_install": true,
  "state_capture": "scratchpad/solver_panel/output_pristine/slot_047/states/ashutosh1919__masterPortfolio__33b04a568a92/state_capture.json",
  "states_dir": "scratchpad/solver_panel/output_pristine/slot_047/states/ashutosh1919__masterPortfolio__33b04a568a92",
  "status": "passed"
}

--STDERR--
