{
  "capture": {
    "command": "node productwebbench/tools/playwright_capture.js scratchpad/solver_panel/output_pristine/slot_304/states/technext__sulfer-multipage-business-html5-template__fdb18c6512c2/capture_config.json",
    "cwd": "scratchpad/solver_panel/output_pristine/slot_304/workspace/technext__sulfer-multipage-business-html5-template__fdb18c6512c2/sulfer-multipage-business-html5-template",
    "duration_sec": 71.873,
    "exit_code": 0,
    "stderr_path": "scratchpad/solver_panel/output_pristine/slot_304/states/technext__sulfer-multipage-business-html5-template__fdb18c6512c2/logs/capture.stderr.log",
    "stdout_path": "scratchpad/solver_panel/output_pristine/slot_304/states/technext__sulfer-multipage-business-html5-template__fdb18c6512c2/logs/capture.stdout.log",
    "timed_out": false
  },
  "dev_server": {
    "command": "python3 -m http.server 3600 --bind 127.0.0.1",
    "message": "HTTP 200",
    "port": 3600,
    "ready": true
  },
  "failure_stage": null,
  "install_skipped_reason": "static_site_can_be_served_without_node_install",
  "project_root": "scratchpad/solver_panel/output_pristine/slot_304/workspace/technext__sulfer-multipage-business-html5-template__fdb18c6512c2/sulfer-multipage-business-html5-template",
  "quality_pass": true,
  "repo_id": "technext__sulfer-multipage-business-html5-template__fdb18c6512c2",
  "skip_build": false,
  "skip_install": true,
  "state_capture": "scratchpad/solver_panel/output_pristine/slot_304/states/technext__sulfer-multipage-business-html5-template__fdb18c6512c2/state_capture.json",
  "states_dir": "scratchpad/solver_panel/output_pristine/slot_304/states/technext__sulfer-multipage-business-html5-template__fdb18c6512c2",
  "status": "passed"
}

--STDERR--
