{
  "capture": {
    "command": "node productwebbench/tools/playwright_capture.js scratchpad/solver_panel/output_pristine/slot_100/states/technext__brandi-Onepage-HTML5-Business-Template__e1a813229d9e/capture_config.json",
    "cwd": "scratchpad/solver_panel/output_pristine/slot_100/workspace/technext__brandi-Onepage-HTML5-Business-Template__e1a813229d9e/technext__brandi-Onepage-HTML5-Business-Template__e1a813229d9e",
    "duration_sec": 58.766,
    "exit_code": 0,
    "stderr_path": "scratchpad/solver_panel/output_pristine/slot_100/states/technext__brandi-Onepage-HTML5-Business-Template__e1a813229d9e/logs/capture.stderr.log",
    "stdout_path": "scratchpad/solver_panel/output_pristine/slot_100/states/technext__brandi-Onepage-HTML5-Business-Template__e1a813229d9e/logs/capture.stdout.log",
    "timed_out": false
  },
  "dev_server": {
    "command": "python3 -m http.server 3400 --bind 127.0.0.1",
    "message": "HTTP 200",
    "port": 3400,
    "ready": true
  },
  "failure_stage": null,
  "install_skipped_reason": "static_site_can_be_served_without_node_install",
  "project_root": "scratchpad/solver_panel/output_pristine/slot_100/workspace/technext__brandi-Onepage-HTML5-Business-Template__e1a813229d9e/technext__brandi-Onepage-HTML5-Business-Template__e1a813229d9e",
  "quality_pass": true,
  "repo_id": "technext__brandi-Onepage-HTML5-Business-Template__e1a813229d9e",
  "skip_build": false,
  "skip_install": true,
  "state_capture": "scratchpad/solver_panel/output_pristine/slot_100/states/technext__brandi-Onepage-HTML5-Business-Template__e1a813229d9e/state_capture.json",
  "states_dir": "scratchpad/solver_panel/output_pristine/slot_100/states/technext__brandi-Onepage-HTML5-Business-Template__e1a813229d9e",
  "status": "passed"
}

--STDERR--
