{
  "build": {
    "command": "npm run build",
    "cwd": "scratchpad/solver_panel/output_pristine/slot_061/workspace/website-templates__simple-gallery_responsive-template__6f89dde86eb3/website-templates__simple-gallery_responsive-template__6f89dde86eb3",
    "duration_sec": 1.548,
    "exit_code": 0,
    "stderr_path": "scratchpad/solver_panel/output_pristine/slot_061/states/website-templates__simple-gallery_responsive-template__6f89dde86eb3/logs/build.stderr.log",
    "stdout_path": "scratchpad/solver_panel/output_pristine/slot_061/states/website-templates__simple-gallery_responsive-template__6f89dde86eb3/logs/build.stdout.log",
    "timed_out": false
  },
  "capture": {
    "command": "node productwebbench/tools/playwright_capture.js scratchpad/solver_panel/output_pristine/slot_061/states/website-templates__simple-gallery_responsive-template__6f89dde86eb3/capture_config.json",
    "cwd": "scratchpad/solver_panel/output_pristine/slot_061/workspace/website-templates__simple-gallery_responsive-template__6f89dde86eb3/website-templates__simple-gallery_responsive-template__6f89dde86eb3",
    "duration_sec": 78.178,
    "exit_code": 0,
    "stderr_path": "scratchpad/solver_panel/output_pristine/slot_061/states/website-templates__simple-gallery_responsive-template__6f89dde86eb3/logs/capture.stderr.log",
    "stdout_path": "scratchpad/solver_panel/output_pristine/slot_061/states/website-templates__simple-gallery_responsive-template__6f89dde86eb3/logs/capture.stdout.log",
    "timed_out": false
  },
  "dev_server": {
    "command": "python3 -m http.server 4300 --bind 127.0.0.1",
    "message": "HTTP 200",
    "port": 4300,
    "ready": true
  },
  "failure_stage": null,
  "project_root": "scratchpad/solver_panel/output_pristine/slot_061/workspace/website-templates__simple-gallery_responsive-template__6f89dde86eb3/website-templates__simple-gallery_responsive-template__6f89dde86eb3",
  "quality_pass": true,
  "repo_id": "website-templates__simple-gallery_responsive-template__6f89dde86eb3",
  "skip_build": false,
  "skip_install": true,
  "state_capture": "scratchpad/solver_panel/output_pristine/slot_061/states/website-templates__simple-gallery_responsive-template__6f89dde86eb3/state_capture.json",
  "states_dir": "scratchpad/solver_panel/output_pristine/slot_061/states/website-templates__simple-gallery_responsive-template__6f89dde86eb3",
  "status": "passed"
}

--STDERR--
