{
  "build": {
    "command": "npm run build",
    "cwd": "scratchpad/solver_panel/output_pristine/slot_149/workspace/J0SUKE__webgl-magazine__b93bd4f89c73/webgl-magazine",
    "duration_sec": 6.473,
    "exit_code": 0,
    "stderr_path": "scratchpad/solver_panel/output_pristine/slot_149/states/J0SUKE__webgl-magazine__b93bd4f89c73/logs/build.stderr.log",
    "stdout_path": "scratchpad/solver_panel/output_pristine/slot_149/states/J0SUKE__webgl-magazine__b93bd4f89c73/logs/build.stdout.log",
    "timed_out": false
  },
  "capture": {
    "command": "node productwebbench/tools/playwright_capture.js scratchpad/solver_panel/output_pristine/slot_149/states/J0SUKE__webgl-magazine__b93bd4f89c73/capture_config.json",
    "cwd": "scratchpad/solver_panel/output_pristine/slot_149/workspace/J0SUKE__webgl-magazine__b93bd4f89c73/webgl-magazine",
    "duration_sec": 180.032,
    "exit_code": null,
    "stderr_path": "scratchpad/solver_panel/output_pristine/slot_149/states/J0SUKE__webgl-magazine__b93bd4f89c73/logs/capture.stderr.log",
    "stdout_path": "scratchpad/solver_panel/output_pristine/slot_149/states/J0SUKE__webgl-magazine__b93bd4f89c73/logs/capture.stdout.log",
    "timed_out": true
  },
  "dev_server": {
    "command": "python3 productwebbench/tools/static_server.py --directory dist 3500 --bind 127.0.0.1",
    "message": "HTTP 200",
    "port": 3500,
    "ready": true
  },
  "failure_stage": "capture",
  "project_root": "scratchpad/solver_panel/output_pristine/slot_149/workspace/J0SUKE__webgl-magazine__b93bd4f89c73/webgl-magazine",
  "repo_id": "J0SUKE__webgl-magazine__b93bd4f89c73",
  "skip_build": false,
  "skip_install": true,
  "states_dir": "scratchpad/solver_panel/output_pristine/slot_149/states/J0SUKE__webgl-magazine__b93bd4f89c73",
  "status": "failed"
}

--STDERR--
