{
  "capture": {
    "command": "node productwebbench/tools/playwright_capture.js scratchpad/solver_panel/output_pristine/slot_113/states/Malaika-Ali__Responsive-Blog-Website-Template__3d6667e2920b/capture_config.json",
    "cwd": "scratchpad/solver_panel/output_pristine/slot_113/workspace/Malaika-Ali__Responsive-Blog-Website-Template__3d6667e2920b/Responsive-Blog-Website-Template-3d6667e2920bc72890c621e3f3aaf15345140aff",
    "duration_sec": 180.014,
    "exit_code": null,
    "stderr_path": "scratchpad/solver_panel/output_pristine/slot_113/states/Malaika-Ali__Responsive-Blog-Website-Template__3d6667e2920b/logs/capture.stderr.log",
    "stdout_path": "scratchpad/solver_panel/output_pristine/slot_113/states/Malaika-Ali__Responsive-Blog-Website-Template__3d6667e2920b/logs/capture.stdout.log",
    "timed_out": true
  },
  "dev_server": {
    "command": "python3 -m http.server 3100 --bind 127.0.0.1",
    "message": "HTTP 200",
    "port": 3100,
    "ready": true
  },
  "failure_stage": "capture",
  "install_skipped_reason": "static_site_can_be_served_without_node_install",
  "project_root": "scratchpad/solver_panel/output_pristine/slot_113/workspace/Malaika-Ali__Responsive-Blog-Website-Template__3d6667e2920b/Responsive-Blog-Website-Template-3d6667e2920bc72890c621e3f3aaf15345140aff",
  "repo_id": "Malaika-Ali__Responsive-Blog-Website-Template__3d6667e2920b",
  "skip_build": false,
  "skip_install": true,
  "states_dir": "scratchpad/solver_panel/output_pristine/slot_113/states/Malaika-Ali__Responsive-Blog-Website-Template__3d6667e2920b",
  "status": "failed"
}

--STDERR--
