{
  "build": {
    "command": "npm run build",
    "cwd": "scratchpad/solver_panel/output_pristine/slot_077/workspace/agno-agi__agent-ui__6dad9593fca6/agno-agi__agent-ui__6dad9593fca6",
    "duration_sec": 1.417,
    "exit_code": 0,
    "stderr_path": "scratchpad/solver_panel/output_pristine/slot_077/states/agno-agi__agent-ui__6dad9593fca6/logs/build.stderr.log",
    "stdout_path": "scratchpad/solver_panel/output_pristine/slot_077/states/agno-agi__agent-ui__6dad9593fca6/logs/build.stdout.log",
    "timed_out": false
  },
  "capture": {
    "command": "node productwebbench/tools/playwright_capture.js scratchpad/solver_panel/output_pristine/slot_077/states/agno-agi__agent-ui__6dad9593fca6/capture_config.json",
    "cwd": "scratchpad/solver_panel/output_pristine/slot_077/workspace/agno-agi__agent-ui__6dad9593fca6/agno-agi__agent-ui__6dad9593fca6",
    "duration_sec": 23.069,
    "exit_code": 0,
    "stderr_path": "scratchpad/solver_panel/output_pristine/slot_077/states/agno-agi__agent-ui__6dad9593fca6/logs/capture.stderr.log",
    "stdout_path": "scratchpad/solver_panel/output_pristine/slot_077/states/agno-agi__agent-ui__6dad9593fca6/logs/capture.stdout.log",
    "timed_out": false
  },
  "dev_server": {
    "command": "python3 -m http.server 4300 --bind 127.0.0.1",
    "message": "HTTP 200",
    "port": 4300,
    "ready": true
  },
  "failure_stage": null,
  "project_root": "scratchpad/solver_panel/output_pristine/slot_077/workspace/agno-agi__agent-ui__6dad9593fca6/agno-agi__agent-ui__6dad9593fca6",
  "quality_pass": true,
  "repo_id": "agno-agi__agent-ui__6dad9593fca6",
  "skip_build": false,
  "skip_install": true,
  "state_capture": "scratchpad/solver_panel/output_pristine/slot_077/states/agno-agi__agent-ui__6dad9593fca6/state_capture.json",
  "states_dir": "scratchpad/solver_panel/output_pristine/slot_077/states/agno-agi__agent-ui__6dad9593fca6",
  "status": "passed"
}

--STDERR--
