{
  "capture": {
    "command": "node productwebbench/tools/playwright_capture.js scratchpad/solver_panel/output_pristine/slot_194/states/BootstrapDash__StarAdmin-Free-Bootstrap-Admin-Template__7ab3570e1a87/capture_config.json",
    "cwd": "scratchpad/solver_panel/output_pristine/slot_194/workspace/BootstrapDash__StarAdmin-Free-Bootstrap-Admin-Template__7ab3570e1a87/StarAdmin-Free-Bootstrap-Admin-Template-7ab3570e1a87586ff9d067dfd171ade3be1d7056",
    "duration_sec": 180.041,
    "exit_code": null,
    "stderr_path": "scratchpad/solver_panel/output_pristine/slot_194/states/BootstrapDash__StarAdmin-Free-Bootstrap-Admin-Template__7ab3570e1a87/logs/capture.stderr.log",
    "stdout_path": "scratchpad/solver_panel/output_pristine/slot_194/states/BootstrapDash__StarAdmin-Free-Bootstrap-Admin-Template__7ab3570e1a87/logs/capture.stdout.log",
    "timed_out": true
  },
  "dev_server": {
    "command": "python3 -m http.server 3200 --bind 127.0.0.1",
    "message": "HTTP 200",
    "port": 3200,
    "ready": true
  },
  "failure_stage": "capture",
  "install_skipped_reason": "static_site_can_be_served_without_node_install",
  "project_root": "scratchpad/solver_panel/output_pristine/slot_194/workspace/BootstrapDash__StarAdmin-Free-Bootstrap-Admin-Template__7ab3570e1a87/StarAdmin-Free-Bootstrap-Admin-Template-7ab3570e1a87586ff9d067dfd171ade3be1d7056",
  "repo_id": "BootstrapDash__StarAdmin-Free-Bootstrap-Admin-Template__7ab3570e1a87",
  "skip_build": false,
  "skip_install": true,
  "states_dir": "scratchpad/solver_panel/output_pristine/slot_194/states/BootstrapDash__StarAdmin-Free-Bootstrap-Admin-Template__7ab3570e1a87",
  "status": "failed"
}

--STDERR--
