{
  "capture": {
    "command": "node productwebbench/tools/playwright_capture.js scratchpad/solver_panel/output_pristine/slot_291/states/BootstrapDash__Kapella-Free-Bootstrap-Admin-Template__6f1dba397288/capture_config.json",
    "cwd": "scratchpad/solver_panel/output_pristine/slot_291/workspace/BootstrapDash__Kapella-Free-Bootstrap-Admin-Template__6f1dba397288/Kapella-Free-Bootstrap-Admin-Template-6f1dba3972884ad65b9059de2cbe7256a6c01859/template",
    "duration_sec": 87.143,
    "exit_code": 0,
    "stderr_path": "scratchpad/solver_panel/output_pristine/slot_291/states/BootstrapDash__Kapella-Free-Bootstrap-Admin-Template__6f1dba397288/logs/capture.stderr.log",
    "stdout_path": "scratchpad/solver_panel/output_pristine/slot_291/states/BootstrapDash__Kapella-Free-Bootstrap-Admin-Template__6f1dba397288/logs/capture.stdout.log",
    "timed_out": false
  },
  "dev_server": {
    "command": "python3 -m http.server 3900 --bind 127.0.0.1",
    "message": "HTTP 200",
    "port": 3900,
    "ready": true
  },
  "failure_stage": null,
  "install_skipped_reason": "static_site_can_be_served_without_node_install",
  "project_root": "scratchpad/solver_panel/output_pristine/slot_291/workspace/BootstrapDash__Kapella-Free-Bootstrap-Admin-Template__6f1dba397288/Kapella-Free-Bootstrap-Admin-Template-6f1dba3972884ad65b9059de2cbe7256a6c01859/template",
  "quality_pass": true,
  "repo_id": "BootstrapDash__Kapella-Free-Bootstrap-Admin-Template__6f1dba397288",
  "skip_build": false,
  "skip_install": true,
  "state_capture": "scratchpad/solver_panel/output_pristine/slot_291/states/BootstrapDash__Kapella-Free-Bootstrap-Admin-Template__6f1dba397288/state_capture.json",
  "states_dir": "scratchpad/solver_panel/output_pristine/slot_291/states/BootstrapDash__Kapella-Free-Bootstrap-Admin-Template__6f1dba397288",
  "status": "passed"
}

--STDERR--
