{
  "capture": {
    "command": "node productwebbench/tools/playwright_capture.js scratchpad/solver_panel/output_pristine/slot_214/states/leogodoyllg__News-Website-Template__8d631e5b4ca8/capture_config.json",
    "cwd": "scratchpad/solver_panel/output_pristine/slot_214/workspace/leogodoyllg__News-Website-Template__8d631e5b4ca8/News-Website-Template-8d631e5b4ca8bcee010a2fdcb552fcc5081d5706",
    "duration_sec": 98.52,
    "exit_code": 0,
    "stderr_path": "scratchpad/solver_panel/output_pristine/slot_214/states/leogodoyllg__News-Website-Template__8d631e5b4ca8/logs/capture.stderr.log",
    "stdout_path": "scratchpad/solver_panel/output_pristine/slot_214/states/leogodoyllg__News-Website-Template__8d631e5b4ca8/logs/capture.stdout.log",
    "timed_out": false
  },
  "dev_server": {
    "command": "python3 -m http.server 4200 --bind 127.0.0.1",
    "message": "HTTP 200",
    "port": 4200,
    "ready": true
  },
  "failure_stage": null,
  "install_skipped_reason": "static_site_can_be_served_without_node_install",
  "project_root": "scratchpad/solver_panel/output_pristine/slot_214/workspace/leogodoyllg__News-Website-Template__8d631e5b4ca8/News-Website-Template-8d631e5b4ca8bcee010a2fdcb552fcc5081d5706",
  "quality_pass": true,
  "repo_id": "leogodoyllg__News-Website-Template__8d631e5b4ca8",
  "skip_build": false,
  "skip_install": true,
  "state_capture": "scratchpad/solver_panel/output_pristine/slot_214/states/leogodoyllg__News-Website-Template__8d631e5b4ca8/state_capture.json",
  "states_dir": "scratchpad/solver_panel/output_pristine/slot_214/states/leogodoyllg__News-Website-Template__8d631e5b4ca8",
  "status": "passed"
}

--STDERR--
