{
  "build": {
    "command": "npm run build",
    "cwd": "scratchpad/solver_panel/output_pristine/slot_282/workspace/robin-dela__hover-effect__1938cbff22a0/hover-effect",
    "duration_sec": 11.153,
    "exit_code": 0,
    "stderr_path": "scratchpad/solver_panel/output_pristine/slot_282/states/robin-dela__hover-effect__1938cbff22a0/logs/build.stderr.log",
    "stdout_path": "scratchpad/solver_panel/output_pristine/slot_282/states/robin-dela__hover-effect__1938cbff22a0/logs/build.stdout.log",
    "timed_out": false
  },
  "capture": {
    "command": "node productwebbench/tools/playwright_capture.js scratchpad/solver_panel/output_pristine/slot_282/states/robin-dela__hover-effect__1938cbff22a0/capture_config.json",
    "cwd": "scratchpad/solver_panel/output_pristine/slot_282/workspace/robin-dela__hover-effect__1938cbff22a0/hover-effect",
    "duration_sec": 180.009,
    "exit_code": null,
    "stderr_path": "scratchpad/solver_panel/output_pristine/slot_282/states/robin-dela__hover-effect__1938cbff22a0/logs/capture.stderr.log",
    "stdout_path": "scratchpad/solver_panel/output_pristine/slot_282/states/robin-dela__hover-effect__1938cbff22a0/logs/capture.stdout.log",
    "timed_out": true
  },
  "dev_server": {
    "command": "python3 -m http.server 4600 --bind 127.0.0.1",
    "message": "HTTP 200",
    "port": 4600,
    "ready": true
  },
  "failure_stage": "capture",
  "project_root": "scratchpad/solver_panel/output_pristine/slot_282/workspace/robin-dela__hover-effect__1938cbff22a0/hover-effect",
  "repo_id": "robin-dela__hover-effect__1938cbff22a0",
  "skip_build": false,
  "skip_install": true,
  "states_dir": "scratchpad/solver_panel/output_pristine/slot_282/states/robin-dela__hover-effect__1938cbff22a0",
  "status": "failed"
}

--STDERR--
