{
  "build": {
    "command": "npm run build",
    "cwd": "scratchpad/solver_panel/output_pristine/slot_115/workspace/once-ui-system__magic-portfolio__2a55890c38f1/magic-portfolio-2a55890c38f18e0ad1e267748373bfb703ce146a",
    "duration_sec": 92.103,
    "exit_code": 0,
    "stderr_path": "scratchpad/solver_panel/output_pristine/slot_115/states/once-ui-system__magic-portfolio__2a55890c38f1/logs/build.stderr.log",
    "stdout_path": "scratchpad/solver_panel/output_pristine/slot_115/states/once-ui-system__magic-portfolio__2a55890c38f1/logs/build.stdout.log",
    "timed_out": false
  },
  "capture": {
    "command": "node productwebbench/tools/playwright_capture.js scratchpad/solver_panel/output_pristine/slot_115/states/once-ui-system__magic-portfolio__2a55890c38f1/capture_config.json",
    "cwd": "scratchpad/solver_panel/output_pristine/slot_115/workspace/once-ui-system__magic-portfolio__2a55890c38f1/magic-portfolio-2a55890c38f18e0ad1e267748373bfb703ce146a",
    "duration_sec": 74.809,
    "exit_code": 0,
    "stderr_path": "scratchpad/solver_panel/output_pristine/slot_115/states/once-ui-system__magic-portfolio__2a55890c38f1/logs/capture.stderr.log",
    "stdout_path": "scratchpad/solver_panel/output_pristine/slot_115/states/once-ui-system__magic-portfolio__2a55890c38f1/logs/capture.stdout.log",
    "timed_out": false
  },
  "dev_server": {
    "command": "npm run start -- --hostname 127.0.0.1 --port 3300",
    "message": "HTTP 200",
    "port": 3300,
    "ready": true
  },
  "failure_stage": null,
  "project_root": "scratchpad/solver_panel/output_pristine/slot_115/workspace/once-ui-system__magic-portfolio__2a55890c38f1/magic-portfolio-2a55890c38f18e0ad1e267748373bfb703ce146a",
  "quality_pass": true,
  "repo_id": "once-ui-system__magic-portfolio__2a55890c38f1",
  "skip_build": false,
  "skip_install": true,
  "state_capture": "scratchpad/solver_panel/output_pristine/slot_115/states/once-ui-system__magic-portfolio__2a55890c38f1/state_capture.json",
  "states_dir": "scratchpad/solver_panel/output_pristine/slot_115/states/once-ui-system__magic-portfolio__2a55890c38f1",
  "status": "passed"
}

--STDERR--
