{
  "build": {
    "command": "npm run build",
    "cwd": "scratchpad/solver_panel/output_pristine/slot_005/workspace/said7388__developer-portfolio__5f8cd8e94dac/developer-portfolio-5f8cd8e94dacbe802be1f111a0120c8b737ffa9e",
    "duration_sec": 69.745,
    "exit_code": 0,
    "stderr_path": "scratchpad/solver_panel/output_pristine/slot_005/states/said7388__developer-portfolio__5f8cd8e94dac/logs/build.stderr.log",
    "stdout_path": "scratchpad/solver_panel/output_pristine/slot_005/states/said7388__developer-portfolio__5f8cd8e94dac/logs/build.stdout.log",
    "timed_out": false
  },
  "capture": {
    "command": "node productwebbench/tools/playwright_capture.js scratchpad/solver_panel/output_pristine/slot_005/states/said7388__developer-portfolio__5f8cd8e94dac/capture_config.json",
    "cwd": "scratchpad/solver_panel/output_pristine/slot_005/workspace/said7388__developer-portfolio__5f8cd8e94dac/developer-portfolio-5f8cd8e94dacbe802be1f111a0120c8b737ffa9e",
    "duration_sec": 238.73,
    "exit_code": 0,
    "stderr_path": "scratchpad/solver_panel/output_pristine/slot_005/states/said7388__developer-portfolio__5f8cd8e94dac/logs/capture.stderr.log",
    "stdout_path": "scratchpad/solver_panel/output_pristine/slot_005/states/said7388__developer-portfolio__5f8cd8e94dac/logs/capture.stdout.log",
    "timed_out": false
  },
  "dev_server": {
    "command": "npm run start -- --hostname 127.0.0.1 --port 3100",
    "message": "HTTP 200",
    "port": 3100,
    "ready": true
  },
  "failure_stage": null,
  "project_root": "scratchpad/solver_panel/output_pristine/slot_005/workspace/said7388__developer-portfolio__5f8cd8e94dac/developer-portfolio-5f8cd8e94dacbe802be1f111a0120c8b737ffa9e",
  "quality_pass": true,
  "repo_id": "said7388__developer-portfolio__5f8cd8e94dac",
  "skip_build": false,
  "skip_install": true,
  "state_capture": "scratchpad/solver_panel/output_pristine/slot_005/states/said7388__developer-portfolio__5f8cd8e94dac/state_capture.json",
  "states_dir": "scratchpad/solver_panel/output_pristine/slot_005/states/said7388__developer-portfolio__5f8cd8e94dac",
  "status": "passed"
}

--STDERR--
