{
  "build": {
    "command": "npm run build",
    "cwd": "scratchpad/solver_panel/output_pristine/slot_002/workspace/themeselection__materio-bootstrap-html-laravel-admin-template-free__d19dd1e98919/themeselection__materio-bootstrap-html-laravel-admin-template-free__d19dd1e98919",
    "duration_sec": 3.569,
    "exit_code": 0,
    "stderr_path": "scratchpad/solver_panel/output_pristine/slot_002/states/themeselection__materio-bootstrap-html-laravel-admin-template-free__d19dd1e98919/logs/build.stderr.log",
    "stdout_path": "scratchpad/solver_panel/output_pristine/slot_002/states/themeselection__materio-bootstrap-html-laravel-admin-template-free__d19dd1e98919/logs/build.stdout.log",
    "timed_out": false
  },
  "capture": {
    "command": "node productwebbench/tools/playwright_capture.js scratchpad/solver_panel/output_pristine/slot_002/states/themeselection__materio-bootstrap-html-laravel-admin-template-free__d19dd1e98919/capture_config.json",
    "cwd": "scratchpad/solver_panel/output_pristine/slot_002/workspace/themeselection__materio-bootstrap-html-laravel-admin-template-free__d19dd1e98919/themeselection__materio-bootstrap-html-laravel-admin-template-free__d19dd1e98919",
    "duration_sec": 85.969,
    "exit_code": 0,
    "stderr_path": "scratchpad/solver_panel/output_pristine/slot_002/states/themeselection__materio-bootstrap-html-laravel-admin-template-free__d19dd1e98919/logs/capture.stderr.log",
    "stdout_path": "scratchpad/solver_panel/output_pristine/slot_002/states/themeselection__materio-bootstrap-html-laravel-admin-template-free__d19dd1e98919/logs/capture.stdout.log",
    "timed_out": false
  },
  "dev_server": {
    "command": "python3 productwebbench/tools/static_server.py --directory dist 3200 --bind 127.0.0.1",
    "message": "HTTP 200",
    "port": 3200,
    "ready": true
  },
  "failure_stage": null,
  "project_root": "scratchpad/solver_panel/output_pristine/slot_002/workspace/themeselection__materio-bootstrap-html-laravel-admin-template-free__d19dd1e98919/themeselection__materio-bootstrap-html-laravel-admin-template-free__d19dd1e98919",
  "quality_pass": true,
  "repo_id": "themeselection__materio-bootstrap-html-laravel-admin-template-free__d19dd1e98919",
  "skip_build": false,
  "skip_install": true,
  "state_capture": "scratchpad/solver_panel/output_pristine/slot_002/states/themeselection__materio-bootstrap-html-laravel-admin-template-free__d19dd1e98919/state_capture.json",
  "states_dir": "scratchpad/solver_panel/output_pristine/slot_002/states/themeselection__materio-bootstrap-html-laravel-admin-template-free__d19dd1e98919",
  "status": "passed"
}

--STDERR--
