{
  "capture": {
    "command": "node productwebbench/tools/playwright_capture.js scratchpad/solver_panel/output_pristine/slot_109/states/codewithsadee__portfolio__86c214890a84/capture_config.json",
    "cwd": "scratchpad/solver_panel/output_pristine/slot_109/workspace/codewithsadee__portfolio__86c214890a84/portfolio-86c214890a84cb2ce5fd1e1c7ba19e55d6106a18",
    "duration_sec": 117.131,
    "exit_code": 0,
    "stderr_path": "scratchpad/solver_panel/output_pristine/slot_109/states/codewithsadee__portfolio__86c214890a84/logs/capture.stderr.log",
    "stdout_path": "scratchpad/solver_panel/output_pristine/slot_109/states/codewithsadee__portfolio__86c214890a84/logs/capture.stdout.log",
    "timed_out": false
  },
  "dev_server": {
    "command": "python3 -m http.server 4300 --bind 127.0.0.1",
    "message": "HTTP 200",
    "port": 4300,
    "ready": true
  },
  "failure_stage": null,
  "install_skipped_reason": "static_site_can_be_served_without_node_install",
  "project_root": "scratchpad/solver_panel/output_pristine/slot_109/workspace/codewithsadee__portfolio__86c214890a84/portfolio-86c214890a84cb2ce5fd1e1c7ba19e55d6106a18",
  "quality_pass": true,
  "repo_id": "codewithsadee__portfolio__86c214890a84",
  "skip_build": false,
  "skip_install": true,
  "state_capture": "scratchpad/solver_panel/output_pristine/slot_109/states/codewithsadee__portfolio__86c214890a84/state_capture.json",
  "states_dir": "scratchpad/solver_panel/output_pristine/slot_109/states/codewithsadee__portfolio__86c214890a84",
  "status": "passed"
}

--STDERR--
