{
  "capture": {
    "command": "node productwebbench/tools/playwright_capture.js scratchpad/solver_panel/output_pristine/slot_071/states/SubhanRaj__News-Website-Template__b1a9ef4f6c24/capture_config.json",
    "cwd": "scratchpad/solver_panel/output_pristine/slot_071/workspace/SubhanRaj__News-Website-Template__b1a9ef4f6c24/News-Website-Template-b1a9ef4f6c24c2a221103b0ae8250681cfc2d116",
    "duration_sec": 180.018,
    "exit_code": null,
    "stderr_path": "scratchpad/solver_panel/output_pristine/slot_071/states/SubhanRaj__News-Website-Template__b1a9ef4f6c24/logs/capture.stderr.log",
    "stdout_path": "scratchpad/solver_panel/output_pristine/slot_071/states/SubhanRaj__News-Website-Template__b1a9ef4f6c24/logs/capture.stdout.log",
    "timed_out": true
  },
  "dev_server": {
    "command": "python3 -m http.server 3700 --bind 127.0.0.1",
    "message": "HTTP 200",
    "port": 3700,
    "ready": true
  },
  "failure_stage": "capture",
  "install_skipped_reason": "static_site_can_be_served_without_node_install",
  "project_root": "scratchpad/solver_panel/output_pristine/slot_071/workspace/SubhanRaj__News-Website-Template__b1a9ef4f6c24/News-Website-Template-b1a9ef4f6c24c2a221103b0ae8250681cfc2d116",
  "repo_id": "SubhanRaj__News-Website-Template__b1a9ef4f6c24",
  "skip_build": false,
  "skip_install": true,
  "states_dir": "scratchpad/solver_panel/output_pristine/slot_071/states/SubhanRaj__News-Website-Template__b1a9ef4f6c24",
  "status": "failed"
}

--STDERR--
