{
  "build": {
    "command": "npm run build",
    "cwd": "scratchpad/solver_panel/output_pristine/slot_117/workspace/lydiahallie__React-Ecommerce__10710c7750c3/lydiahallie__React-Ecommerce__10710c7750c3",
    "duration_sec": 1.74,
    "exit_code": 0,
    "stderr_path": "scratchpad/solver_panel/output_pristine/slot_117/states/lydiahallie__React-Ecommerce__10710c7750c3/logs/build.stderr.log",
    "stdout_path": "scratchpad/solver_panel/output_pristine/slot_117/states/lydiahallie__React-Ecommerce__10710c7750c3/logs/build.stdout.log",
    "timed_out": false
  },
  "capture": {
    "command": "node productwebbench/tools/playwright_capture.js scratchpad/solver_panel/output_pristine/slot_117/states/lydiahallie__React-Ecommerce__10710c7750c3/capture_config.json",
    "cwd": "scratchpad/solver_panel/output_pristine/slot_117/workspace/lydiahallie__React-Ecommerce__10710c7750c3/lydiahallie__React-Ecommerce__10710c7750c3",
    "duration_sec": 54.077,
    "exit_code": 0,
    "stderr_path": "scratchpad/solver_panel/output_pristine/slot_117/states/lydiahallie__React-Ecommerce__10710c7750c3/logs/capture.stderr.log",
    "stdout_path": "scratchpad/solver_panel/output_pristine/slot_117/states/lydiahallie__React-Ecommerce__10710c7750c3/logs/capture.stdout.log",
    "timed_out": false
  },
  "dev_server": {
    "command": "python3 productwebbench/tools/static_server.py --directory dist 3500 --bind 127.0.0.1",
    "message": "HTTP 200",
    "port": 3500,
    "ready": true
  },
  "failure_stage": null,
  "project_root": "scratchpad/solver_panel/output_pristine/slot_117/workspace/lydiahallie__React-Ecommerce__10710c7750c3/lydiahallie__React-Ecommerce__10710c7750c3",
  "quality_pass": true,
  "repo_id": "lydiahallie__React-Ecommerce__10710c7750c3",
  "skip_build": false,
  "skip_install": true,
  "state_capture": "scratchpad/solver_panel/output_pristine/slot_117/states/lydiahallie__React-Ecommerce__10710c7750c3/state_capture.json",
  "states_dir": "scratchpad/solver_panel/output_pristine/slot_117/states/lydiahallie__React-Ecommerce__10710c7750c3",
  "status": "passed"
}

--STDERR--
