{
  "build": {
    "command": "npm run build",
    "cwd": "scratchpad/solver_panel/output_pristine/slot_034/workspace/vinitshahdeo__portfolio__ac7454e0b1e0/portfolio-ac7454e0b1e0bdf49abbe742c034cd00fe28624f",
    "duration_sec": 25.516,
    "exit_code": 0,
    "stderr_path": "scratchpad/solver_panel/output_pristine/slot_034/states/vinitshahdeo__portfolio__ac7454e0b1e0/logs/build.stderr.log",
    "stdout_path": "scratchpad/solver_panel/output_pristine/slot_034/states/vinitshahdeo__portfolio__ac7454e0b1e0/logs/build.stdout.log",
    "timed_out": false
  },
  "capture": {
    "command": "node productwebbench/tools/playwright_capture.js scratchpad/solver_panel/output_pristine/slot_034/states/vinitshahdeo__portfolio__ac7454e0b1e0/capture_config.json",
    "cwd": "scratchpad/solver_panel/output_pristine/slot_034/workspace/vinitshahdeo__portfolio__ac7454e0b1e0/portfolio-ac7454e0b1e0bdf49abbe742c034cd00fe28624f",
    "duration_sec": 106.48,
    "exit_code": 0,
    "stderr_path": "scratchpad/solver_panel/output_pristine/slot_034/states/vinitshahdeo__portfolio__ac7454e0b1e0/logs/capture.stderr.log",
    "stdout_path": "scratchpad/solver_panel/output_pristine/slot_034/states/vinitshahdeo__portfolio__ac7454e0b1e0/logs/capture.stdout.log",
    "timed_out": false
  },
  "dev_server": {
    "command": "python3 productwebbench/tools/static_server.py --directory dist 3200 --bind 127.0.0.1",
    "message": "HTTP 200",
    "port": 3200,
    "ready": true
  },
  "failure_stage": null,
  "project_root": "scratchpad/solver_panel/output_pristine/slot_034/workspace/vinitshahdeo__portfolio__ac7454e0b1e0/portfolio-ac7454e0b1e0bdf49abbe742c034cd00fe28624f",
  "quality_pass": true,
  "repo_id": "vinitshahdeo__portfolio__ac7454e0b1e0",
  "skip_build": false,
  "skip_install": true,
  "state_capture": "scratchpad/solver_panel/output_pristine/slot_034/states/vinitshahdeo__portfolio__ac7454e0b1e0/state_capture.json",
  "states_dir": "scratchpad/solver_panel/output_pristine/slot_034/states/vinitshahdeo__portfolio__ac7454e0b1e0",
  "status": "passed"
}

--STDERR--
