{
  "capture": {
    "command": "node productwebbench/tools/playwright_capture.js scratchpad/solver_panel/output_pristine/slot_240/states/htmlstreamofficial__awesome-dashboard-ui-kit__16d3835ce5a6/capture_config.json",
    "cwd": "scratchpad/solver_panel/output_pristine/slot_240/workspace/htmlstreamofficial__awesome-dashboard-ui-kit__16d3835ce5a6/awesome-dashboard-ui-kit-16d3835ce5a63bb1b319802f70676fc7fb91f005",
    "duration_sec": 78.061,
    "exit_code": 0,
    "stderr_path": "scratchpad/solver_panel/output_pristine/slot_240/states/htmlstreamofficial__awesome-dashboard-ui-kit__16d3835ce5a6/logs/capture.stderr.log",
    "stdout_path": "scratchpad/solver_panel/output_pristine/slot_240/states/htmlstreamofficial__awesome-dashboard-ui-kit__16d3835ce5a6/logs/capture.stdout.log",
    "timed_out": false
  },
  "dev_server": {
    "command": "python3 -m http.server 3600 --bind 127.0.0.1",
    "message": "HTTP 200",
    "port": 3600,
    "ready": true
  },
  "failure_stage": null,
  "install_skipped_reason": "static_site_can_be_served_without_node_install",
  "project_root": "scratchpad/solver_panel/output_pristine/slot_240/workspace/htmlstreamofficial__awesome-dashboard-ui-kit__16d3835ce5a6/awesome-dashboard-ui-kit-16d3835ce5a63bb1b319802f70676fc7fb91f005",
  "quality_pass": true,
  "repo_id": "htmlstreamofficial__awesome-dashboard-ui-kit__16d3835ce5a6",
  "skip_build": false,
  "skip_install": true,
  "state_capture": "scratchpad/solver_panel/output_pristine/slot_240/states/htmlstreamofficial__awesome-dashboard-ui-kit__16d3835ce5a6/state_capture.json",
  "states_dir": "scratchpad/solver_panel/output_pristine/slot_240/states/htmlstreamofficial__awesome-dashboard-ui-kit__16d3835ce5a6",
  "status": "passed"
}

--STDERR--
