{
  "build": {
    "command": "npm run build",
    "cwd": "scratchpad/solver_panel/output_pristine/slot_187/workspace/JustGoodUI__dante-astro-theme__54d86d9613af/dante-astro-theme",
    "duration_sec": 10.096,
    "exit_code": 0,
    "stderr_path": "scratchpad/solver_panel/output_pristine/slot_187/states/JustGoodUI__dante-astro-theme__54d86d9613af/logs/build.stderr.log",
    "stdout_path": "scratchpad/solver_panel/output_pristine/slot_187/states/JustGoodUI__dante-astro-theme__54d86d9613af/logs/build.stdout.log",
    "timed_out": false
  },
  "capture": {
    "command": "node productwebbench/tools/playwright_capture.js scratchpad/solver_panel/output_pristine/slot_187/states/JustGoodUI__dante-astro-theme__54d86d9613af/capture_config.json",
    "cwd": "scratchpad/solver_panel/output_pristine/slot_187/workspace/JustGoodUI__dante-astro-theme__54d86d9613af/dante-astro-theme",
    "duration_sec": 77.082,
    "exit_code": 0,
    "stderr_path": "scratchpad/solver_panel/output_pristine/slot_187/states/JustGoodUI__dante-astro-theme__54d86d9613af/logs/capture.stderr.log",
    "stdout_path": "scratchpad/solver_panel/output_pristine/slot_187/states/JustGoodUI__dante-astro-theme__54d86d9613af/logs/capture.stdout.log",
    "timed_out": false
  },
  "dev_server": {
    "command": "python3 productwebbench/tools/static_server.py --directory dist 4100 --bind 127.0.0.1",
    "message": "HTTP 200",
    "port": 4100,
    "ready": true
  },
  "failure_stage": null,
  "project_root": "scratchpad/solver_panel/output_pristine/slot_187/workspace/JustGoodUI__dante-astro-theme__54d86d9613af/dante-astro-theme",
  "quality_pass": true,
  "repo_id": "JustGoodUI__dante-astro-theme__54d86d9613af",
  "skip_build": false,
  "skip_install": true,
  "state_capture": "scratchpad/solver_panel/output_pristine/slot_187/states/JustGoodUI__dante-astro-theme__54d86d9613af/state_capture.json",
  "states_dir": "scratchpad/solver_panel/output_pristine/slot_187/states/JustGoodUI__dante-astro-theme__54d86d9613af",
  "status": "passed"
}

--STDERR--
