{
  "build": {
    "command": "npx @11ty/eleventy",
    "cwd": "scratchpad/solver_panel/output_pristine/slot_258/workspace/ttntm__11ty-landing-page__42a060fad323/11ty-landing-page",
    "duration_sec": 14.242,
    "exit_code": 0,
    "stderr_path": "scratchpad/solver_panel/output_pristine/slot_258/states/ttntm__11ty-landing-page__42a060fad323/logs/build.stderr.log",
    "stdout_path": "scratchpad/solver_panel/output_pristine/slot_258/states/ttntm__11ty-landing-page__42a060fad323/logs/build.stdout.log",
    "timed_out": false
  },
  "capture": {
    "command": "node productwebbench/tools/playwright_capture.js scratchpad/solver_panel/output_pristine/slot_258/states/ttntm__11ty-landing-page__42a060fad323/capture_config.json",
    "cwd": "scratchpad/solver_panel/output_pristine/slot_258/workspace/ttntm__11ty-landing-page__42a060fad323/11ty-landing-page",
    "duration_sec": 37.834,
    "exit_code": 0,
    "stderr_path": "scratchpad/solver_panel/output_pristine/slot_258/states/ttntm__11ty-landing-page__42a060fad323/logs/capture.stderr.log",
    "stdout_path": "scratchpad/solver_panel/output_pristine/slot_258/states/ttntm__11ty-landing-page__42a060fad323/logs/capture.stdout.log",
    "timed_out": false
  },
  "dev_server": {
    "command": "python3 productwebbench/tools/static_server.py --directory docs 3800 --bind 127.0.0.1",
    "message": "HTTP 200",
    "port": 3800,
    "ready": true
  },
  "failure_stage": null,
  "project_root": "scratchpad/solver_panel/output_pristine/slot_258/workspace/ttntm__11ty-landing-page__42a060fad323/11ty-landing-page",
  "quality_pass": true,
  "repo_id": "ttntm__11ty-landing-page__42a060fad323",
  "skip_build": false,
  "skip_install": true,
  "state_capture": "scratchpad/solver_panel/output_pristine/slot_258/states/ttntm__11ty-landing-page__42a060fad323/state_capture.json",
  "states_dir": "scratchpad/solver_panel/output_pristine/slot_258/states/ttntm__11ty-landing-page__42a060fad323",
  "status": "passed"
}

--STDERR--
