{
  "capture": {
    "command": "node productwebbench/tools/playwright_capture.js scratchpad/solver_panel/output_pristine/slot_073/states/themewagon__cozastore__951062d13613/capture_config.json",
    "cwd": "scratchpad/solver_panel/output_pristine/slot_073/workspace/themewagon__cozastore__951062d13613/themewagon__cozastore__951062d13613",
    "duration_sec": 75.913,
    "exit_code": 0,
    "stderr_path": "scratchpad/solver_panel/output_pristine/slot_073/states/themewagon__cozastore__951062d13613/logs/capture.stderr.log",
    "stdout_path": "scratchpad/solver_panel/output_pristine/slot_073/states/themewagon__cozastore__951062d13613/logs/capture.stdout.log",
    "timed_out": false
  },
  "dev_server": {
    "command": "python3 -m http.server 3900 --bind 127.0.0.1",
    "message": "HTTP 200",
    "port": 3900,
    "ready": true
  },
  "failure_stage": null,
  "install_skipped_reason": "static_site_can_be_served_without_node_install",
  "project_root": "scratchpad/solver_panel/output_pristine/slot_073/workspace/themewagon__cozastore__951062d13613/themewagon__cozastore__951062d13613",
  "quality_pass": true,
  "repo_id": "themewagon__cozastore__951062d13613",
  "skip_build": false,
  "skip_install": true,
  "state_capture": "scratchpad/solver_panel/output_pristine/slot_073/states/themewagon__cozastore__951062d13613/state_capture.json",
  "states_dir": "scratchpad/solver_panel/output_pristine/slot_073/states/themewagon__cozastore__951062d13613",
  "status": "passed"
}

--STDERR--
