{
  "build": {
    "command": "npm run build",
    "cwd": "scratchpad/solver_panel/output_pristine/slot_046/workspace/matsuzaka-yuki__Mizuki__dc9bebfc0f96/Mizuki-dc9bebfc0f9636616e7caa72aff2610cfe4b2aab",
    "duration_sec": 35.993,
    "exit_code": 0,
    "stderr_path": "scratchpad/solver_panel/output_pristine/slot_046/states/matsuzaka-yuki__Mizuki__dc9bebfc0f96/logs/build.stderr.log",
    "stdout_path": "scratchpad/solver_panel/output_pristine/slot_046/states/matsuzaka-yuki__Mizuki__dc9bebfc0f96/logs/build.stdout.log",
    "timed_out": false
  },
  "capture": {
    "command": "node productwebbench/tools/playwright_capture.js scratchpad/solver_panel/output_pristine/slot_046/states/matsuzaka-yuki__Mizuki__dc9bebfc0f96/capture_config.json",
    "cwd": "scratchpad/solver_panel/output_pristine/slot_046/workspace/matsuzaka-yuki__Mizuki__dc9bebfc0f96/Mizuki-dc9bebfc0f9636616e7caa72aff2610cfe4b2aab",
    "duration_sec": 180.089,
    "exit_code": null,
    "stderr_path": "scratchpad/solver_panel/output_pristine/slot_046/states/matsuzaka-yuki__Mizuki__dc9bebfc0f96/logs/capture.stderr.log",
    "stdout_path": "scratchpad/solver_panel/output_pristine/slot_046/states/matsuzaka-yuki__Mizuki__dc9bebfc0f96/logs/capture.stdout.log",
    "timed_out": true
  },
  "dev_server": {
    "command": "python3 productwebbench/tools/static_server.py --directory dist 4400 --bind 127.0.0.1",
    "message": "HTTP 200",
    "port": 4400,
    "ready": true
  },
  "failure_stage": "capture",
  "project_root": "scratchpad/solver_panel/output_pristine/slot_046/workspace/matsuzaka-yuki__Mizuki__dc9bebfc0f96/Mizuki-dc9bebfc0f9636616e7caa72aff2610cfe4b2aab",
  "repo_id": "matsuzaka-yuki__Mizuki__dc9bebfc0f96",
  "skip_build": false,
  "skip_install": true,
  "states_dir": "scratchpad/solver_panel/output_pristine/slot_046/states/matsuzaka-yuki__Mizuki__dc9bebfc0f96",
  "status": "failed"
}

--STDERR--
