{
  "build": {
    "command": "npm run build",
    "cwd": "scratchpad/solver_panel/output_pristine/slot_030/workspace/ladunjexa__reactjs18-3d-portfolio__c62cc240b47b/reactjs18-3d-portfolio-c62cc240b47b",
    "duration_sec": 5.637,
    "exit_code": 0,
    "stderr_path": "scratchpad/solver_panel/output_pristine/slot_030/states/ladunjexa__reactjs18-3d-portfolio__c62cc240b47b/logs/build.stderr.log",
    "stdout_path": "scratchpad/solver_panel/output_pristine/slot_030/states/ladunjexa__reactjs18-3d-portfolio__c62cc240b47b/logs/build.stdout.log",
    "timed_out": false
  },
  "capture": {
    "command": "node productwebbench/tools/playwright_capture.js scratchpad/solver_panel/output_pristine/slot_030/states/ladunjexa__reactjs18-3d-portfolio__c62cc240b47b/capture_config.json",
    "cwd": "scratchpad/solver_panel/output_pristine/slot_030/workspace/ladunjexa__reactjs18-3d-portfolio__c62cc240b47b/reactjs18-3d-portfolio-c62cc240b47b",
    "duration_sec": 180.011,
    "exit_code": null,
    "stderr_path": "scratchpad/solver_panel/output_pristine/slot_030/states/ladunjexa__reactjs18-3d-portfolio__c62cc240b47b/logs/capture.stderr.log",
    "stdout_path": "scratchpad/solver_panel/output_pristine/slot_030/states/ladunjexa__reactjs18-3d-portfolio__c62cc240b47b/logs/capture.stdout.log",
    "timed_out": true
  },
  "dev_server": {
    "command": "python3 productwebbench/tools/static_server.py --directory dist 4400 --bind 127.0.0.1",
    "message": "HTTP 200",
    "port": 4400,
    "ready": true
  },
  "failure_stage": "capture",
  "project_root": "scratchpad/solver_panel/output_pristine/slot_030/workspace/ladunjexa__reactjs18-3d-portfolio__c62cc240b47b/reactjs18-3d-portfolio-c62cc240b47b",
  "repo_id": "ladunjexa__reactjs18-3d-portfolio__c62cc240b47b",
  "skip_build": false,
  "skip_install": true,
  "states_dir": "scratchpad/solver_panel/output_pristine/slot_030/states/ladunjexa__reactjs18-3d-portfolio__c62cc240b47b",
  "status": "failed"
}

--STDERR--
