{
  "capture": {
    "command": "node productwebbench/tools/playwright_capture.js scratchpad/solver_panel/output_pristine/slot_097/states/codrops__AmbientCanvasBackgrounds__56580245c946/capture_config.json",
    "cwd": "scratchpad/solver_panel/output_pristine/slot_097/workspace/codrops__AmbientCanvasBackgrounds__56580245c946/codrops__AmbientCanvasBackgrounds__56580245c946",
    "duration_sec": 31.824,
    "exit_code": 0,
    "stderr_path": "scratchpad/solver_panel/output_pristine/slot_097/states/codrops__AmbientCanvasBackgrounds__56580245c946/logs/capture.stderr.log",
    "stdout_path": "scratchpad/solver_panel/output_pristine/slot_097/states/codrops__AmbientCanvasBackgrounds__56580245c946/logs/capture.stdout.log",
    "timed_out": false
  },
  "dev_server": {
    "command": "python3 -m http.server 3100 --bind 127.0.0.1",
    "message": "HTTP 200",
    "port": 3100,
    "ready": true
  },
  "failure_stage": null,
  "install_skipped_reason": "static_site_can_be_served_without_node_install",
  "project_root": "scratchpad/solver_panel/output_pristine/slot_097/workspace/codrops__AmbientCanvasBackgrounds__56580245c946/codrops__AmbientCanvasBackgrounds__56580245c946",
  "quality_pass": true,
  "repo_id": "codrops__AmbientCanvasBackgrounds__56580245c946",
  "skip_build": false,
  "skip_install": true,
  "state_capture": "scratchpad/solver_panel/output_pristine/slot_097/states/codrops__AmbientCanvasBackgrounds__56580245c946/state_capture.json",
  "states_dir": "scratchpad/solver_panel/output_pristine/slot_097/states/codrops__AmbientCanvasBackgrounds__56580245c946",
  "status": "passed"
}

--STDERR--
