{
  "capture": {
    "command": "node productwebbench/tools/playwright_capture.js scratchpad/solver_panel/output_pristine/slot_182/states/JastinXyz__discord-bot-landing-page-web__913428649cd4/capture_config.json",
    "cwd": "scratchpad/solver_panel/output_pristine/slot_182/workspace/JastinXyz__discord-bot-landing-page-web__913428649cd4/discord-bot-landing-page-web-913428649cd4dcc17778306b6709a15930c84f9c",
    "duration_sec": 69.743,
    "exit_code": 0,
    "stderr_path": "scratchpad/solver_panel/output_pristine/slot_182/states/JastinXyz__discord-bot-landing-page-web__913428649cd4/logs/capture.stderr.log",
    "stdout_path": "scratchpad/solver_panel/output_pristine/slot_182/states/JastinXyz__discord-bot-landing-page-web__913428649cd4/logs/capture.stdout.log",
    "timed_out": false
  },
  "dev_server": {
    "command": "python3 -m http.server 3600 --bind 127.0.0.1",
    "message": "HTTP 200",
    "port": 3600,
    "ready": true
  },
  "failure_stage": null,
  "install_skipped_reason": "static_site_can_be_served_without_node_install",
  "project_root": "scratchpad/solver_panel/output_pristine/slot_182/workspace/JastinXyz__discord-bot-landing-page-web__913428649cd4/discord-bot-landing-page-web-913428649cd4dcc17778306b6709a15930c84f9c",
  "quality_pass": true,
  "repo_id": "JastinXyz__discord-bot-landing-page-web__913428649cd4",
  "skip_build": false,
  "skip_install": true,
  "state_capture": "scratchpad/solver_panel/output_pristine/slot_182/states/JastinXyz__discord-bot-landing-page-web__913428649cd4/state_capture.json",
  "states_dir": "scratchpad/solver_panel/output_pristine/slot_182/states/JastinXyz__discord-bot-landing-page-web__913428649cd4",
  "status": "passed"
}

--STDERR--
