{
  "capture": {
    "command": "node productwebbench/tools/playwright_capture.js scratchpad/solver_panel/output_pristine/slot_309/states/rajibchandrakarmaker__nion-admin__4bb302454e06/capture_config.json",
    "cwd": "scratchpad/solver_panel/output_pristine/slot_309/workspace/rajibchandrakarmaker__nion-admin__4bb302454e06/rajibchandrakarmaker__nion-admin__4bb302454e06",
    "duration_sec": 28.334,
    "exit_code": 0,
    "stderr_path": "scratchpad/solver_panel/output_pristine/slot_309/states/rajibchandrakarmaker__nion-admin__4bb302454e06/logs/capture.stderr.log",
    "stdout_path": "scratchpad/solver_panel/output_pristine/slot_309/states/rajibchandrakarmaker__nion-admin__4bb302454e06/logs/capture.stdout.log",
    "timed_out": false
  },
  "dev_server": {
    "command": "python3 -m http.server 4100 --bind 127.0.0.1",
    "message": "HTTP 200",
    "port": 4100,
    "ready": true
  },
  "failure_stage": null,
  "install_skipped_reason": "static_site_can_be_served_without_node_install",
  "project_root": "scratchpad/solver_panel/output_pristine/slot_309/workspace/rajibchandrakarmaker__nion-admin__4bb302454e06/rajibchandrakarmaker__nion-admin__4bb302454e06",
  "quality_pass": true,
  "repo_id": "rajibchandrakarmaker__nion-admin__4bb302454e06",
  "skip_build": false,
  "skip_install": true,
  "state_capture": "scratchpad/solver_panel/output_pristine/slot_309/states/rajibchandrakarmaker__nion-admin__4bb302454e06/state_capture.json",
  "states_dir": "scratchpad/solver_panel/output_pristine/slot_309/states/rajibchandrakarmaker__nion-admin__4bb302454e06",
  "status": "passed"
}

--STDERR--
