{
  "build": {
    "command": "corepack yarn build",
    "cwd": "scratchpad/solver_panel/output_pristine/slot_096/workspace/sharetribe__dev-docs__736e650d945b/dev-docs-736e650d945b05a5532c3a607b7147049a0c35aa",
    "duration_sec": 216.846,
    "exit_code": 0,
    "stderr_path": "scratchpad/solver_panel/output_pristine/slot_096/states/sharetribe__dev-docs__736e650d945b/logs/build.stderr.log",
    "stdout_path": "scratchpad/solver_panel/output_pristine/slot_096/states/sharetribe__dev-docs__736e650d945b/logs/build.stdout.log",
    "timed_out": false
  },
  "capture": {
    "command": "node productwebbench/tools/playwright_capture.js scratchpad/solver_panel/output_pristine/slot_096/states/sharetribe__dev-docs__736e650d945b/capture_config.json",
    "cwd": "scratchpad/solver_panel/output_pristine/slot_096/workspace/sharetribe__dev-docs__736e650d945b/dev-docs-736e650d945b05a5532c3a607b7147049a0c35aa",
    "duration_sec": 157.763,
    "exit_code": 0,
    "stderr_path": "scratchpad/solver_panel/output_pristine/slot_096/states/sharetribe__dev-docs__736e650d945b/logs/capture.stderr.log",
    "stdout_path": "scratchpad/solver_panel/output_pristine/slot_096/states/sharetribe__dev-docs__736e650d945b/logs/capture.stdout.log",
    "timed_out": false
  },
  "dev_server": {
    "command": "node scratchpad/solver_panel/output_pristine/slot_096/workspace/sharetribe__dev-docs__736e650d945b/dev-docs-736e650d945b05a5532c3a607b7147049a0c35aa/node_modules/next/dist/bin/next",
    "message": "HTTP 404",
    "port": 4600,
    "ready": true
  },
  "failure_stage": null,
  "project_root": "scratchpad/solver_panel/output_pristine/slot_096/workspace/sharetribe__dev-docs__736e650d945b/dev-docs-736e650d945b05a5532c3a607b7147049a0c35aa",
  "quality_pass": true,
  "repo_id": "sharetribe__dev-docs__736e650d945b",
  "skip_build": false,
  "skip_install": true,
  "state_capture": "scratchpad/solver_panel/output_pristine/slot_096/states/sharetribe__dev-docs__736e650d945b/state_capture.json",
  "states_dir": "scratchpad/solver_panel/output_pristine/slot_096/states/sharetribe__dev-docs__736e650d945b",
  "status": "passed"
}

--STDERR--
