{
  "capture": {
    "command": "node productwebbench/tools/playwright_capture.js scratchpad/solver_panel/output_pristine/slot_285/states/website-templates__webstudio_responsive-template__dbb498d9ee95/capture_config.json",
    "cwd": "scratchpad/solver_panel/output_pristine/slot_285/workspace/website-templates__webstudio_responsive-template__dbb498d9ee95/website-templates__webstudio_responsive-template__dbb498d9ee95",
    "duration_sec": 65.602,
    "exit_code": 0,
    "stderr_path": "scratchpad/solver_panel/output_pristine/slot_285/states/website-templates__webstudio_responsive-template__dbb498d9ee95/logs/capture.stderr.log",
    "stdout_path": "scratchpad/solver_panel/output_pristine/slot_285/states/website-templates__webstudio_responsive-template__dbb498d9ee95/logs/capture.stdout.log",
    "timed_out": false
  },
  "dev_server": {
    "command": "python3 -m http.server 3300 --bind 127.0.0.1",
    "message": "HTTP 200",
    "port": 3300,
    "ready": true
  },
  "failure_stage": null,
  "install_skipped_reason": "static_site_can_be_served_without_node_install",
  "project_root": "scratchpad/solver_panel/output_pristine/slot_285/workspace/website-templates__webstudio_responsive-template__dbb498d9ee95/website-templates__webstudio_responsive-template__dbb498d9ee95",
  "quality_pass": true,
  "repo_id": "website-templates__webstudio_responsive-template__dbb498d9ee95",
  "skip_build": false,
  "skip_install": true,
  "state_capture": "scratchpad/solver_panel/output_pristine/slot_285/states/website-templates__webstudio_responsive-template__dbb498d9ee95/state_capture.json",
  "states_dir": "scratchpad/solver_panel/output_pristine/slot_285/states/website-templates__webstudio_responsive-template__dbb498d9ee95",
  "status": "passed"
}

--STDERR--
