{
  "build": {
    "command": "npm run build",
    "cwd": "scratchpad/solver_panel/output_pristine/slot_164/workspace/hhhrrrttt222111__developer-portfolio__fbb3b053a617/developer-portfolio-fbb3b053a617abb946a36abb4af574182e57f4a2",
    "duration_sec": 72.277,
    "exit_code": 0,
    "stderr_path": "scratchpad/solver_panel/output_pristine/slot_164/states/hhhrrrttt222111__developer-portfolio__fbb3b053a617/logs/build.stderr.log",
    "stdout_path": "scratchpad/solver_panel/output_pristine/slot_164/states/hhhrrrttt222111__developer-portfolio__fbb3b053a617/logs/build.stdout.log",
    "timed_out": false
  },
  "capture": {
    "command": "node productwebbench/tools/playwright_capture.js scratchpad/solver_panel/output_pristine/slot_164/states/hhhrrrttt222111__developer-portfolio__fbb3b053a617/capture_config.json",
    "cwd": "scratchpad/solver_panel/output_pristine/slot_164/workspace/hhhrrrttt222111__developer-portfolio__fbb3b053a617/developer-portfolio-fbb3b053a617abb946a36abb4af574182e57f4a2",
    "duration_sec": 96.197,
    "exit_code": 0,
    "stderr_path": "scratchpad/solver_panel/output_pristine/slot_164/states/hhhrrrttt222111__developer-portfolio__fbb3b053a617/logs/capture.stderr.log",
    "stdout_path": "scratchpad/solver_panel/output_pristine/slot_164/states/hhhrrrttt222111__developer-portfolio__fbb3b053a617/logs/capture.stdout.log",
    "timed_out": false
  },
  "dev_server": {
    "command": "python3 productwebbench/tools/static_server.py --directory build 3400 --bind 127.0.0.1",
    "message": "HTTP 200",
    "port": 3400,
    "ready": true
  },
  "failure_stage": null,
  "project_root": "scratchpad/solver_panel/output_pristine/slot_164/workspace/hhhrrrttt222111__developer-portfolio__fbb3b053a617/developer-portfolio-fbb3b053a617abb946a36abb4af574182e57f4a2",
  "quality_pass": true,
  "repo_id": "hhhrrrttt222111__developer-portfolio__fbb3b053a617",
  "skip_build": false,
  "skip_install": true,
  "state_capture": "scratchpad/solver_panel/output_pristine/slot_164/states/hhhrrrttt222111__developer-portfolio__fbb3b053a617/state_capture.json",
  "states_dir": "scratchpad/solver_panel/output_pristine/slot_164/states/hhhrrrttt222111__developer-portfolio__fbb3b053a617",
  "status": "passed"
}

--STDERR--
