{
  "capture": {
    "command": "node productwebbench/tools/playwright_capture.js scratchpad/solver_panel/output_pristine/slot_289/states/radd__book-template__9cff78002525/capture_config.json",
    "cwd": "scratchpad/solver_panel/output_pristine/slot_289/workspace/radd__book-template__9cff78002525/book-template-9cff78002525328b7ed4f39aba171083bff8a385",
    "duration_sec": 42.016,
    "exit_code": 0,
    "stderr_path": "scratchpad/solver_panel/output_pristine/slot_289/states/radd__book-template__9cff78002525/logs/capture.stderr.log",
    "stdout_path": "scratchpad/solver_panel/output_pristine/slot_289/states/radd__book-template__9cff78002525/logs/capture.stdout.log",
    "timed_out": false
  },
  "dev_server": {
    "command": "python3 -m http.server 3700 --bind 127.0.0.1",
    "message": "HTTP 200",
    "port": 3700,
    "ready": true
  },
  "failure_stage": null,
  "install_skipped_reason": "static_site_can_be_served_without_node_install",
  "project_root": "scratchpad/solver_panel/output_pristine/slot_289/workspace/radd__book-template__9cff78002525/book-template-9cff78002525328b7ed4f39aba171083bff8a385",
  "quality_pass": true,
  "repo_id": "radd__book-template__9cff78002525",
  "skip_build": false,
  "skip_install": true,
  "state_capture": "scratchpad/solver_panel/output_pristine/slot_289/states/radd__book-template__9cff78002525/state_capture.json",
  "states_dir": "scratchpad/solver_panel/output_pristine/slot_289/states/radd__book-template__9cff78002525",
  "status": "passed"
}

--STDERR--
