{
  "dev_server": {
    "command": "node scratchpad/solver_panel/output_pristine/slot_230/workspace/nuxt-ui-templates__chat__ec435def9390/chat-ec435def93900f2b9e41489f2dd833cf0664f07e/node_modules/.pnpm/nuxt@4.4.6_@babel+plugin-syntax-jsx@7.28.6_@babel+core@7.29.0__@babel+plugin-syntax-typ_abe71fbf2185a70a541ca4b3e7104dd9/node_modules/nuxt/bin/nuxt.mjs dev --host 127.0.0.1 --port 4200",
    "message": "timed out",
    "port": 4200,
    "ready": false
  },
  "failure_stage": "dev_server",
  "prisma_generate": {
    "command": "npm run db:generate",
    "cwd": "scratchpad/solver_panel/output_pristine/slot_230/workspace/nuxt-ui-templates__chat__ec435def9390/chat-ec435def93900f2b9e41489f2dd833cf0664f07e",
    "duration_sec": 31.826,
    "exit_code": 0,
    "stderr_path": "scratchpad/solver_panel/output_pristine/slot_230/states/nuxt-ui-templates__chat__ec435def9390/logs/prisma_generate.stderr.log",
    "stdout_path": "scratchpad/solver_panel/output_pristine/slot_230/states/nuxt-ui-templates__chat__ec435def9390/logs/prisma_generate.stdout.log",
    "timed_out": false
  },
  "project_root": "scratchpad/solver_panel/output_pristine/slot_230/workspace/nuxt-ui-templates__chat__ec435def9390/chat-ec435def93900f2b9e41489f2dd833cf0664f07e",
  "repo_id": "nuxt-ui-templates__chat__ec435def9390",
  "skip_build": true,
  "skip_install": true,
  "states_dir": "scratchpad/solver_panel/output_pristine/slot_230/states/nuxt-ui-templates__chat__ec435def9390",
  "status": "failed"
}

--STDERR--
