{
  "build": {
    "command": "npm run build",
    "cwd": "scratchpad/solver_panel/output_pristine/slot_019/workspace/ColorlibHQ__AdminLTE__3c9e9f4547a8/AdminLTE-3c9e9f4547a8d15a2032335b18a4fa8ab7f0aa27",
    "duration_sec": 37.543,
    "exit_code": 0,
    "stderr_path": "scratchpad/solver_panel/output_pristine/slot_019/states/ColorlibHQ__AdminLTE__3c9e9f4547a8/logs/build.stderr.log",
    "stdout_path": "scratchpad/solver_panel/output_pristine/slot_019/states/ColorlibHQ__AdminLTE__3c9e9f4547a8/logs/build.stdout.log",
    "timed_out": false
  },
  "capture": {
    "command": "node productwebbench/tools/playwright_capture.js scratchpad/solver_panel/output_pristine/slot_019/states/ColorlibHQ__AdminLTE__3c9e9f4547a8/capture_config.json",
    "cwd": "scratchpad/solver_panel/output_pristine/slot_019/workspace/ColorlibHQ__AdminLTE__3c9e9f4547a8/AdminLTE-3c9e9f4547a8d15a2032335b18a4fa8ab7f0aa27",
    "duration_sec": 58.559,
    "exit_code": 0,
    "stderr_path": "scratchpad/solver_panel/output_pristine/slot_019/states/ColorlibHQ__AdminLTE__3c9e9f4547a8/logs/capture.stderr.log",
    "stdout_path": "scratchpad/solver_panel/output_pristine/slot_019/states/ColorlibHQ__AdminLTE__3c9e9f4547a8/logs/capture.stdout.log",
    "timed_out": false
  },
  "dev_server": {
    "command": "python3 productwebbench/tools/static_server.py --directory dist 3300 --bind 127.0.0.1",
    "message": "HTTP 200",
    "port": 3300,
    "ready": true
  },
  "failure_stage": null,
  "project_root": "scratchpad/solver_panel/output_pristine/slot_019/workspace/ColorlibHQ__AdminLTE__3c9e9f4547a8/AdminLTE-3c9e9f4547a8d15a2032335b18a4fa8ab7f0aa27",
  "quality_pass": true,
  "repo_id": "ColorlibHQ__AdminLTE__3c9e9f4547a8",
  "skip_build": false,
  "skip_install": true,
  "state_capture": "scratchpad/solver_panel/output_pristine/slot_019/states/ColorlibHQ__AdminLTE__3c9e9f4547a8/state_capture.json",
  "states_dir": "scratchpad/solver_panel/output_pristine/slot_019/states/ColorlibHQ__AdminLTE__3c9e9f4547a8",
  "status": "passed"
}

--STDERR--
