{
  "capture": {
    "command": "node productwebbench/tools/playwright_capture.js scratchpad/solver_panel/output_pristine/slot_114/states/themewagon__dental-pro__a9cb1d81bc0a/capture_config.json",
    "cwd": "scratchpad/solver_panel/output_pristine/slot_114/workspace/themewagon__dental-pro__a9cb1d81bc0a/dental-pro",
    "duration_sec": 106.631,
    "exit_code": 0,
    "stderr_path": "scratchpad/solver_panel/output_pristine/slot_114/states/themewagon__dental-pro__a9cb1d81bc0a/logs/capture.stderr.log",
    "stdout_path": "scratchpad/solver_panel/output_pristine/slot_114/states/themewagon__dental-pro__a9cb1d81bc0a/logs/capture.stdout.log",
    "timed_out": false
  },
  "dev_server": {
    "command": "python3 productwebbench/tools/static_server.py --directory public 3200 --bind 127.0.0.1",
    "message": "HTTP 200",
    "port": 3200,
    "ready": true
  },
  "failure_stage": null,
  "install_skipped_reason": "static_site_can_be_served_without_node_install",
  "project_root": "scratchpad/solver_panel/output_pristine/slot_114/workspace/themewagon__dental-pro__a9cb1d81bc0a/dental-pro",
  "quality_pass": true,
  "repo_id": "themewagon__dental-pro__a9cb1d81bc0a",
  "skip_build": false,
  "skip_install": true,
  "state_capture": "scratchpad/solver_panel/output_pristine/slot_114/states/themewagon__dental-pro__a9cb1d81bc0a/state_capture.json",
  "states_dir": "scratchpad/solver_panel/output_pristine/slot_114/states/themewagon__dental-pro__a9cb1d81bc0a",
  "status": "passed"
}

--STDERR--
