{
  "build": {
    "command": "corepack yarn run build",
    "cwd": "scratchpad/solver_panel/output_pristine/slot_180/workspace/RSurya99__nefa__2714a64e2ee8b6ccf7efbc8a6d551f5188c8ec06/nefa-2714a64e2ee8b6ccf7efbc8a6d551f5188c8ec06",
    "duration_sec": 36.635,
    "exit_code": 0,
    "stderr_path": "scratchpad/solver_panel/output_pristine/slot_180/states/RSurya99__nefa__2714a64e2ee8b6ccf7efbc8a6d551f5188c8ec06/logs/build.stderr.log",
    "stdout_path": "scratchpad/solver_panel/output_pristine/slot_180/states/RSurya99__nefa__2714a64e2ee8b6ccf7efbc8a6d551f5188c8ec06/logs/build.stdout.log",
    "timed_out": false
  },
  "capture": {
    "command": "node productwebbench/tools/playwright_capture.js scratchpad/solver_panel/output_pristine/slot_180/states/RSurya99__nefa__2714a64e2ee8b6ccf7efbc8a6d551f5188c8ec06/capture_config.json",
    "cwd": "scratchpad/solver_panel/output_pristine/slot_180/workspace/RSurya99__nefa__2714a64e2ee8b6ccf7efbc8a6d551f5188c8ec06/nefa-2714a64e2ee8b6ccf7efbc8a6d551f5188c8ec06",
    "duration_sec": 180.061,
    "exit_code": null,
    "stderr_path": "scratchpad/solver_panel/output_pristine/slot_180/states/RSurya99__nefa__2714a64e2ee8b6ccf7efbc8a6d551f5188c8ec06/logs/capture.stderr.log",
    "stdout_path": "scratchpad/solver_panel/output_pristine/slot_180/states/RSurya99__nefa__2714a64e2ee8b6ccf7efbc8a6d551f5188c8ec06/logs/capture.stdout.log",
    "timed_out": true
  },
  "dev_server": {
    "command": "node scratchpad/solver_panel/output_pristine/slot_180/workspace/RSurya99__nefa__2714a64e2ee8b6ccf7efbc8a6d551f5188c8ec06/nefa-2714a64e2ee8b6ccf7efbc8a6d551f5188c8ec06/node_modules/nuxt/bin/nuxt.js --host 127.0.0.1 --port 3400",
    "message": "HTTP 200",
    "port": 3400,
    "ready": true
  },
  "failure_stage": "capture",
  "project_root": "scratchpad/solver_panel/output_pristine/slot_180/workspace/RSurya99__nefa__2714a64e2ee8b6ccf7efbc8a6d551f5188c8ec06/nefa-2714a64e2ee8b6ccf7efbc8a6d551f5188c8ec06",
  "repo_id": "RSurya99__nefa__2714a64e2ee8b6ccf7efbc8a6d551f5188c8ec06",
  "skip_build": false,
  "skip_install": true,
  "states_dir": "scratchpad/solver_panel/output_pristine/slot_180/states/RSurya99__nefa__2714a64e2ee8b6ccf7efbc8a6d551f5188c8ec06",
  "status": "failed"
}

--STDERR--
