{
  "capture": {
    "command": "node productwebbench/tools/playwright_capture.js scratchpad/solver_panel/output_pristine/slot_295/states/nisarhassan12__portfolio-template__f3ed88590be4/capture_config.json",
    "cwd": "scratchpad/solver_panel/output_pristine/slot_295/workspace/nisarhassan12__portfolio-template__f3ed88590be4/nisarhassan12__portfolio-template__f3ed88590be4",
    "duration_sec": 75.049,
    "exit_code": 0,
    "stderr_path": "scratchpad/solver_panel/output_pristine/slot_295/states/nisarhassan12__portfolio-template__f3ed88590be4/logs/capture.stderr.log",
    "stdout_path": "scratchpad/solver_panel/output_pristine/slot_295/states/nisarhassan12__portfolio-template__f3ed88590be4/logs/capture.stdout.log",
    "timed_out": false
  },
  "dev_server": {
    "command": "python3 -m http.server 4300 --bind 127.0.0.1",
    "message": "HTTP 200",
    "port": 4300,
    "ready": true
  },
  "failure_stage": null,
  "install_skipped_reason": "static_site_can_be_served_without_node_install",
  "project_root": "scratchpad/solver_panel/output_pristine/slot_295/workspace/nisarhassan12__portfolio-template__f3ed88590be4/nisarhassan12__portfolio-template__f3ed88590be4",
  "quality_pass": true,
  "repo_id": "nisarhassan12__portfolio-template__f3ed88590be4",
  "skip_build": false,
  "skip_install": true,
  "state_capture": "scratchpad/solver_panel/output_pristine/slot_295/states/nisarhassan12__portfolio-template__f3ed88590be4/state_capture.json",
  "states_dir": "scratchpad/solver_panel/output_pristine/slot_295/states/nisarhassan12__portfolio-template__f3ed88590be4",
  "status": "passed"
}

--STDERR--
