{
  "build": {
    "command": "npm run build",
    "cwd": "scratchpad/solver_panel/output_pristine/slot_276/workspace/guangzhengli__nextjs-blog-template__c7f6154aa083/nextjs-blog-template-c7f6154aa0834c8e2725d1ecdef3f81925dd28a6",
    "duration_sec": 30.779,
    "exit_code": 0,
    "stderr_path": "scratchpad/solver_panel/output_pristine/slot_276/states/guangzhengli__nextjs-blog-template__c7f6154aa083/logs/build.stderr.log",
    "stdout_path": "scratchpad/solver_panel/output_pristine/slot_276/states/guangzhengli__nextjs-blog-template__c7f6154aa083/logs/build.stdout.log",
    "timed_out": false
  },
  "capture": {
    "command": "node productwebbench/tools/playwright_capture.js scratchpad/solver_panel/output_pristine/slot_276/states/guangzhengli__nextjs-blog-template__c7f6154aa083/capture_config.json",
    "cwd": "scratchpad/solver_panel/output_pristine/slot_276/workspace/guangzhengli__nextjs-blog-template__c7f6154aa083/nextjs-blog-template-c7f6154aa0834c8e2725d1ecdef3f81925dd28a6",
    "duration_sec": 85.636,
    "exit_code": 0,
    "stderr_path": "scratchpad/solver_panel/output_pristine/slot_276/states/guangzhengli__nextjs-blog-template__c7f6154aa083/logs/capture.stderr.log",
    "stdout_path": "scratchpad/solver_panel/output_pristine/slot_276/states/guangzhengli__nextjs-blog-template__c7f6154aa083/logs/capture.stdout.log",
    "timed_out": false
  },
  "dev_server": {
    "command": "npm run start -- --hostname 127.0.0.1 --port 4000",
    "message": "HTTP 200",
    "port": 4000,
    "ready": true
  },
  "failure_stage": null,
  "project_root": "scratchpad/solver_panel/output_pristine/slot_276/workspace/guangzhengli__nextjs-blog-template__c7f6154aa083/nextjs-blog-template-c7f6154aa0834c8e2725d1ecdef3f81925dd28a6",
  "quality_pass": true,
  "repo_id": "guangzhengli__nextjs-blog-template__c7f6154aa083",
  "skip_build": false,
  "skip_install": true,
  "state_capture": "scratchpad/solver_panel/output_pristine/slot_276/states/guangzhengli__nextjs-blog-template__c7f6154aa083/state_capture.json",
  "states_dir": "scratchpad/solver_panel/output_pristine/slot_276/states/guangzhengli__nextjs-blog-template__c7f6154aa083",
  "status": "passed"
}

--STDERR--
