{
  "capture": {
    "command": "node productwebbench/tools/playwright_capture.js scratchpad/solver_panel/output_pristine/slot_010/states/xizon__fullstack-nextjs-app-template__617fe20c3453/capture_config.json",
    "cwd": "scratchpad/solver_panel/output_pristine/slot_010/workspace/xizon__fullstack-nextjs-app-template__617fe20c3453/fullstack-nextjs-app-template-617fe20c345360c32a1da5b79a813880bdf6cca0",
    "duration_sec": 91.043,
    "exit_code": 0,
    "stderr_path": "scratchpad/solver_panel/output_pristine/slot_010/states/xizon__fullstack-nextjs-app-template__617fe20c3453/logs/capture.stderr.log",
    "stdout_path": "scratchpad/solver_panel/output_pristine/slot_010/states/xizon__fullstack-nextjs-app-template__617fe20c3453/logs/capture.stdout.log",
    "timed_out": false
  },
  "dev_server": {
    "command": "npm run dev -- --hostname 127.0.0.1 --port 3000",
    "message": "HTTP 200",
    "port": 3000,
    "ready": true
  },
  "failure_stage": null,
  "project_root": "scratchpad/solver_panel/output_pristine/slot_010/workspace/xizon__fullstack-nextjs-app-template__617fe20c3453/fullstack-nextjs-app-template-617fe20c345360c32a1da5b79a813880bdf6cca0",
  "quality_pass": true,
  "repo_id": "xizon__fullstack-nextjs-app-template__617fe20c3453",
  "skip_build": true,
  "skip_install": true,
  "state_capture": "scratchpad/solver_panel/output_pristine/slot_010/states/xizon__fullstack-nextjs-app-template__617fe20c3453/state_capture.json",
  "states_dir": "scratchpad/solver_panel/output_pristine/slot_010/states/xizon__fullstack-nextjs-app-template__617fe20c3453",
  "status": "passed"
}

--STDERR--
