{
  "capture": {
    "command": "node productwebbench/tools/playwright_capture.js scratchpad/solver_panel/output_pristine/slot_294/states/jeyla-danishyanabuzar__Music-Blog-Website-Template__07df8c9b8c28/capture_config.json",
    "cwd": "scratchpad/solver_panel/output_pristine/slot_294/workspace/jeyla-danishyanabuzar__Music-Blog-Website-Template__07df8c9b8c28/Music-Blog-Website-Template-07df8c9b8c28adbbacd45a566cf0eefff7810f3b",
    "duration_sec": 180.012,
    "exit_code": null,
    "stderr_path": "scratchpad/solver_panel/output_pristine/slot_294/states/jeyla-danishyanabuzar__Music-Blog-Website-Template__07df8c9b8c28/logs/capture.stderr.log",
    "stdout_path": "scratchpad/solver_panel/output_pristine/slot_294/states/jeyla-danishyanabuzar__Music-Blog-Website-Template__07df8c9b8c28/logs/capture.stdout.log",
    "timed_out": true
  },
  "dev_server": {
    "command": "python3 -m http.server 4200 --bind 127.0.0.1",
    "message": "HTTP 200",
    "port": 4200,
    "ready": true
  },
  "failure_stage": "capture",
  "install_skipped_reason": "static_site_can_be_served_without_node_install",
  "project_root": "scratchpad/solver_panel/output_pristine/slot_294/workspace/jeyla-danishyanabuzar__Music-Blog-Website-Template__07df8c9b8c28/Music-Blog-Website-Template-07df8c9b8c28adbbacd45a566cf0eefff7810f3b",
  "repo_id": "jeyla-danishyanabuzar__Music-Blog-Website-Template__07df8c9b8c28",
  "skip_build": false,
  "skip_install": true,
  "states_dir": "scratchpad/solver_panel/output_pristine/slot_294/states/jeyla-danishyanabuzar__Music-Blog-Website-Template__07df8c9b8c28",
  "status": "failed"
}

--STDERR--
