{
  "capture": {
    "command": "node productwebbench/tools/playwright_capture.js scratchpad/solver_panel/output_pristine/slot_313/states/DesignRevision__shards-dashboard__525efdca736a/capture_config.json",
    "cwd": "scratchpad/solver_panel/output_pristine/slot_313/workspace/DesignRevision__shards-dashboard__525efdca736a/shards-dashboard-525efdca736a2203b8c3e5f8f64c766841e71c57",
    "duration_sec": 29.507,
    "exit_code": 0,
    "stderr_path": "scratchpad/solver_panel/output_pristine/slot_313/states/DesignRevision__shards-dashboard__525efdca736a/logs/capture.stderr.log",
    "stdout_path": "scratchpad/solver_panel/output_pristine/slot_313/states/DesignRevision__shards-dashboard__525efdca736a/logs/capture.stdout.log",
    "timed_out": false
  },
  "dev_server": {
    "command": "python3 -m http.server 4500 --bind 127.0.0.1",
    "message": "HTTP 200",
    "port": 4500,
    "ready": true
  },
  "failure_stage": null,
  "install_skipped_reason": "static_site_can_be_served_without_node_install",
  "project_root": "scratchpad/solver_panel/output_pristine/slot_313/workspace/DesignRevision__shards-dashboard__525efdca736a/shards-dashboard-525efdca736a2203b8c3e5f8f64c766841e71c57",
  "quality_pass": true,
  "repo_id": "DesignRevision__shards-dashboard__525efdca736a",
  "skip_build": false,
  "skip_install": true,
  "state_capture": "scratchpad/solver_panel/output_pristine/slot_313/states/DesignRevision__shards-dashboard__525efdca736a/state_capture.json",
  "states_dir": "scratchpad/solver_panel/output_pristine/slot_313/states/DesignRevision__shards-dashboard__525efdca736a",
  "status": "passed"
}

--STDERR--
