{
  "capture": {
    "command": "node productwebbench/tools/playwright_capture.js scratchpad/solver_panel/output_pristine/slot_018/states/NextAdminHQ__nextjs-admin-dashboard__8913468e1d00/capture_config.json",
    "cwd": "scratchpad/solver_panel/output_pristine/slot_018/workspace/NextAdminHQ__nextjs-admin-dashboard__8913468e1d00/NextAdminHQ__nextjs-admin-dashboard__8913468e1d00",
    "duration_sec": 123.327,
    "exit_code": 0,
    "stderr_path": "scratchpad/solver_panel/output_pristine/slot_018/states/NextAdminHQ__nextjs-admin-dashboard__8913468e1d00/logs/capture.stderr.log",
    "stdout_path": "scratchpad/solver_panel/output_pristine/slot_018/states/NextAdminHQ__nextjs-admin-dashboard__8913468e1d00/logs/capture.stdout.log",
    "timed_out": false
  },
  "dev_server": {
    "command": "node scratchpad/solver_panel/output_pristine/slot_018/workspace/NextAdminHQ__nextjs-admin-dashboard__8913468e1d00/NextAdminHQ__nextjs-admin-dashboard__8913468e1d00/node_modules/next/dist/bin/next dev --hostname 127.0.0.1 --port 3200",
    "message": "HTTP 200",
    "port": 3200,
    "ready": true
  },
  "failure_stage": null,
  "project_root": "scratchpad/solver_panel/output_pristine/slot_018/workspace/NextAdminHQ__nextjs-admin-dashboard__8913468e1d00/NextAdminHQ__nextjs-admin-dashboard__8913468e1d00",
  "quality_pass": true,
  "repo_id": "NextAdminHQ__nextjs-admin-dashboard__8913468e1d00",
  "skip_build": true,
  "skip_install": true,
  "state_capture": "scratchpad/solver_panel/output_pristine/slot_018/states/NextAdminHQ__nextjs-admin-dashboard__8913468e1d00/state_capture.json",
  "states_dir": "scratchpad/solver_panel/output_pristine/slot_018/states/NextAdminHQ__nextjs-admin-dashboard__8913468e1d00",
  "status": "passed"
}

--STDERR--
