{
  "build": {
    "command": "npm run build",
    "cwd": "scratchpad/solver_panel/output_pristine/slot_167/workspace/JustGoodUI__ovidius-astro-theme__6731b180d99e190244f8fd11ebc8ca205219a257/ovidius-astro-theme",
    "duration_sec": 11.605,
    "exit_code": 0,
    "stderr_path": "scratchpad/solver_panel/output_pristine/slot_167/states/JustGoodUI__ovidius-astro-theme__6731b180d99e190244f8fd11ebc8ca205219a257/logs/build.stderr.log",
    "stdout_path": "scratchpad/solver_panel/output_pristine/slot_167/states/JustGoodUI__ovidius-astro-theme__6731b180d99e190244f8fd11ebc8ca205219a257/logs/build.stdout.log",
    "timed_out": false
  },
  "capture": {
    "command": "node productwebbench/tools/playwright_capture.js scratchpad/solver_panel/output_pristine/slot_167/states/JustGoodUI__ovidius-astro-theme__6731b180d99e190244f8fd11ebc8ca205219a257/capture_config.json",
    "cwd": "scratchpad/solver_panel/output_pristine/slot_167/workspace/JustGoodUI__ovidius-astro-theme__6731b180d99e190244f8fd11ebc8ca205219a257/ovidius-astro-theme",
    "duration_sec": 102.475,
    "exit_code": 0,
    "stderr_path": "scratchpad/solver_panel/output_pristine/slot_167/states/JustGoodUI__ovidius-astro-theme__6731b180d99e190244f8fd11ebc8ca205219a257/logs/capture.stderr.log",
    "stdout_path": "scratchpad/solver_panel/output_pristine/slot_167/states/JustGoodUI__ovidius-astro-theme__6731b180d99e190244f8fd11ebc8ca205219a257/logs/capture.stdout.log",
    "timed_out": false
  },
  "dev_server": {
    "command": "python3 productwebbench/tools/static_server.py --directory dist 3700 --bind 127.0.0.1",
    "message": "HTTP 200",
    "port": 3700,
    "ready": true
  },
  "failure_stage": null,
  "project_root": "scratchpad/solver_panel/output_pristine/slot_167/workspace/JustGoodUI__ovidius-astro-theme__6731b180d99e190244f8fd11ebc8ca205219a257/ovidius-astro-theme",
  "quality_pass": true,
  "repo_id": "JustGoodUI__ovidius-astro-theme__6731b180d99e190244f8fd11ebc8ca205219a257",
  "skip_build": false,
  "skip_install": true,
  "state_capture": "scratchpad/solver_panel/output_pristine/slot_167/states/JustGoodUI__ovidius-astro-theme__6731b180d99e190244f8fd11ebc8ca205219a257/state_capture.json",
  "states_dir": "scratchpad/solver_panel/output_pristine/slot_167/states/JustGoodUI__ovidius-astro-theme__6731b180d99e190244f8fd11ebc8ca205219a257",
  "status": "passed"
}

--STDERR--
