{
  "build": {
    "command": "npm run build",
    "cwd": "scratchpad/solver_panel/output_pristine/slot_105/workspace/StartBootstrap__startbootstrap-clean-blog__1ebc4f8f3b61/startbootstrap-clean-blog-1ebc4f8f3b6194335df237a2a7837955a5a4a9aa",
    "duration_sec": 4.24,
    "exit_code": 0,
    "stderr_path": "scratchpad/solver_panel/output_pristine/slot_105/states/StartBootstrap__startbootstrap-clean-blog__1ebc4f8f3b61/logs/build.stderr.log",
    "stdout_path": "scratchpad/solver_panel/output_pristine/slot_105/states/StartBootstrap__startbootstrap-clean-blog__1ebc4f8f3b61/logs/build.stdout.log",
    "timed_out": false
  },
  "capture": {
    "command": "node productwebbench/tools/playwright_capture.js scratchpad/solver_panel/output_pristine/slot_105/states/StartBootstrap__startbootstrap-clean-blog__1ebc4f8f3b61/capture_config.json",
    "cwd": "scratchpad/solver_panel/output_pristine/slot_105/workspace/StartBootstrap__startbootstrap-clean-blog__1ebc4f8f3b61/startbootstrap-clean-blog-1ebc4f8f3b6194335df237a2a7837955a5a4a9aa",
    "duration_sec": 35.2,
    "exit_code": 0,
    "stderr_path": "scratchpad/solver_panel/output_pristine/slot_105/states/StartBootstrap__startbootstrap-clean-blog__1ebc4f8f3b61/logs/capture.stderr.log",
    "stdout_path": "scratchpad/solver_panel/output_pristine/slot_105/states/StartBootstrap__startbootstrap-clean-blog__1ebc4f8f3b61/logs/capture.stdout.log",
    "timed_out": false
  },
  "dev_server": {
    "command": "python3 productwebbench/tools/static_server.py --directory dist 3900 --bind 127.0.0.1",
    "message": "HTTP 200",
    "port": 3900,
    "ready": true
  },
  "failure_stage": null,
  "project_root": "scratchpad/solver_panel/output_pristine/slot_105/workspace/StartBootstrap__startbootstrap-clean-blog__1ebc4f8f3b61/startbootstrap-clean-blog-1ebc4f8f3b6194335df237a2a7837955a5a4a9aa",
  "quality_pass": true,
  "repo_id": "StartBootstrap__startbootstrap-clean-blog__1ebc4f8f3b61",
  "skip_build": false,
  "skip_install": true,
  "state_capture": "scratchpad/solver_panel/output_pristine/slot_105/states/StartBootstrap__startbootstrap-clean-blog__1ebc4f8f3b61/state_capture.json",
  "states_dir": "scratchpad/solver_panel/output_pristine/slot_105/states/StartBootstrap__startbootstrap-clean-blog__1ebc4f8f3b61",
  "status": "passed"
}

--STDERR--
