{
  "capture": {
    "command": "node productwebbench/tools/playwright_capture.js scratchpad/solver_panel/output_pristine/slot_268/states/adminkit__adminkit__8bec770d0a93/capture_config.json",
    "cwd": "scratchpad/solver_panel/output_pristine/slot_268/workspace/adminkit__adminkit__8bec770d0a93/adminkit-8bec770d0a93474585c6ad46166b5e8f823eb4b1",
    "duration_sec": 75.428,
    "exit_code": 0,
    "stderr_path": "scratchpad/solver_panel/output_pristine/slot_268/states/adminkit__adminkit__8bec770d0a93/logs/capture.stderr.log",
    "stdout_path": "scratchpad/solver_panel/output_pristine/slot_268/states/adminkit__adminkit__8bec770d0a93/logs/capture.stdout.log",
    "timed_out": false
  },
  "dev_server": {
    "command": "python3 productwebbench/tools/static_server.py --directory static 3200 --bind 127.0.0.1",
    "message": "HTTP 200",
    "port": 3200,
    "ready": true
  },
  "failure_stage": null,
  "install_skipped_reason": "static_site_can_be_served_without_node_install",
  "project_root": "scratchpad/solver_panel/output_pristine/slot_268/workspace/adminkit__adminkit__8bec770d0a93/adminkit-8bec770d0a93474585c6ad46166b5e8f823eb4b1",
  "quality_pass": true,
  "repo_id": "adminkit__adminkit__8bec770d0a93",
  "skip_build": true,
  "skip_install": true,
  "state_capture": "scratchpad/solver_panel/output_pristine/slot_268/states/adminkit__adminkit__8bec770d0a93/state_capture.json",
  "states_dir": "scratchpad/solver_panel/output_pristine/slot_268/states/adminkit__adminkit__8bec770d0a93",
  "status": "passed"
}

--STDERR--
