{
  "build": {
    "command": "npm run build",
    "cwd": "scratchpad/solver_panel/output_pristine/slot_051/workspace/website-templates__marketing-agency_one-page-template__bf943d94a03c/website-templates__marketing-agency_one-page-template__bf943d94a03c",
    "duration_sec": 0.435,
    "exit_code": 0,
    "stderr_path": "scratchpad/solver_panel/output_pristine/slot_051/states/website-templates__marketing-agency_one-page-template__bf943d94a03c/logs/build.stderr.log",
    "stdout_path": "scratchpad/solver_panel/output_pristine/slot_051/states/website-templates__marketing-agency_one-page-template__bf943d94a03c/logs/build.stdout.log",
    "timed_out": false
  },
  "capture": {
    "command": "node productwebbench/tools/playwright_capture.js scratchpad/solver_panel/output_pristine/slot_051/states/website-templates__marketing-agency_one-page-template__bf943d94a03c/capture_config.json",
    "cwd": "scratchpad/solver_panel/output_pristine/slot_051/workspace/website-templates__marketing-agency_one-page-template__bf943d94a03c/website-templates__marketing-agency_one-page-template__bf943d94a03c",
    "duration_sec": 132.225,
    "exit_code": 0,
    "stderr_path": "scratchpad/solver_panel/output_pristine/slot_051/states/website-templates__marketing-agency_one-page-template__bf943d94a03c/logs/capture.stderr.log",
    "stdout_path": "scratchpad/solver_panel/output_pristine/slot_051/states/website-templates__marketing-agency_one-page-template__bf943d94a03c/logs/capture.stdout.log",
    "timed_out": false
  },
  "dev_server": {
    "command": "python3 -m http.server 3300 --bind 127.0.0.1",
    "message": "HTTP 200",
    "port": 3300,
    "ready": true
  },
  "failure_stage": null,
  "project_root": "scratchpad/solver_panel/output_pristine/slot_051/workspace/website-templates__marketing-agency_one-page-template__bf943d94a03c/website-templates__marketing-agency_one-page-template__bf943d94a03c",
  "quality_pass": true,
  "repo_id": "website-templates__marketing-agency_one-page-template__bf943d94a03c",
  "skip_build": false,
  "skip_install": true,
  "state_capture": "scratchpad/solver_panel/output_pristine/slot_051/states/website-templates__marketing-agency_one-page-template__bf943d94a03c/state_capture.json",
  "states_dir": "scratchpad/solver_panel/output_pristine/slot_051/states/website-templates__marketing-agency_one-page-template__bf943d94a03c",
  "status": "passed"
}

--STDERR--
