{
  "build": {
    "command": "npm run build",
    "cwd": "scratchpad/solver_panel/output_pristine/slot_091/workspace/mckaywrigley__ai-code-translator__c7c9b71d6cbc/ai-code-translator-c7c9b71d6cbcf623f306779ac85943e8076cde86",
    "duration_sec": 15.048,
    "exit_code": 0,
    "stderr_path": "scratchpad/solver_panel/output_pristine/slot_091/states/mckaywrigley__ai-code-translator__c7c9b71d6cbc/logs/build.stderr.log",
    "stdout_path": "scratchpad/solver_panel/output_pristine/slot_091/states/mckaywrigley__ai-code-translator__c7c9b71d6cbc/logs/build.stdout.log",
    "timed_out": false
  },
  "capture": {
    "command": "node productwebbench/tools/playwright_capture.js scratchpad/solver_panel/output_pristine/slot_091/states/mckaywrigley__ai-code-translator__c7c9b71d6cbc/capture_config.json",
    "cwd": "scratchpad/solver_panel/output_pristine/slot_091/workspace/mckaywrigley__ai-code-translator__c7c9b71d6cbc/ai-code-translator-c7c9b71d6cbcf623f306779ac85943e8076cde86",
    "duration_sec": 180.013,
    "exit_code": null,
    "stderr_path": "scratchpad/solver_panel/output_pristine/slot_091/states/mckaywrigley__ai-code-translator__c7c9b71d6cbc/logs/capture.stderr.log",
    "stdout_path": "scratchpad/solver_panel/output_pristine/slot_091/states/mckaywrigley__ai-code-translator__c7c9b71d6cbc/logs/capture.stdout.log",
    "timed_out": true
  },
  "dev_server": {
    "command": "npm run start -- --hostname 127.0.0.1 --port 4100",
    "message": "HTTP 200",
    "port": 4100,
    "ready": true
  },
  "failure_stage": "capture",
  "project_root": "scratchpad/solver_panel/output_pristine/slot_091/workspace/mckaywrigley__ai-code-translator__c7c9b71d6cbc/ai-code-translator-c7c9b71d6cbcf623f306779ac85943e8076cde86",
  "repo_id": "mckaywrigley__ai-code-translator__c7c9b71d6cbc",
  "skip_build": false,
  "skip_install": true,
  "states_dir": "scratchpad/solver_panel/output_pristine/slot_091/states/mckaywrigley__ai-code-translator__c7c9b71d6cbc",
  "status": "failed"
}

--STDERR--
