{
  "capture": {
    "command": "node productwebbench/tools/playwright_capture.js scratchpad/solver_panel/output_pristine/slot_095/states/codrops__ProductComparison__0d4040cc1299/capture_config.json",
    "cwd": "scratchpad/solver_panel/output_pristine/slot_095/workspace/codrops__ProductComparison__0d4040cc1299/codrops__ProductComparison__0d4040cc1299",
    "duration_sec": 69.946,
    "exit_code": 0,
    "stderr_path": "scratchpad/solver_panel/output_pristine/slot_095/states/codrops__ProductComparison__0d4040cc1299/logs/capture.stderr.log",
    "stdout_path": "scratchpad/solver_panel/output_pristine/slot_095/states/codrops__ProductComparison__0d4040cc1299/logs/capture.stdout.log",
    "timed_out": false
  },
  "dev_server": {
    "command": "python3 -m http.server 4500 --bind 127.0.0.1",
    "message": "HTTP 200",
    "port": 4500,
    "ready": true
  },
  "failure_stage": null,
  "install_skipped_reason": "static_site_can_be_served_without_node_install",
  "project_root": "scratchpad/solver_panel/output_pristine/slot_095/workspace/codrops__ProductComparison__0d4040cc1299/codrops__ProductComparison__0d4040cc1299",
  "quality_pass": true,
  "repo_id": "codrops__ProductComparison__0d4040cc1299",
  "skip_build": false,
  "skip_install": true,
  "state_capture": "scratchpad/solver_panel/output_pristine/slot_095/states/codrops__ProductComparison__0d4040cc1299/state_capture.json",
  "states_dir": "scratchpad/solver_panel/output_pristine/slot_095/states/codrops__ProductComparison__0d4040cc1299",
  "status": "passed"
}

--STDERR--
