{
  "build": {
    "command": "npm run build",
    "cwd": "scratchpad/solver_panel/output_pristine/slot_090/workspace/adminmart__Matdash-vuetify-free__5486f500d01f/Matdash-vuetify-free-5486f500d01f5044d7964ccee6632d69a705a1f2/package",
    "duration_sec": 55.54,
    "exit_code": 0,
    "stderr_path": "scratchpad/solver_panel/output_pristine/slot_090/states/adminmart__Matdash-vuetify-free__5486f500d01f/logs/build.stderr.log",
    "stdout_path": "scratchpad/solver_panel/output_pristine/slot_090/states/adminmart__Matdash-vuetify-free__5486f500d01f/logs/build.stdout.log",
    "timed_out": false
  },
  "capture": {
    "command": "node productwebbench/tools/playwright_capture.js scratchpad/solver_panel/output_pristine/slot_090/states/adminmart__Matdash-vuetify-free__5486f500d01f/capture_config.json",
    "cwd": "scratchpad/solver_panel/output_pristine/slot_090/workspace/adminmart__Matdash-vuetify-free__5486f500d01f/Matdash-vuetify-free-5486f500d01f5044d7964ccee6632d69a705a1f2/package",
    "duration_sec": 180.018,
    "exit_code": null,
    "stderr_path": "scratchpad/solver_panel/output_pristine/slot_090/states/adminmart__Matdash-vuetify-free__5486f500d01f/logs/capture.stderr.log",
    "stdout_path": "scratchpad/solver_panel/output_pristine/slot_090/states/adminmart__Matdash-vuetify-free__5486f500d01f/logs/capture.stdout.log",
    "timed_out": true
  },
  "dev_server": {
    "command": "python3 productwebbench/tools/static_server.py --directory dist 4000 --bind 127.0.0.1",
    "message": "HTTP 200",
    "port": 4000,
    "ready": true
  },
  "failure_stage": "capture",
  "project_root": "scratchpad/solver_panel/output_pristine/slot_090/workspace/adminmart__Matdash-vuetify-free__5486f500d01f/Matdash-vuetify-free-5486f500d01f5044d7964ccee6632d69a705a1f2/package",
  "repo_id": "adminmart__Matdash-vuetify-free__5486f500d01f",
  "skip_build": false,
  "skip_install": true,
  "states_dir": "scratchpad/solver_panel/output_pristine/slot_090/states/adminmart__Matdash-vuetify-free__5486f500d01f",
  "status": "failed"
}

--STDERR--
