{
  "capture": {
    "command": "node productwebbench/tools/playwright_capture.js scratchpad/solver_panel/output_pristine/slot_308/states/codrops__ParticleEffectsButtons__f9f96d558104/capture_config.json",
    "cwd": "scratchpad/solver_panel/output_pristine/slot_308/workspace/codrops__ParticleEffectsButtons__f9f96d558104",
    "duration_sec": 180.077,
    "exit_code": null,
    "stderr_path": "scratchpad/solver_panel/output_pristine/slot_308/states/codrops__ParticleEffectsButtons__f9f96d558104/logs/capture.stderr.log",
    "stdout_path": "scratchpad/solver_panel/output_pristine/slot_308/states/codrops__ParticleEffectsButtons__f9f96d558104/logs/capture.stdout.log",
    "timed_out": true
  },
  "dev_server": {
    "command": "python3 -m http.server 4000 --bind 127.0.0.1",
    "message": "HTTP 200",
    "port": 4000,
    "ready": true
  },
  "failure_stage": "capture",
  "install_skipped_reason": "static_site_can_be_served_without_node_install",
  "project_root": "scratchpad/solver_panel/output_pristine/slot_308/workspace/codrops__ParticleEffectsButtons__f9f96d558104",
  "repo_id": "codrops__ParticleEffectsButtons__f9f96d558104",
  "skip_build": false,
  "skip_install": true,
  "states_dir": "scratchpad/solver_panel/output_pristine/slot_308/states/codrops__ParticleEffectsButtons__f9f96d558104",
  "status": "failed"
}

--STDERR--
