{
  "capture": {
    "command": "node productwebbench/tools/playwright_capture.js scratchpad/solver_panel/output_pristine/slot_306/states/ahmed-abd-alalim__ShopGrids__e1db1099b1c7/capture_config.json",
    "cwd": "scratchpad/solver_panel/output_pristine/slot_306/workspace/ahmed-abd-alalim__ShopGrids__e1db1099b1c7/ShopGrids-e1db1099b1c7e5301424af6cb9f6eeaca767daff",
    "duration_sec": 74.167,
    "exit_code": 0,
    "stderr_path": "scratchpad/solver_panel/output_pristine/slot_306/states/ahmed-abd-alalim__ShopGrids__e1db1099b1c7/logs/capture.stderr.log",
    "stdout_path": "scratchpad/solver_panel/output_pristine/slot_306/states/ahmed-abd-alalim__ShopGrids__e1db1099b1c7/logs/capture.stdout.log",
    "timed_out": false
  },
  "dev_server": {
    "command": "python3 -m http.server 3800 --bind 127.0.0.1",
    "message": "HTTP 200",
    "port": 3800,
    "ready": true
  },
  "failure_stage": null,
  "install_skipped_reason": "static_site_can_be_served_without_node_install",
  "project_root": "scratchpad/solver_panel/output_pristine/slot_306/workspace/ahmed-abd-alalim__ShopGrids__e1db1099b1c7/ShopGrids-e1db1099b1c7e5301424af6cb9f6eeaca767daff",
  "quality_pass": true,
  "repo_id": "ahmed-abd-alalim__ShopGrids__e1db1099b1c7",
  "skip_build": false,
  "skip_install": true,
  "state_capture": "scratchpad/solver_panel/output_pristine/slot_306/states/ahmed-abd-alalim__ShopGrids__e1db1099b1c7/state_capture.json",
  "states_dir": "scratchpad/solver_panel/output_pristine/slot_306/states/ahmed-abd-alalim__ShopGrids__e1db1099b1c7",
  "status": "passed"
}

--STDERR--
