{
  "build": {
    "command": "npm run build",
    "cwd": "scratchpad/solver_panel/output_pristine/slot_075/workspace/J0SUKE__X-Ray-Visualizer-Threejs__2f4bc3a6d9a0/X-Ray-Visualizer-Threejs",
    "duration_sec": 17.015,
    "exit_code": 0,
    "stderr_path": "scratchpad/solver_panel/output_pristine/slot_075/states/J0SUKE__X-Ray-Visualizer-Threejs__2f4bc3a6d9a0/logs/build.stderr.log",
    "stdout_path": "scratchpad/solver_panel/output_pristine/slot_075/states/J0SUKE__X-Ray-Visualizer-Threejs__2f4bc3a6d9a0/logs/build.stdout.log",
    "timed_out": false
  },
  "capture": {
    "command": "node productwebbench/tools/playwright_capture.js scratchpad/solver_panel/output_pristine/slot_075/states/J0SUKE__X-Ray-Visualizer-Threejs__2f4bc3a6d9a0/capture_config.json",
    "cwd": "scratchpad/solver_panel/output_pristine/slot_075/workspace/J0SUKE__X-Ray-Visualizer-Threejs__2f4bc3a6d9a0/X-Ray-Visualizer-Threejs",
    "duration_sec": 180.012,
    "exit_code": null,
    "stderr_path": "scratchpad/solver_panel/output_pristine/slot_075/states/J0SUKE__X-Ray-Visualizer-Threejs__2f4bc3a6d9a0/logs/capture.stderr.log",
    "stdout_path": "scratchpad/solver_panel/output_pristine/slot_075/states/J0SUKE__X-Ray-Visualizer-Threejs__2f4bc3a6d9a0/logs/capture.stdout.log",
    "timed_out": true
  },
  "dev_server": {
    "command": "python3 productwebbench/tools/static_server.py --directory dist 4100 --bind 127.0.0.1",
    "message": "HTTP 200",
    "port": 4100,
    "ready": true
  },
  "failure_stage": "capture",
  "project_root": "scratchpad/solver_panel/output_pristine/slot_075/workspace/J0SUKE__X-Ray-Visualizer-Threejs__2f4bc3a6d9a0/X-Ray-Visualizer-Threejs",
  "repo_id": "J0SUKE__X-Ray-Visualizer-Threejs__2f4bc3a6d9a0",
  "skip_build": false,
  "skip_install": true,
  "states_dir": "scratchpad/solver_panel/output_pristine/slot_075/states/J0SUKE__X-Ray-Visualizer-Threejs__2f4bc3a6d9a0",
  "status": "failed"
}

--STDERR--
