{
  "capture": {
    "command": "node productwebbench/tools/playwright_capture.js scratchpad/solver_panel/output_pristine/slot_088/states/billalben__evara-ecommerce__b61966797826/capture_config.json",
    "cwd": "scratchpad/solver_panel/output_pristine/slot_088/workspace/billalben__evara-ecommerce__b61966797826",
    "duration_sec": 35.833,
    "exit_code": 0,
    "stderr_path": "scratchpad/solver_panel/output_pristine/slot_088/states/billalben__evara-ecommerce__b61966797826/logs/capture.stderr.log",
    "stdout_path": "scratchpad/solver_panel/output_pristine/slot_088/states/billalben__evara-ecommerce__b61966797826/logs/capture.stdout.log",
    "timed_out": false
  },
  "dev_server": {
    "command": "python3 -m http.server 3800 --bind 127.0.0.1",
    "message": "HTTP 200",
    "port": 3800,
    "ready": true
  },
  "failure_stage": null,
  "install_skipped_reason": "static_site_can_be_served_without_node_install",
  "project_root": "scratchpad/solver_panel/output_pristine/slot_088/workspace/billalben__evara-ecommerce__b61966797826",
  "quality_pass": true,
  "repo_id": "billalben__evara-ecommerce__b61966797826",
  "skip_build": false,
  "skip_install": true,
  "state_capture": "scratchpad/solver_panel/output_pristine/slot_088/states/billalben__evara-ecommerce__b61966797826/state_capture.json",
  "states_dir": "scratchpad/solver_panel/output_pristine/slot_088/states/billalben__evara-ecommerce__b61966797826",
  "status": "passed"
}

--STDERR--
