{
  "capture": {
    "command": "node productwebbench/tools/playwright_capture.js scratchpad/solver_panel/output_pristine/slot_239/states/MdShahriarFerdous__TravelWebsite-HTML-Template__81fb49fe4a28/capture_config.json",
    "cwd": "scratchpad/solver_panel/output_pristine/slot_239/workspace/MdShahriarFerdous__TravelWebsite-HTML-Template__81fb49fe4a28/MdShahriarFerdous__TravelWebsite-HTML-Template__81fb49fe4a28",
    "duration_sec": 46.715,
    "exit_code": 0,
    "stderr_path": "scratchpad/solver_panel/output_pristine/slot_239/states/MdShahriarFerdous__TravelWebsite-HTML-Template__81fb49fe4a28/logs/capture.stderr.log",
    "stdout_path": "scratchpad/solver_panel/output_pristine/slot_239/states/MdShahriarFerdous__TravelWebsite-HTML-Template__81fb49fe4a28/logs/capture.stdout.log",
    "timed_out": false
  },
  "dev_server": {
    "command": "python3 -m http.server 3500 --bind 127.0.0.1",
    "message": "HTTP 200",
    "port": 3500,
    "ready": true
  },
  "failure_stage": null,
  "install_skipped_reason": "static_site_can_be_served_without_node_install",
  "project_root": "scratchpad/solver_panel/output_pristine/slot_239/workspace/MdShahriarFerdous__TravelWebsite-HTML-Template__81fb49fe4a28/MdShahriarFerdous__TravelWebsite-HTML-Template__81fb49fe4a28",
  "quality_pass": true,
  "repo_id": "MdShahriarFerdous__TravelWebsite-HTML-Template__81fb49fe4a28",
  "skip_build": false,
  "skip_install": true,
  "state_capture": "scratchpad/solver_panel/output_pristine/slot_239/states/MdShahriarFerdous__TravelWebsite-HTML-Template__81fb49fe4a28/state_capture.json",
  "states_dir": "scratchpad/solver_panel/output_pristine/slot_239/states/MdShahriarFerdous__TravelWebsite-HTML-Template__81fb49fe4a28",
  "status": "passed"
}

--STDERR--
