{
  "build": {
    "command": "npm run build",
    "cwd": "scratchpad/solver_panel/output_pristine/slot_158/workspace/realstoman__nextjs-tailwindcss-portfolio__76082edd2fa6/nextjs-tailwindcss-portfolio-76082edd2fa6fc2381f42cada875570964aae086",
    "duration_sec": 46.591,
    "exit_code": 0,
    "stderr_path": "scratchpad/solver_panel/output_pristine/slot_158/states/realstoman__nextjs-tailwindcss-portfolio__76082edd2fa6/logs/build.stderr.log",
    "stdout_path": "scratchpad/solver_panel/output_pristine/slot_158/states/realstoman__nextjs-tailwindcss-portfolio__76082edd2fa6/logs/build.stdout.log",
    "timed_out": false
  },
  "capture": {
    "command": "node productwebbench/tools/playwright_capture.js scratchpad/solver_panel/output_pristine/slot_158/states/realstoman__nextjs-tailwindcss-portfolio__76082edd2fa6/capture_config.json",
    "cwd": "scratchpad/solver_panel/output_pristine/slot_158/workspace/realstoman__nextjs-tailwindcss-portfolio__76082edd2fa6/nextjs-tailwindcss-portfolio-76082edd2fa6fc2381f42cada875570964aae086",
    "duration_sec": 54.046,
    "exit_code": 0,
    "stderr_path": "scratchpad/solver_panel/output_pristine/slot_158/states/realstoman__nextjs-tailwindcss-portfolio__76082edd2fa6/logs/capture.stderr.log",
    "stdout_path": "scratchpad/solver_panel/output_pristine/slot_158/states/realstoman__nextjs-tailwindcss-portfolio__76082edd2fa6/logs/capture.stdout.log",
    "timed_out": false
  },
  "dev_server": {
    "command": "npm run start -- --hostname 127.0.0.1 --port 4400",
    "message": "HTTP 200",
    "port": 4400,
    "ready": true
  },
  "failure_stage": null,
  "project_root": "scratchpad/solver_panel/output_pristine/slot_158/workspace/realstoman__nextjs-tailwindcss-portfolio__76082edd2fa6/nextjs-tailwindcss-portfolio-76082edd2fa6fc2381f42cada875570964aae086",
  "quality_pass": true,
  "repo_id": "realstoman__nextjs-tailwindcss-portfolio__76082edd2fa6",
  "skip_build": false,
  "skip_install": true,
  "state_capture": "scratchpad/solver_panel/output_pristine/slot_158/states/realstoman__nextjs-tailwindcss-portfolio__76082edd2fa6/state_capture.json",
  "states_dir": "scratchpad/solver_panel/output_pristine/slot_158/states/realstoman__nextjs-tailwindcss-portfolio__76082edd2fa6",
  "status": "passed"
}

--STDERR--
