{
  "build": {
    "command": "npm run build",
    "cwd": "scratchpad/solver_panel/output_pristine/slot_198/workspace/Klodovsky__CODIUX__d25f74ed548d/CODIUX-d25f74ed548dd9192a7e9f4e2775bdf678713c24",
    "duration_sec": 17.066,
    "exit_code": 0,
    "stderr_path": "scratchpad/solver_panel/output_pristine/slot_198/states/Klodovsky__CODIUX__d25f74ed548d/logs/build.stderr.log",
    "stdout_path": "scratchpad/solver_panel/output_pristine/slot_198/states/Klodovsky__CODIUX__d25f74ed548d/logs/build.stdout.log",
    "timed_out": false
  },
  "capture": {
    "command": "node productwebbench/tools/playwright_capture.js scratchpad/solver_panel/output_pristine/slot_198/states/Klodovsky__CODIUX__d25f74ed548d/capture_config.json",
    "cwd": "scratchpad/solver_panel/output_pristine/slot_198/workspace/Klodovsky__CODIUX__d25f74ed548d/CODIUX-d25f74ed548dd9192a7e9f4e2775bdf678713c24",
    "duration_sec": 142.611,
    "exit_code": 0,
    "stderr_path": "scratchpad/solver_panel/output_pristine/slot_198/states/Klodovsky__CODIUX__d25f74ed548d/logs/capture.stderr.log",
    "stdout_path": "scratchpad/solver_panel/output_pristine/slot_198/states/Klodovsky__CODIUX__d25f74ed548d/logs/capture.stdout.log",
    "timed_out": false
  },
  "dev_server": {
    "command": "python3 productwebbench/tools/static_server.py --directory dist 3600 --bind 127.0.0.1",
    "message": "HTTP 200",
    "port": 3600,
    "ready": true
  },
  "failure_stage": null,
  "project_root": "scratchpad/solver_panel/output_pristine/slot_198/workspace/Klodovsky__CODIUX__d25f74ed548d/CODIUX-d25f74ed548dd9192a7e9f4e2775bdf678713c24",
  "quality_pass": true,
  "repo_id": "Klodovsky__CODIUX__d25f74ed548d",
  "skip_build": false,
  "skip_install": true,
  "state_capture": "scratchpad/solver_panel/output_pristine/slot_198/states/Klodovsky__CODIUX__d25f74ed548d/state_capture.json",
  "states_dir": "scratchpad/solver_panel/output_pristine/slot_198/states/Klodovsky__CODIUX__d25f74ed548d",
  "status": "passed"
}

--STDERR--
