{
  "capture": {
    "command": "node productwebbench/tools/playwright_capture.js scratchpad/solver_panel/output_pristine/slot_265/states/bedimcode__responsive-landing-page-headphones__ace1fa8fed74/capture_config.json",
    "cwd": "scratchpad/solver_panel/output_pristine/slot_265/workspace/bedimcode__responsive-landing-page-headphones__ace1fa8fed74",
    "duration_sec": 79.043,
    "exit_code": 0,
    "stderr_path": "scratchpad/solver_panel/output_pristine/slot_265/states/bedimcode__responsive-landing-page-headphones__ace1fa8fed74/logs/capture.stderr.log",
    "stdout_path": "scratchpad/solver_panel/output_pristine/slot_265/states/bedimcode__responsive-landing-page-headphones__ace1fa8fed74/logs/capture.stdout.log",
    "timed_out": false
  },
  "dev_server": {
    "command": "python3 -m http.server 4500 --bind 127.0.0.1",
    "message": "HTTP 200",
    "port": 4500,
    "ready": true
  },
  "failure_stage": null,
  "install_skipped_reason": "static_site_can_be_served_without_node_install",
  "project_root": "scratchpad/solver_panel/output_pristine/slot_265/workspace/bedimcode__responsive-landing-page-headphones__ace1fa8fed74",
  "quality_pass": true,
  "repo_id": "bedimcode__responsive-landing-page-headphones__ace1fa8fed74",
  "skip_build": false,
  "skip_install": true,
  "state_capture": "scratchpad/solver_panel/output_pristine/slot_265/states/bedimcode__responsive-landing-page-headphones__ace1fa8fed74/state_capture.json",
  "states_dir": "scratchpad/solver_panel/output_pristine/slot_265/states/bedimcode__responsive-landing-page-headphones__ace1fa8fed74",
  "status": "passed"
}

--STDERR--
