{
  "capture": {
    "command": "node productwebbench/tools/playwright_capture.js scratchpad/solver_panel/output_pristine/slot_168/states/HaiderAziz428__Wardrobe.com---Fashion-E-commerce-Website-HTML-Templates__9fbf847c4263/capture_config.json",
    "cwd": "scratchpad/solver_panel/output_pristine/slot_168/workspace/HaiderAziz428__Wardrobe.com---Fashion-E-commerce-Website-HTML-Templates__9fbf847c4263",
    "duration_sec": 180.087,
    "exit_code": null,
    "stderr_path": "scratchpad/solver_panel/output_pristine/slot_168/states/HaiderAziz428__Wardrobe.com---Fashion-E-commerce-Website-HTML-Templates__9fbf847c4263/logs/capture.stderr.log",
    "stdout_path": "scratchpad/solver_panel/output_pristine/slot_168/states/HaiderAziz428__Wardrobe.com---Fashion-E-commerce-Website-HTML-Templates__9fbf847c4263/logs/capture.stdout.log",
    "timed_out": true
  },
  "dev_server": {
    "command": "python3 -m http.server 3800 --bind 127.0.0.1",
    "message": "HTTP 200",
    "port": 3800,
    "ready": true
  },
  "failure_stage": "capture",
  "install_skipped_reason": "static_site_can_be_served_without_node_install",
  "project_root": "scratchpad/solver_panel/output_pristine/slot_168/workspace/HaiderAziz428__Wardrobe.com---Fashion-E-commerce-Website-HTML-Templates__9fbf847c4263",
  "repo_id": "HaiderAziz428__Wardrobe.com---Fashion-E-commerce-Website-HTML-Templates__9fbf847c4263",
  "skip_build": false,
  "skip_install": true,
  "states_dir": "scratchpad/solver_panel/output_pristine/slot_168/states/HaiderAziz428__Wardrobe.com---Fashion-E-commerce-Website-HTML-Templates__9fbf847c4263",
  "status": "failed"
}

--STDERR--
