{
  "capture": {
    "command": "node productwebbench/tools/playwright_capture.js scratchpad/solver_panel/output_pristine/slot_048/states/NextJSTemplates__startup-nextjs__e730b6a99c77/capture_config.json",
    "cwd": "scratchpad/solver_panel/output_pristine/slot_048/workspace/NextJSTemplates__startup-nextjs__e730b6a99c77/NextJSTemplates__startup-nextjs__e730b6a99c77",
    "duration_sec": 180.052,
    "exit_code": null,
    "stderr_path": "scratchpad/solver_panel/output_pristine/slot_048/states/NextJSTemplates__startup-nextjs__e730b6a99c77/logs/capture.stderr.log",
    "stdout_path": "scratchpad/solver_panel/output_pristine/slot_048/states/NextJSTemplates__startup-nextjs__e730b6a99c77/logs/capture.stdout.log",
    "timed_out": true
  },
  "dev_server": {
    "command": "node scratchpad/solver_panel/output_pristine/slot_048/workspace/NextJSTemplates__startup-nextjs__e730b6a99c77/NextJSTemplates__startup-nextjs__e730b6a99c77/node_modules/next/dist/bin/next dev --hostname 127.0.0.1 --port 4600",
    "message": "HTTP 404",
    "port": 4600,
    "ready": true
  },
  "failure_stage": "capture",
  "project_root": "scratchpad/solver_panel/output_pristine/slot_048/workspace/NextJSTemplates__startup-nextjs__e730b6a99c77/NextJSTemplates__startup-nextjs__e730b6a99c77",
  "repo_id": "NextJSTemplates__startup-nextjs__e730b6a99c77",
  "skip_build": true,
  "skip_install": true,
  "states_dir": "scratchpad/solver_panel/output_pristine/slot_048/states/NextJSTemplates__startup-nextjs__e730b6a99c77",
  "status": "failed"
}

--STDERR--
