{
  "build": {
    "command": "npm run build",
    "cwd": "scratchpad/solver_panel/output_pristine/slot_237/workspace/amiradeu__threejs.amiradeuraseh.com__ba4606b5b909/threejs.amiradeuraseh.com",
    "duration_sec": 20.049,
    "exit_code": 0,
    "stderr_path": "scratchpad/solver_panel/output_pristine/slot_237/states/amiradeu__threejs.amiradeuraseh.com__ba4606b5b909/logs/build.stderr.log",
    "stdout_path": "scratchpad/solver_panel/output_pristine/slot_237/states/amiradeu__threejs.amiradeuraseh.com__ba4606b5b909/logs/build.stdout.log",
    "timed_out": false
  },
  "capture": {
    "command": "node productwebbench/tools/playwright_capture.js scratchpad/solver_panel/output_pristine/slot_237/states/amiradeu__threejs.amiradeuraseh.com__ba4606b5b909/capture_config.json",
    "cwd": "scratchpad/solver_panel/output_pristine/slot_237/workspace/amiradeu__threejs.amiradeuraseh.com__ba4606b5b909/threejs.amiradeuraseh.com",
    "duration_sec": 180.076,
    "exit_code": null,
    "stderr_path": "scratchpad/solver_panel/output_pristine/slot_237/states/amiradeu__threejs.amiradeuraseh.com__ba4606b5b909/logs/capture.stderr.log",
    "stdout_path": "scratchpad/solver_panel/output_pristine/slot_237/states/amiradeu__threejs.amiradeuraseh.com__ba4606b5b909/logs/capture.stdout.log",
    "timed_out": true
  },
  "dev_server": {
    "command": "python3 productwebbench/tools/static_server.py --directory dist 3300 --bind 127.0.0.1",
    "message": "HTTP 200",
    "port": 3300,
    "ready": true
  },
  "failure_stage": "capture",
  "project_root": "scratchpad/solver_panel/output_pristine/slot_237/workspace/amiradeu__threejs.amiradeuraseh.com__ba4606b5b909/threejs.amiradeuraseh.com",
  "repo_id": "amiradeu__threejs.amiradeuraseh.com__ba4606b5b909",
  "skip_build": false,
  "skip_install": true,
  "states_dir": "scratchpad/solver_panel/output_pristine/slot_237/states/amiradeu__threejs.amiradeuraseh.com__ba4606b5b909",
  "status": "failed"
}

--STDERR--
