{
  "capture": {
    "command": "node productwebbench/tools/playwright_capture.js scratchpad/solver_panel/output_pristine/slot_029/states/Alvalens__Alvalens-porto-2-nextJs__20d64efb4b6f/capture_config.json",
    "cwd": "scratchpad/solver_panel/output_pristine/slot_029/workspace/Alvalens__Alvalens-porto-2-nextJs__20d64efb4b6f/Alvalens-porto-2-nextJs-20d64efb4b6fe90f81c9ff4d53357476f13a8e5b",
    "duration_sec": 180.072,
    "exit_code": null,
    "stderr_path": "scratchpad/solver_panel/output_pristine/slot_029/states/Alvalens__Alvalens-porto-2-nextJs__20d64efb4b6f/logs/capture.stderr.log",
    "stdout_path": "scratchpad/solver_panel/output_pristine/slot_029/states/Alvalens__Alvalens-porto-2-nextJs__20d64efb4b6f/logs/capture.stdout.log",
    "timed_out": true
  },
  "dev_server": {
    "command": "node scratchpad/solver_panel/output_pristine/slot_029/workspace/Alvalens__Alvalens-porto-2-nextJs__20d64efb4b6f/Alvalens-porto-2-nextJs-20d64efb4b6fe90f81c9ff4d53357476f13a8e5b/node_modules/.pnpm/next@15.2.8_react-dom@19.0.0_react@19.0.0__react@19.0.0/node_modules/next/dist/bin/next dev --turbopack --hostname 127.0.0.1 --port 4300",
    "message": "HTTP 500",
    "port": 4300,
    "ready": true
  },
  "failure_stage": "capture",
  "project_root": "scratchpad/solver_panel/output_pristine/slot_029/workspace/Alvalens__Alvalens-porto-2-nextJs__20d64efb4b6f/Alvalens-porto-2-nextJs-20d64efb4b6fe90f81c9ff4d53357476f13a8e5b",
  "repo_id": "Alvalens__Alvalens-porto-2-nextJs__20d64efb4b6f",
  "skip_build": true,
  "skip_install": true,
  "states_dir": "scratchpad/solver_panel/output_pristine/slot_029/states/Alvalens__Alvalens-porto-2-nextJs__20d64efb4b6f",
  "status": "failed"
}

--STDERR--
