{
  "build": {
    "command": "npm run build",
    "cwd": "scratchpad/solver_panel/output_pristine/slot_193/workspace/codrops__ImageToContent__b4bbdc7b1809/ImageToContent",
    "duration_sec": 3.02,
    "exit_code": 0,
    "stderr_path": "scratchpad/solver_panel/output_pristine/slot_193/states/codrops__ImageToContent__b4bbdc7b1809/logs/build.stderr.log",
    "stdout_path": "scratchpad/solver_panel/output_pristine/slot_193/states/codrops__ImageToContent__b4bbdc7b1809/logs/build.stdout.log",
    "timed_out": false
  },
  "capture": {
    "command": "node productwebbench/tools/playwright_capture.js scratchpad/solver_panel/output_pristine/slot_193/states/codrops__ImageToContent__b4bbdc7b1809/capture_config.json",
    "cwd": "scratchpad/solver_panel/output_pristine/slot_193/workspace/codrops__ImageToContent__b4bbdc7b1809/ImageToContent",
    "duration_sec": 58.603,
    "exit_code": 0,
    "stderr_path": "scratchpad/solver_panel/output_pristine/slot_193/states/codrops__ImageToContent__b4bbdc7b1809/logs/capture.stderr.log",
    "stdout_path": "scratchpad/solver_panel/output_pristine/slot_193/states/codrops__ImageToContent__b4bbdc7b1809/logs/capture.stdout.log",
    "timed_out": false
  },
  "dev_server": {
    "command": "python3 productwebbench/tools/static_server.py --directory src 3100 --bind 127.0.0.1",
    "message": "HTTP 200",
    "port": 3100,
    "ready": true
  },
  "failure_stage": null,
  "project_root": "scratchpad/solver_panel/output_pristine/slot_193/workspace/codrops__ImageToContent__b4bbdc7b1809/ImageToContent",
  "quality_pass": true,
  "repo_id": "codrops__ImageToContent__b4bbdc7b1809",
  "skip_build": false,
  "skip_install": true,
  "state_capture": "scratchpad/solver_panel/output_pristine/slot_193/states/codrops__ImageToContent__b4bbdc7b1809/state_capture.json",
  "states_dir": "scratchpad/solver_panel/output_pristine/slot_193/states/codrops__ImageToContent__b4bbdc7b1809",
  "status": "passed"
}

--STDERR--
