{
  "capture": {
    "command": "node productwebbench/tools/playwright_capture.js scratchpad/solver_panel/output_pristine/slot_067/states/MarketingPipeline__Simply-Docs__b50d2a8bf252/capture_config.json",
    "cwd": "scratchpad/solver_panel/output_pristine/slot_067/workspace/MarketingPipeline__Simply-Docs__b50d2a8bf252/Simply-Docs-b50d2a8bf2528af6fa8aaf891d8668348d38f477",
    "duration_sec": 72.435,
    "exit_code": 0,
    "stderr_path": "scratchpad/solver_panel/output_pristine/slot_067/states/MarketingPipeline__Simply-Docs__b50d2a8bf252/logs/capture.stderr.log",
    "stdout_path": "scratchpad/solver_panel/output_pristine/slot_067/states/MarketingPipeline__Simply-Docs__b50d2a8bf252/logs/capture.stdout.log",
    "timed_out": false
  },
  "dev_server": {
    "command": "python3 -m http.server 3300 --bind 127.0.0.1",
    "message": "HTTP 200",
    "port": 3300,
    "ready": true
  },
  "failure_stage": null,
  "install_skipped_reason": "static_site_can_be_served_without_node_install",
  "project_root": "scratchpad/solver_panel/output_pristine/slot_067/workspace/MarketingPipeline__Simply-Docs__b50d2a8bf252/Simply-Docs-b50d2a8bf2528af6fa8aaf891d8668348d38f477",
  "quality_pass": true,
  "repo_id": "MarketingPipeline__Simply-Docs__b50d2a8bf252",
  "skip_build": false,
  "skip_install": true,
  "state_capture": "scratchpad/solver_panel/output_pristine/slot_067/states/MarketingPipeline__Simply-Docs__b50d2a8bf252/state_capture.json",
  "states_dir": "scratchpad/solver_panel/output_pristine/slot_067/states/MarketingPipeline__Simply-Docs__b50d2a8bf252",
  "status": "passed"
}

--STDERR--
