{
  "build": {
    "command": "npm run build",
    "cwd": "scratchpad/solver_panel/output_pristine/slot_053/workspace/BrockAltug__chat-pwa-demo__b54dda87fce7/chat-pwa-demo-b54dda87fce727d2a52b384eb99f38d8fae868cc",
    "duration_sec": 58.74,
    "exit_code": 0,
    "stderr_path": "scratchpad/solver_panel/output_pristine/slot_053/states/BrockAltug__chat-pwa-demo__b54dda87fce7/logs/build.stderr.log",
    "stdout_path": "scratchpad/solver_panel/output_pristine/slot_053/states/BrockAltug__chat-pwa-demo__b54dda87fce7/logs/build.stdout.log",
    "timed_out": false
  },
  "capture": {
    "command": "node productwebbench/tools/playwright_capture.js scratchpad/solver_panel/output_pristine/slot_053/states/BrockAltug__chat-pwa-demo__b54dda87fce7/capture_config.json",
    "cwd": "scratchpad/solver_panel/output_pristine/slot_053/workspace/BrockAltug__chat-pwa-demo__b54dda87fce7/chat-pwa-demo-b54dda87fce727d2a52b384eb99f38d8fae868cc",
    "duration_sec": 91.336,
    "exit_code": 0,
    "stderr_path": "scratchpad/solver_panel/output_pristine/slot_053/states/BrockAltug__chat-pwa-demo__b54dda87fce7/logs/capture.stderr.log",
    "stdout_path": "scratchpad/solver_panel/output_pristine/slot_053/states/BrockAltug__chat-pwa-demo__b54dda87fce7/logs/capture.stdout.log",
    "timed_out": false
  },
  "dev_server": {
    "command": "npm run start -- --hostname 127.0.0.1 --port 3500",
    "message": "HTTP 200",
    "port": 3500,
    "ready": true
  },
  "failure_stage": null,
  "project_root": "scratchpad/solver_panel/output_pristine/slot_053/workspace/BrockAltug__chat-pwa-demo__b54dda87fce7/chat-pwa-demo-b54dda87fce727d2a52b384eb99f38d8fae868cc",
  "quality_pass": true,
  "repo_id": "BrockAltug__chat-pwa-demo__b54dda87fce7",
  "skip_build": false,
  "skip_install": true,
  "state_capture": "scratchpad/solver_panel/output_pristine/slot_053/states/BrockAltug__chat-pwa-demo__b54dda87fce7/state_capture.json",
  "states_dir": "scratchpad/solver_panel/output_pristine/slot_053/states/BrockAltug__chat-pwa-demo__b54dda87fce7",
  "status": "passed"
}

--STDERR--
