{
  "capture": {
    "command": "node productwebbench/tools/playwright_capture.js scratchpad/solver_panel/output_pristine/slot_145/states/nuxt-ui-templates__portfolio__265fa1c11e91/capture_config.json",
    "cwd": "scratchpad/solver_panel/output_pristine/slot_145/workspace/nuxt-ui-templates__portfolio__265fa1c11e91/portfolio-265fa1c11e91c378670795a5b6855d6887fe7799",
    "duration_sec": 180.049,
    "exit_code": null,
    "stderr_path": "scratchpad/solver_panel/output_pristine/slot_145/states/nuxt-ui-templates__portfolio__265fa1c11e91/logs/capture.stderr.log",
    "stdout_path": "scratchpad/solver_panel/output_pristine/slot_145/states/nuxt-ui-templates__portfolio__265fa1c11e91/logs/capture.stdout.log",
    "timed_out": true
  },
  "dev_server": {
    "command": "node scratchpad/solver_panel/output_pristine/slot_145/workspace/nuxt-ui-templates__portfolio__265fa1c11e91/portfolio-265fa1c11e91c378670795a5b6855d6887fe7799/node_modules/.pnpm/nuxt@4.4.6_@babel+plugin-syntax-jsx@7.28.6_@babel+core@7.29.0__@babel+plugin-syntax-typ_80c0b624be9232bbc05fca607b419006/node_modules/nuxt/bin/nuxt.mjs dev --host 127.0.0.1 --port 3100",
    "message": "HTTP 200",
    "port": 3100,
    "ready": true
  },
  "failure_stage": "capture",
  "project_root": "scratchpad/solver_panel/output_pristine/slot_145/workspace/nuxt-ui-templates__portfolio__265fa1c11e91/portfolio-265fa1c11e91c378670795a5b6855d6887fe7799",
  "repo_id": "nuxt-ui-templates__portfolio__265fa1c11e91",
  "skip_build": true,
  "skip_install": true,
  "states_dir": "scratchpad/solver_panel/output_pristine/slot_145/states/nuxt-ui-templates__portfolio__265fa1c11e91",
  "status": "failed"
}

--STDERR--
