{
  "capture": {
    "command": "node productwebbench/tools/playwright_capture.js scratchpad/solver_panel/output_pristine/slot_181/states/AkobirCoder__Art.Design-Portfolio-Template__e73c35c3c674/capture_config.json",
    "cwd": "scratchpad/solver_panel/output_pristine/slot_181/workspace/AkobirCoder__Art.Design-Portfolio-Template__e73c35c3c674/Art.Design-Portfolio-Template-e73c35c3c6747129fd83336ce7115bcbc32d58d4",
    "duration_sec": 58.213,
    "exit_code": 0,
    "stderr_path": "scratchpad/solver_panel/output_pristine/slot_181/states/AkobirCoder__Art.Design-Portfolio-Template__e73c35c3c674/logs/capture.stderr.log",
    "stdout_path": "scratchpad/solver_panel/output_pristine/slot_181/states/AkobirCoder__Art.Design-Portfolio-Template__e73c35c3c674/logs/capture.stdout.log",
    "timed_out": false
  },
  "dev_server": {
    "command": "python3 -m http.server 3500 --bind 127.0.0.1",
    "message": "HTTP 200",
    "port": 3500,
    "ready": true
  },
  "failure_stage": null,
  "install_skipped_reason": "static_site_can_be_served_without_node_install",
  "project_root": "scratchpad/solver_panel/output_pristine/slot_181/workspace/AkobirCoder__Art.Design-Portfolio-Template__e73c35c3c674/Art.Design-Portfolio-Template-e73c35c3c6747129fd83336ce7115bcbc32d58d4",
  "quality_pass": true,
  "repo_id": "AkobirCoder__Art.Design-Portfolio-Template__e73c35c3c674",
  "skip_build": false,
  "skip_install": true,
  "state_capture": "scratchpad/solver_panel/output_pristine/slot_181/states/AkobirCoder__Art.Design-Portfolio-Template__e73c35c3c674/state_capture.json",
  "states_dir": "scratchpad/solver_panel/output_pristine/slot_181/states/AkobirCoder__Art.Design-Portfolio-Template__e73c35c3c674",
  "status": "passed"
}

--STDERR--
