{
  "capture": {
    "command": "node productwebbench/tools/playwright_capture.js scratchpad/solver_panel/output_pristine/slot_106/states/steven-tey__chathn__b5634ae80fe6/capture_config.json",
    "cwd": "scratchpad/solver_panel/output_pristine/slot_106/workspace/steven-tey__chathn__b5634ae80fe6/chathn-b5634ae80fe6974e317c7c06eaa9e97a7c02b6b5",
    "duration_sec": 148.094,
    "exit_code": 0,
    "stderr_path": "scratchpad/solver_panel/output_pristine/slot_106/states/steven-tey__chathn__b5634ae80fe6/logs/capture.stderr.log",
    "stdout_path": "scratchpad/solver_panel/output_pristine/slot_106/states/steven-tey__chathn__b5634ae80fe6/logs/capture.stdout.log",
    "timed_out": false
  },
  "dev_server": {
    "command": "node scratchpad/solver_panel/output_pristine/slot_106/workspace/steven-tey__chathn__b5634ae80fe6/chathn-b5634ae80fe6974e317c7c06eaa9e97a7c02b6b5/node_modules/.pnpm/next@13.4.7_react-dom@18.2.0_react@18.2.0__react@18.2.0/node_modules/next/dist/bin/next dev --hostname 127.0.0.1 --port 4000",
    "message": "HTTP 200",
    "port": 4000,
    "ready": true
  },
  "failure_stage": null,
  "project_root": "scratchpad/solver_panel/output_pristine/slot_106/workspace/steven-tey__chathn__b5634ae80fe6/chathn-b5634ae80fe6974e317c7c06eaa9e97a7c02b6b5",
  "quality_pass": true,
  "repo_id": "steven-tey__chathn__b5634ae80fe6",
  "skip_build": true,
  "skip_install": true,
  "state_capture": "scratchpad/solver_panel/output_pristine/slot_106/states/steven-tey__chathn__b5634ae80fe6/state_capture.json",
  "states_dir": "scratchpad/solver_panel/output_pristine/slot_106/states/steven-tey__chathn__b5634ae80fe6",
  "status": "passed"
}

--STDERR--
