{
  "build": {
    "command": "npm run build",
    "cwd": "scratchpad/solver_panel/output_pristine/slot_189/workspace/Gr33nW33n__nuxtship-template__3e45a0a09e6c/nuxtship-template-3e45a0a09e6c053f6264bb0fd606d0aa48608918",
    "duration_sec": 13.184,
    "exit_code": 0,
    "stderr_path": "scratchpad/solver_panel/output_pristine/slot_189/states/Gr33nW33n__nuxtship-template__3e45a0a09e6c/logs/build.stderr.log",
    "stdout_path": "scratchpad/solver_panel/output_pristine/slot_189/states/Gr33nW33n__nuxtship-template__3e45a0a09e6c/logs/build.stdout.log",
    "timed_out": false
  },
  "capture": {
    "command": "node productwebbench/tools/playwright_capture.js scratchpad/solver_panel/output_pristine/slot_189/states/Gr33nW33n__nuxtship-template__3e45a0a09e6c/capture_config.json",
    "cwd": "scratchpad/solver_panel/output_pristine/slot_189/workspace/Gr33nW33n__nuxtship-template__3e45a0a09e6c/nuxtship-template-3e45a0a09e6c053f6264bb0fd606d0aa48608918",
    "duration_sec": 60.767,
    "exit_code": 0,
    "stderr_path": "scratchpad/solver_panel/output_pristine/slot_189/states/Gr33nW33n__nuxtship-template__3e45a0a09e6c/logs/capture.stderr.log",
    "stdout_path": "scratchpad/solver_panel/output_pristine/slot_189/states/Gr33nW33n__nuxtship-template__3e45a0a09e6c/logs/capture.stdout.log",
    "timed_out": false
  },
  "dev_server": {
    "command": "node .output/server/index.mjs",
    "message": "HTTP 200",
    "port": 4300,
    "ready": true
  },
  "failure_stage": null,
  "project_root": "scratchpad/solver_panel/output_pristine/slot_189/workspace/Gr33nW33n__nuxtship-template__3e45a0a09e6c/nuxtship-template-3e45a0a09e6c053f6264bb0fd606d0aa48608918",
  "quality_pass": true,
  "repo_id": "Gr33nW33n__nuxtship-template__3e45a0a09e6c",
  "skip_build": false,
  "skip_install": true,
  "state_capture": "scratchpad/solver_panel/output_pristine/slot_189/states/Gr33nW33n__nuxtship-template__3e45a0a09e6c/state_capture.json",
  "states_dir": "scratchpad/solver_panel/output_pristine/slot_189/states/Gr33nW33n__nuxtship-template__3e45a0a09e6c",
  "status": "passed"
}

--STDERR--
