{
  "capture": {
    "command": "node productwebbench/tools/playwright_capture.js scratchpad/solver_panel/output_pristine/slot_101/states/daemon-bixia__Avian-Template__22b2444fd437/capture_config.json",
    "cwd": "scratchpad/solver_panel/output_pristine/slot_101/workspace/daemon-bixia__Avian-Template__22b2444fd437/Avian-Template-22b2444fd437218541ff3b806f147c827643a6cd",
    "duration_sec": 111.813,
    "exit_code": 0,
    "stderr_path": "scratchpad/solver_panel/output_pristine/slot_101/states/daemon-bixia__Avian-Template__22b2444fd437/logs/capture.stderr.log",
    "stdout_path": "scratchpad/solver_panel/output_pristine/slot_101/states/daemon-bixia__Avian-Template__22b2444fd437/logs/capture.stdout.log",
    "timed_out": false
  },
  "dev_server": {
    "command": "node scratchpad/solver_panel/output_pristine/slot_101/workspace/daemon-bixia__Avian-Template__22b2444fd437/Avian-Template-22b2444fd437218541ff3b806f147c827643a6cd/node_modules/vite/bin/vite.js --host 127.0.0.1 --port 3500",
    "message": "HTTP 200",
    "port": 3500,
    "ready": true
  },
  "failure_stage": null,
  "project_root": "scratchpad/solver_panel/output_pristine/slot_101/workspace/daemon-bixia__Avian-Template__22b2444fd437/Avian-Template-22b2444fd437218541ff3b806f147c827643a6cd",
  "quality_pass": true,
  "repo_id": "daemon-bixia__Avian-Template__22b2444fd437",
  "skip_build": true,
  "skip_install": true,
  "state_capture": "scratchpad/solver_panel/output_pristine/slot_101/states/daemon-bixia__Avian-Template__22b2444fd437/state_capture.json",
  "states_dir": "scratchpad/solver_panel/output_pristine/slot_101/states/daemon-bixia__Avian-Template__22b2444fd437",
  "status": "passed"
}

--STDERR--
