{
  "capture": {
    "command": "node productwebbench/tools/playwright_capture.js scratchpad/solver_panel/output_pristine/slot_155/states/olivier3lanc__Jekyll-LibDoc__8ee6e0c5fe20/capture_config.json",
    "cwd": "scratchpad/solver_panel/output_pristine/slot_155/workspace/olivier3lanc__Jekyll-LibDoc__8ee6e0c5fe20/Jekyll-LibDoc/assets/libdoc/js/codemirror",
    "duration_sec": 86.053,
    "exit_code": 0,
    "stderr_path": "scratchpad/solver_panel/output_pristine/slot_155/states/olivier3lanc__Jekyll-LibDoc__8ee6e0c5fe20/logs/capture.stderr.log",
    "stdout_path": "scratchpad/solver_panel/output_pristine/slot_155/states/olivier3lanc__Jekyll-LibDoc__8ee6e0c5fe20/logs/capture.stdout.log",
    "timed_out": false
  },
  "dev_server": {
    "command": "python3 -m http.server 4100 --bind 127.0.0.1",
    "message": "HTTP 200",
    "port": 4100,
    "ready": true
  },
  "failure_stage": null,
  "install_skipped_reason": "static_site_can_be_served_without_node_install",
  "project_root": "scratchpad/solver_panel/output_pristine/slot_155/workspace/olivier3lanc__Jekyll-LibDoc__8ee6e0c5fe20/Jekyll-LibDoc/assets/libdoc/js/codemirror",
  "quality_pass": true,
  "repo_id": "olivier3lanc__Jekyll-LibDoc__8ee6e0c5fe20",
  "skip_build": false,
  "skip_install": true,
  "state_capture": "scratchpad/solver_panel/output_pristine/slot_155/states/olivier3lanc__Jekyll-LibDoc__8ee6e0c5fe20/state_capture.json",
  "states_dir": "scratchpad/solver_panel/output_pristine/slot_155/states/olivier3lanc__Jekyll-LibDoc__8ee6e0c5fe20",
  "status": "passed"
}

--STDERR--
