{
  "capture": {
    "command": "node productwebbench/tools/playwright_capture.js scratchpad/solver_panel/output_pristine/slot_111/states/matcornic__hugo-theme-learn__3202533a746f/capture_config.json",
    "cwd": "scratchpad/solver_panel/output_pristine/slot_111/workspace/matcornic__hugo-theme-learn__3202533a746f/hugo-theme-learn",
    "duration_sec": 180.009,
    "exit_code": null,
    "stderr_path": "scratchpad/solver_panel/output_pristine/slot_111/states/matcornic__hugo-theme-learn__3202533a746f/logs/capture.stderr.log",
    "stdout_path": "scratchpad/solver_panel/output_pristine/slot_111/states/matcornic__hugo-theme-learn__3202533a746f/logs/capture.stdout.log",
    "timed_out": true
  },
  "dev_server": {
    "command": "python3 productwebbench/tools/static_server.py --directory . 4500 --bind 127.0.0.1",
    "message": "HTTP 200",
    "port": 4500,
    "ready": true
  },
  "failure_stage": "capture",
  "install_skipped_reason": "static_site_can_be_served_without_node_install",
  "project_root": "scratchpad/solver_panel/output_pristine/slot_111/workspace/matcornic__hugo-theme-learn__3202533a746f/hugo-theme-learn",
  "repo_id": "matcornic__hugo-theme-learn__3202533a746f",
  "skip_build": false,
  "skip_install": true,
  "states_dir": "scratchpad/solver_panel/output_pristine/slot_111/states/matcornic__hugo-theme-learn__3202533a746f",
  "status": "failed"
}

--STDERR--
