{
  "build": {
    "command": "npm run build",
    "cwd": "scratchpad/solver_panel/output_pristine/slot_107/workspace/davidfaure__horizontal-parallax-gallery-codrops__49c3ead7b70b/davidfaure__horizontal-parallax-gallery-codrops__49c3ead7b70b",
    "duration_sec": 5.4,
    "exit_code": 0,
    "stderr_path": "scratchpad/solver_panel/output_pristine/slot_107/states/davidfaure__horizontal-parallax-gallery-codrops__49c3ead7b70b/logs/build.stderr.log",
    "stdout_path": "scratchpad/solver_panel/output_pristine/slot_107/states/davidfaure__horizontal-parallax-gallery-codrops__49c3ead7b70b/logs/build.stdout.log",
    "timed_out": false
  },
  "capture": {
    "command": "node productwebbench/tools/playwright_capture.js scratchpad/solver_panel/output_pristine/slot_107/states/davidfaure__horizontal-parallax-gallery-codrops__49c3ead7b70b/capture_config.json",
    "cwd": "scratchpad/solver_panel/output_pristine/slot_107/workspace/davidfaure__horizontal-parallax-gallery-codrops__49c3ead7b70b/davidfaure__horizontal-parallax-gallery-codrops__49c3ead7b70b",
    "duration_sec": 71.841,
    "exit_code": 0,
    "stderr_path": "scratchpad/solver_panel/output_pristine/slot_107/states/davidfaure__horizontal-parallax-gallery-codrops__49c3ead7b70b/logs/capture.stderr.log",
    "stdout_path": "scratchpad/solver_panel/output_pristine/slot_107/states/davidfaure__horizontal-parallax-gallery-codrops__49c3ead7b70b/logs/capture.stdout.log",
    "timed_out": false
  },
  "dev_server": {
    "command": "python3 productwebbench/tools/static_server.py --directory dist 4100 --bind 127.0.0.1",
    "message": "HTTP 200",
    "port": 4100,
    "ready": true
  },
  "failure_stage": null,
  "project_root": "scratchpad/solver_panel/output_pristine/slot_107/workspace/davidfaure__horizontal-parallax-gallery-codrops__49c3ead7b70b/davidfaure__horizontal-parallax-gallery-codrops__49c3ead7b70b",
  "quality_pass": true,
  "repo_id": "davidfaure__horizontal-parallax-gallery-codrops__49c3ead7b70b",
  "skip_build": false,
  "skip_install": true,
  "state_capture": "scratchpad/solver_panel/output_pristine/slot_107/states/davidfaure__horizontal-parallax-gallery-codrops__49c3ead7b70b/state_capture.json",
  "states_dir": "scratchpad/solver_panel/output_pristine/slot_107/states/davidfaure__horizontal-parallax-gallery-codrops__49c3ead7b70b",
  "status": "passed"
}

--STDERR--
