{
  "build": {
    "command": "npm run build",
    "cwd": "scratchpad/solver_panel/output_pristine/slot_031/workspace/getastrothemes__lumio-lite-astro__0c515c9ad5a7/lumio-lite-astro-0c515c9ad5a7f704eef889e8fe7e9a227e97e781",
    "duration_sec": 19.996,
    "exit_code": 0,
    "stderr_path": "scratchpad/solver_panel/output_pristine/slot_031/states/getastrothemes__lumio-lite-astro__0c515c9ad5a7/logs/build.stderr.log",
    "stdout_path": "scratchpad/solver_panel/output_pristine/slot_031/states/getastrothemes__lumio-lite-astro__0c515c9ad5a7/logs/build.stdout.log",
    "timed_out": false
  },
  "capture": {
    "command": "node productwebbench/tools/playwright_capture.js scratchpad/solver_panel/output_pristine/slot_031/states/getastrothemes__lumio-lite-astro__0c515c9ad5a7/capture_config.json",
    "cwd": "scratchpad/solver_panel/output_pristine/slot_031/workspace/getastrothemes__lumio-lite-astro__0c515c9ad5a7/lumio-lite-astro-0c515c9ad5a7f704eef889e8fe7e9a227e97e781",
    "duration_sec": 91.948,
    "exit_code": 0,
    "stderr_path": "scratchpad/solver_panel/output_pristine/slot_031/states/getastrothemes__lumio-lite-astro__0c515c9ad5a7/logs/capture.stderr.log",
    "stdout_path": "scratchpad/solver_panel/output_pristine/slot_031/states/getastrothemes__lumio-lite-astro__0c515c9ad5a7/logs/capture.stdout.log",
    "timed_out": false
  },
  "dev_server": {
    "command": "python3 productwebbench/tools/static_server.py --directory dist 3700 --bind 127.0.0.1",
    "message": "HTTP 200",
    "port": 3700,
    "ready": true
  },
  "failure_stage": null,
  "project_root": "scratchpad/solver_panel/output_pristine/slot_031/workspace/getastrothemes__lumio-lite-astro__0c515c9ad5a7/lumio-lite-astro-0c515c9ad5a7f704eef889e8fe7e9a227e97e781",
  "quality_pass": true,
  "repo_id": "getastrothemes__lumio-lite-astro__0c515c9ad5a7",
  "skip_build": false,
  "skip_install": true,
  "state_capture": "scratchpad/solver_panel/output_pristine/slot_031/states/getastrothemes__lumio-lite-astro__0c515c9ad5a7/state_capture.json",
  "states_dir": "scratchpad/solver_panel/output_pristine/slot_031/states/getastrothemes__lumio-lite-astro__0c515c9ad5a7",
  "status": "passed"
}

--STDERR--
