{
  "capture": {
    "command": "node productwebbench/tools/playwright_capture.js scratchpad/solver_panel/output_pristine/slot_084/states/codrops__ImageGridEffects__30c994b61290/capture_config.json",
    "cwd": "scratchpad/solver_panel/output_pristine/slot_084/workspace/codrops__ImageGridEffects__30c994b61290/ImageGridEffects",
    "duration_sec": 174.737,
    "exit_code": 0,
    "stderr_path": "scratchpad/solver_panel/output_pristine/slot_084/states/codrops__ImageGridEffects__30c994b61290/logs/capture.stderr.log",
    "stdout_path": "scratchpad/solver_panel/output_pristine/slot_084/states/codrops__ImageGridEffects__30c994b61290/logs/capture.stdout.log",
    "timed_out": false
  },
  "dev_server": {
    "command": "python3 -m http.server 3400 --bind 127.0.0.1",
    "message": "HTTP 200",
    "port": 3400,
    "ready": true
  },
  "failure_stage": null,
  "install_skipped_reason": "static_site_can_be_served_without_node_install",
  "project_root": "scratchpad/solver_panel/output_pristine/slot_084/workspace/codrops__ImageGridEffects__30c994b61290/ImageGridEffects",
  "quality_pass": true,
  "repo_id": "codrops__ImageGridEffects__30c994b61290",
  "skip_build": false,
  "skip_install": true,
  "state_capture": "scratchpad/solver_panel/output_pristine/slot_084/states/codrops__ImageGridEffects__30c994b61290/state_capture.json",
  "states_dir": "scratchpad/solver_panel/output_pristine/slot_084/states/codrops__ImageGridEffects__30c994b61290",
  "status": "passed"
}

--STDERR--
