{
  "capture": {
    "command": "node productwebbench/tools/playwright_capture.js scratchpad/solver_panel/output_pristine/slot_319/states/farideghbali__startup-website-template__7905fbcba5c1/capture_config.json",
    "cwd": "scratchpad/solver_panel/output_pristine/slot_319/workspace/farideghbali__startup-website-template__7905fbcba5c1/startup-website-template-7905fbcba5c1729ef55a847c78afeb713ede5f46",
    "duration_sec": 84.504,
    "exit_code": 0,
    "stderr_path": "scratchpad/solver_panel/output_pristine/slot_319/states/farideghbali__startup-website-template__7905fbcba5c1/logs/capture.stderr.log",
    "stdout_path": "scratchpad/solver_panel/output_pristine/slot_319/states/farideghbali__startup-website-template__7905fbcba5c1/logs/capture.stdout.log",
    "timed_out": false
  },
  "dev_server": {
    "command": "python3 -m http.server 3500 --bind 127.0.0.1",
    "message": "HTTP 200",
    "port": 3500,
    "ready": true
  },
  "failure_stage": null,
  "install_skipped_reason": "static_site_can_be_served_without_node_install",
  "project_root": "scratchpad/solver_panel/output_pristine/slot_319/workspace/farideghbali__startup-website-template__7905fbcba5c1/startup-website-template-7905fbcba5c1729ef55a847c78afeb713ede5f46",
  "quality_pass": true,
  "repo_id": "farideghbali__startup-website-template__7905fbcba5c1",
  "skip_build": false,
  "skip_install": true,
  "state_capture": "scratchpad/solver_panel/output_pristine/slot_319/states/farideghbali__startup-website-template__7905fbcba5c1/state_capture.json",
  "states_dir": "scratchpad/solver_panel/output_pristine/slot_319/states/farideghbali__startup-website-template__7905fbcba5c1",
  "status": "passed"
}

--STDERR--
