{
  "capture": {
    "command": "node productwebbench/tools/playwright_capture.js scratchpad/solver_panel/output_pristine/slot_112/states/biazo__codrops-animate-shaders-with-gsap__bdd17aa4cf4b/capture_config.json",
    "cwd": "scratchpad/solver_panel/output_pristine/slot_112/workspace/biazo__codrops-animate-shaders-with-gsap__bdd17aa4cf4b/codrops-animate-shaders-with-gsap",
    "duration_sec": 180.079,
    "exit_code": null,
    "stderr_path": "scratchpad/solver_panel/output_pristine/slot_112/states/biazo__codrops-animate-shaders-with-gsap__bdd17aa4cf4b/logs/capture.stderr.log",
    "stdout_path": "scratchpad/solver_panel/output_pristine/slot_112/states/biazo__codrops-animate-shaders-with-gsap__bdd17aa4cf4b/logs/capture.stdout.log",
    "timed_out": true
  },
  "dev_server": {
    "command": "node scratchpad/solver_panel/output_pristine/slot_112/workspace/biazo__codrops-animate-shaders-with-gsap__bdd17aa4cf4b/codrops-animate-shaders-with-gsap/node_modules/.pnpm/vite@7.1.7/node_modules/vite/bin/vite.js --host 127.0.0.1 --port 4600",
    "message": "HTTP 200",
    "port": 4600,
    "ready": true
  },
  "failure_stage": "capture",
  "project_root": "scratchpad/solver_panel/output_pristine/slot_112/workspace/biazo__codrops-animate-shaders-with-gsap__bdd17aa4cf4b/codrops-animate-shaders-with-gsap",
  "repo_id": "biazo__codrops-animate-shaders-with-gsap__bdd17aa4cf4b",
  "skip_build": true,
  "skip_install": true,
  "states_dir": "scratchpad/solver_panel/output_pristine/slot_112/states/biazo__codrops-animate-shaders-with-gsap__bdd17aa4cf4b",
  "status": "failed"
}

--STDERR--
