{
  "build": {
    "command": "npm run build",
    "cwd": "scratchpad/solver_panel/output_pristine/slot_251/workspace/itsDaiton__business-website-template__adf37c84bded/itsDaiton__business-website-template__adf37c84bded",
    "duration_sec": 5.996,
    "exit_code": 0,
    "stderr_path": "scratchpad/solver_panel/output_pristine/slot_251/states/itsDaiton__business-website-template__adf37c84bded/logs/build.stderr.log",
    "stdout_path": "scratchpad/solver_panel/output_pristine/slot_251/states/itsDaiton__business-website-template__adf37c84bded/logs/build.stdout.log",
    "timed_out": false
  },
  "capture": {
    "command": "node productwebbench/tools/playwright_capture.js scratchpad/solver_panel/output_pristine/slot_251/states/itsDaiton__business-website-template__adf37c84bded/capture_config.json",
    "cwd": "scratchpad/solver_panel/output_pristine/slot_251/workspace/itsDaiton__business-website-template__adf37c84bded/itsDaiton__business-website-template__adf37c84bded",
    "duration_sec": 65.021,
    "exit_code": 0,
    "stderr_path": "scratchpad/solver_panel/output_pristine/slot_251/states/itsDaiton__business-website-template__adf37c84bded/logs/capture.stderr.log",
    "stdout_path": "scratchpad/solver_panel/output_pristine/slot_251/states/itsDaiton__business-website-template__adf37c84bded/logs/capture.stdout.log",
    "timed_out": false
  },
  "dev_server": {
    "command": "python3 productwebbench/tools/static_server.py --directory dist 3100 --bind 127.0.0.1",
    "message": "HTTP 200",
    "port": 3100,
    "ready": true
  },
  "failure_stage": null,
  "project_root": "scratchpad/solver_panel/output_pristine/slot_251/workspace/itsDaiton__business-website-template__adf37c84bded/itsDaiton__business-website-template__adf37c84bded",
  "quality_pass": true,
  "repo_id": "itsDaiton__business-website-template__adf37c84bded",
  "skip_build": false,
  "skip_install": true,
  "state_capture": "scratchpad/solver_panel/output_pristine/slot_251/states/itsDaiton__business-website-template__adf37c84bded/state_capture.json",
  "states_dir": "scratchpad/solver_panel/output_pristine/slot_251/states/itsDaiton__business-website-template__adf37c84bded",
  "status": "passed"
}

--STDERR--
