{
  "build": {
    "command": "npm run build",
    "cwd": "scratchpad/solver_panel/output_pristine/slot_036/workspace/mirsazzathossain__mirsazzathossain.me__444ad85fc691/mirsazzathossain__mirsazzathossain.me__444ad85fc691",
    "duration_sec": 4.922,
    "exit_code": 0,
    "stderr_path": "scratchpad/solver_panel/output_pristine/slot_036/states/mirsazzathossain__mirsazzathossain.me__444ad85fc691/logs/build.stderr.log",
    "stdout_path": "scratchpad/solver_panel/output_pristine/slot_036/states/mirsazzathossain__mirsazzathossain.me__444ad85fc691/logs/build.stdout.log",
    "timed_out": false
  },
  "capture": {
    "command": "node productwebbench/tools/playwright_capture.js scratchpad/solver_panel/output_pristine/slot_036/states/mirsazzathossain__mirsazzathossain.me__444ad85fc691/capture_config.json",
    "cwd": "scratchpad/solver_panel/output_pristine/slot_036/workspace/mirsazzathossain__mirsazzathossain.me__444ad85fc691/mirsazzathossain__mirsazzathossain.me__444ad85fc691",
    "duration_sec": 66.29,
    "exit_code": 0,
    "stderr_path": "scratchpad/solver_panel/output_pristine/slot_036/states/mirsazzathossain__mirsazzathossain.me__444ad85fc691/logs/capture.stderr.log",
    "stdout_path": "scratchpad/solver_panel/output_pristine/slot_036/states/mirsazzathossain__mirsazzathossain.me__444ad85fc691/logs/capture.stdout.log",
    "timed_out": false
  },
  "dev_server": {
    "command": "python3 productwebbench/tools/static_server.py --directory dist 3400 --bind 127.0.0.1",
    "message": "HTTP 200",
    "port": 3400,
    "ready": true
  },
  "failure_stage": null,
  "project_root": "scratchpad/solver_panel/output_pristine/slot_036/workspace/mirsazzathossain__mirsazzathossain.me__444ad85fc691/mirsazzathossain__mirsazzathossain.me__444ad85fc691",
  "quality_pass": true,
  "repo_id": "mirsazzathossain__mirsazzathossain.me__444ad85fc691",
  "skip_build": false,
  "skip_install": true,
  "state_capture": "scratchpad/solver_panel/output_pristine/slot_036/states/mirsazzathossain__mirsazzathossain.me__444ad85fc691/state_capture.json",
  "states_dir": "scratchpad/solver_panel/output_pristine/slot_036/states/mirsazzathossain__mirsazzathossain.me__444ad85fc691",
  "status": "passed"
}

--STDERR--
