{
  "capture": {
    "command": "node productwebbench/tools/playwright_capture.js scratchpad/solver_panel/output_pristine/slot_311/states/themewagon__folio-tailwind__5874e9698671/capture_config.json",
    "cwd": "scratchpad/solver_panel/output_pristine/slot_311/workspace/themewagon__folio-tailwind__5874e9698671/folio-tailwind-5874e9698671885cce7ae23f6813a2a7d84806fe",
    "duration_sec": 121.123,
    "exit_code": 0,
    "stderr_path": "scratchpad/solver_panel/output_pristine/slot_311/states/themewagon__folio-tailwind__5874e9698671/logs/capture.stderr.log",
    "stdout_path": "scratchpad/solver_panel/output_pristine/slot_311/states/themewagon__folio-tailwind__5874e9698671/logs/capture.stdout.log",
    "timed_out": false
  },
  "dev_server": {
    "command": "python3 -m http.server 4300 --bind 127.0.0.1",
    "message": "HTTP 200",
    "port": 4300,
    "ready": true
  },
  "failure_stage": null,
  "install_skipped_reason": "static_site_can_be_served_without_node_install",
  "project_root": "scratchpad/solver_panel/output_pristine/slot_311/workspace/themewagon__folio-tailwind__5874e9698671/folio-tailwind-5874e9698671885cce7ae23f6813a2a7d84806fe",
  "quality_pass": true,
  "repo_id": "themewagon__folio-tailwind__5874e9698671",
  "skip_build": false,
  "skip_install": true,
  "state_capture": "scratchpad/solver_panel/output_pristine/slot_311/states/themewagon__folio-tailwind__5874e9698671/state_capture.json",
  "states_dir": "scratchpad/solver_panel/output_pristine/slot_311/states/themewagon__folio-tailwind__5874e9698671",
  "status": "passed"
}

--STDERR--
