{
  "capture": {
    "command": "node productwebbench/tools/playwright_capture.js scratchpad/solver_panel/output_pristine/slot_055/states/surjithctly__documentation-html-template__9b68730865da/capture_config.json",
    "cwd": "scratchpad/solver_panel/output_pristine/slot_055/workspace/surjithctly__documentation-html-template__9b68730865da/documentation-html-template-9b68730865daa80a4a3fd1a3eee4a2b6dde01db5",
    "duration_sec": 155.483,
    "exit_code": 0,
    "stderr_path": "scratchpad/solver_panel/output_pristine/slot_055/states/surjithctly__documentation-html-template__9b68730865da/logs/capture.stderr.log",
    "stdout_path": "scratchpad/solver_panel/output_pristine/slot_055/states/surjithctly__documentation-html-template__9b68730865da/logs/capture.stdout.log",
    "timed_out": false
  },
  "dev_server": {
    "command": "python3 -m http.server 3700 --bind 127.0.0.1",
    "message": "HTTP 200",
    "port": 3700,
    "ready": true
  },
  "failure_stage": null,
  "install_skipped_reason": "static_site_can_be_served_without_node_install",
  "project_root": "scratchpad/solver_panel/output_pristine/slot_055/workspace/surjithctly__documentation-html-template__9b68730865da/documentation-html-template-9b68730865daa80a4a3fd1a3eee4a2b6dde01db5",
  "quality_pass": true,
  "repo_id": "surjithctly__documentation-html-template__9b68730865da",
  "skip_build": false,
  "skip_install": true,
  "state_capture": "scratchpad/solver_panel/output_pristine/slot_055/states/surjithctly__documentation-html-template__9b68730865da/state_capture.json",
  "states_dir": "scratchpad/solver_panel/output_pristine/slot_055/states/surjithctly__documentation-html-template__9b68730865da",
  "status": "passed"
}

--STDERR--
