{
  "capture": {
    "command": "node productwebbench/tools/playwright_capture.js scratchpad/solver_panel/output_pristine/slot_312/states/front-end-by-rimantas__18-grupe-portfolio-saas-one__99b60aae532f/capture_config.json",
    "cwd": "scratchpad/solver_panel/output_pristine/slot_312/workspace/front-end-by-rimantas__18-grupe-portfolio-saas-one__99b60aae532f/front-end-by-rimantas__18-grupe-portfolio-saas-one__99b60aae532f",
    "duration_sec": 49.339,
    "exit_code": 0,
    "stderr_path": "scratchpad/solver_panel/output_pristine/slot_312/states/front-end-by-rimantas__18-grupe-portfolio-saas-one__99b60aae532f/logs/capture.stderr.log",
    "stdout_path": "scratchpad/solver_panel/output_pristine/slot_312/states/front-end-by-rimantas__18-grupe-portfolio-saas-one__99b60aae532f/logs/capture.stdout.log",
    "timed_out": false
  },
  "dev_server": {
    "command": "python3 -m http.server 4400 --bind 127.0.0.1",
    "message": "HTTP 200",
    "port": 4400,
    "ready": true
  },
  "failure_stage": null,
  "install_skipped_reason": "static_site_can_be_served_without_node_install",
  "project_root": "scratchpad/solver_panel/output_pristine/slot_312/workspace/front-end-by-rimantas__18-grupe-portfolio-saas-one__99b60aae532f/front-end-by-rimantas__18-grupe-portfolio-saas-one__99b60aae532f",
  "quality_pass": true,
  "repo_id": "front-end-by-rimantas__18-grupe-portfolio-saas-one__99b60aae532f",
  "skip_build": false,
  "skip_install": true,
  "state_capture": "scratchpad/solver_panel/output_pristine/slot_312/states/front-end-by-rimantas__18-grupe-portfolio-saas-one__99b60aae532f/state_capture.json",
  "states_dir": "scratchpad/solver_panel/output_pristine/slot_312/states/front-end-by-rimantas__18-grupe-portfolio-saas-one__99b60aae532f",
  "status": "passed"
}

--STDERR--
