{
  "capture": {
    "command": "node productwebbench/tools/playwright_capture.js scratchpad/solver_panel/output_pristine/slot_241/states/StartBootstrap__startbootstrap-sb-admin-2__f0309881ef82/capture_config.json",
    "cwd": "scratchpad/solver_panel/output_pristine/slot_241/workspace/StartBootstrap__startbootstrap-sb-admin-2__f0309881ef82/startbootstrap-sb-admin-2-f0309881ef82794a1bd6257cd321801bc38a0f3d",
    "duration_sec": 43.926,
    "exit_code": 0,
    "stderr_path": "scratchpad/solver_panel/output_pristine/slot_241/states/StartBootstrap__startbootstrap-sb-admin-2__f0309881ef82/logs/capture.stderr.log",
    "stdout_path": "scratchpad/solver_panel/output_pristine/slot_241/states/StartBootstrap__startbootstrap-sb-admin-2__f0309881ef82/logs/capture.stdout.log",
    "timed_out": false
  },
  "dev_server": {
    "command": "python3 -m http.server 3700 --bind 127.0.0.1",
    "message": "HTTP 200",
    "port": 3700,
    "ready": true
  },
  "failure_stage": null,
  "install_skipped_reason": "static_site_can_be_served_without_node_install",
  "project_root": "scratchpad/solver_panel/output_pristine/slot_241/workspace/StartBootstrap__startbootstrap-sb-admin-2__f0309881ef82/startbootstrap-sb-admin-2-f0309881ef82794a1bd6257cd321801bc38a0f3d",
  "quality_pass": true,
  "repo_id": "StartBootstrap__startbootstrap-sb-admin-2__f0309881ef82",
  "skip_build": false,
  "skip_install": true,
  "state_capture": "scratchpad/solver_panel/output_pristine/slot_241/states/StartBootstrap__startbootstrap-sb-admin-2__f0309881ef82/state_capture.json",
  "states_dir": "scratchpad/solver_panel/output_pristine/slot_241/states/StartBootstrap__startbootstrap-sb-admin-2__f0309881ef82",
  "status": "passed"
}

--STDERR--
