{
  "build": {
    "command": "npm run build",
    "cwd": "scratchpad/solver_panel/output_pristine/slot_020/workspace/crnacura__PlayersClub__7ce7892ecf5a/PlayersClub",
    "duration_sec": 13.789,
    "exit_code": 0,
    "stderr_path": "scratchpad/solver_panel/output_pristine/slot_020/states/crnacura__PlayersClub__7ce7892ecf5a/logs/build.stderr.log",
    "stdout_path": "scratchpad/solver_panel/output_pristine/slot_020/states/crnacura__PlayersClub__7ce7892ecf5a/logs/build.stdout.log",
    "timed_out": false
  },
  "capture": {
    "command": "node productwebbench/tools/playwright_capture.js scratchpad/solver_panel/output_pristine/slot_020/states/crnacura__PlayersClub__7ce7892ecf5a/capture_config.json",
    "cwd": "scratchpad/solver_panel/output_pristine/slot_020/workspace/crnacura__PlayersClub__7ce7892ecf5a/PlayersClub",
    "duration_sec": 71.646,
    "exit_code": 0,
    "stderr_path": "scratchpad/solver_panel/output_pristine/slot_020/states/crnacura__PlayersClub__7ce7892ecf5a/logs/capture.stderr.log",
    "stdout_path": "scratchpad/solver_panel/output_pristine/slot_020/states/crnacura__PlayersClub__7ce7892ecf5a/logs/capture.stdout.log",
    "timed_out": false
  },
  "dev_server": {
    "command": "python3 productwebbench/tools/static_server.py --directory dist 3400 --bind 127.0.0.1",
    "message": "HTTP 200",
    "port": 3400,
    "ready": true
  },
  "failure_stage": null,
  "project_root": "scratchpad/solver_panel/output_pristine/slot_020/workspace/crnacura__PlayersClub__7ce7892ecf5a/PlayersClub",
  "quality_pass": true,
  "repo_id": "crnacura__PlayersClub__7ce7892ecf5a",
  "skip_build": false,
  "skip_install": true,
  "state_capture": "scratchpad/solver_panel/output_pristine/slot_020/states/crnacura__PlayersClub__7ce7892ecf5a/state_capture.json",
  "states_dir": "scratchpad/solver_panel/output_pristine/slot_020/states/crnacura__PlayersClub__7ce7892ecf5a",
  "status": "passed"
}

--STDERR--
