{
  "build": {
    "command": "npm run build",
    "cwd": "scratchpad/solver_panel/output_pristine/slot_272/workspace/cullenwebber__three-skull__5c5d6f84c424/three-skull",
    "duration_sec": 1.634,
    "exit_code": 0,
    "stderr_path": "scratchpad/solver_panel/output_pristine/slot_272/states/cullenwebber__three-skull__5c5d6f84c424/logs/build.stderr.log",
    "stdout_path": "scratchpad/solver_panel/output_pristine/slot_272/states/cullenwebber__three-skull__5c5d6f84c424/logs/build.stdout.log",
    "timed_out": false
  },
  "capture": {
    "command": "node productwebbench/tools/playwright_capture.js scratchpad/solver_panel/output_pristine/slot_272/states/cullenwebber__three-skull__5c5d6f84c424/capture_config.json",
    "cwd": "scratchpad/solver_panel/output_pristine/slot_272/workspace/cullenwebber__three-skull__5c5d6f84c424/three-skull",
    "duration_sec": 180.012,
    "exit_code": null,
    "stderr_path": "scratchpad/solver_panel/output_pristine/slot_272/states/cullenwebber__three-skull__5c5d6f84c424/logs/capture.stderr.log",
    "stdout_path": "scratchpad/solver_panel/output_pristine/slot_272/states/cullenwebber__three-skull__5c5d6f84c424/logs/capture.stdout.log",
    "timed_out": true
  },
  "dev_server": {
    "command": "python3 productwebbench/tools/static_server.py --directory dist 3600 --bind 127.0.0.1",
    "message": "HTTP 200",
    "port": 3600,
    "ready": true
  },
  "failure_stage": "capture",
  "project_root": "scratchpad/solver_panel/output_pristine/slot_272/workspace/cullenwebber__three-skull__5c5d6f84c424/three-skull",
  "repo_id": "cullenwebber__three-skull__5c5d6f84c424",
  "skip_build": false,
  "skip_install": true,
  "states_dir": "scratchpad/solver_panel/output_pristine/slot_272/states/cullenwebber__three-skull__5c5d6f84c424",
  "status": "failed"
}

--STDERR--
