{
  "capture": {
    "command": "node productwebbench/tools/playwright_capture.js scratchpad/solver_panel/output_pristine/slot_161/states/OzymaCode__Shoe-Store-Template__be8710b81f3d/capture_config.json",
    "cwd": "scratchpad/solver_panel/output_pristine/slot_161/workspace/OzymaCode__Shoe-Store-Template__be8710b81f3d/Shoe-Store-Template-be8710b81f3d9f933023e79de8a0b49e709bf5df",
    "duration_sec": 180.014,
    "exit_code": null,
    "stderr_path": "scratchpad/solver_panel/output_pristine/slot_161/states/OzymaCode__Shoe-Store-Template__be8710b81f3d/logs/capture.stderr.log",
    "stdout_path": "scratchpad/solver_panel/output_pristine/slot_161/states/OzymaCode__Shoe-Store-Template__be8710b81f3d/logs/capture.stdout.log",
    "timed_out": true
  },
  "dev_server": {
    "command": "python3 -m http.server 3100 --bind 127.0.0.1",
    "message": "HTTP 200",
    "port": 3100,
    "ready": true
  },
  "failure_stage": "capture",
  "install_skipped_reason": "static_site_can_be_served_without_node_install",
  "project_root": "scratchpad/solver_panel/output_pristine/slot_161/workspace/OzymaCode__Shoe-Store-Template__be8710b81f3d/Shoe-Store-Template-be8710b81f3d9f933023e79de8a0b49e709bf5df",
  "repo_id": "OzymaCode__Shoe-Store-Template__be8710b81f3d",
  "skip_build": false,
  "skip_install": true,
  "states_dir": "scratchpad/solver_panel/output_pristine/slot_161/states/OzymaCode__Shoe-Store-Template__be8710b81f3d",
  "status": "failed"
}

--STDERR--
