{
  "build": {
    "command": "npm run build",
    "cwd": "scratchpad/solver_panel/output_pristine/slot_318/workspace/feroz39__snapfolio__5d6d907e32ed/snapfolio-5d6d907e32ed4d54d84ca97fb80a3cad4aa07fb7",
    "duration_sec": 1.222,
    "exit_code": 0,
    "stderr_path": "scratchpad/solver_panel/output_pristine/slot_318/states/feroz39__snapfolio__5d6d907e32ed/logs/build.stderr.log",
    "stdout_path": "scratchpad/solver_panel/output_pristine/slot_318/states/feroz39__snapfolio__5d6d907e32ed/logs/build.stdout.log",
    "timed_out": false
  },
  "capture": {
    "command": "node productwebbench/tools/playwright_capture.js scratchpad/solver_panel/output_pristine/slot_318/states/feroz39__snapfolio__5d6d907e32ed/capture_config.json",
    "cwd": "scratchpad/solver_panel/output_pristine/slot_318/workspace/feroz39__snapfolio__5d6d907e32ed/snapfolio-5d6d907e32ed4d54d84ca97fb80a3cad4aa07fb7",
    "duration_sec": 80.0,
    "exit_code": 0,
    "stderr_path": "scratchpad/solver_panel/output_pristine/slot_318/states/feroz39__snapfolio__5d6d907e32ed/logs/capture.stderr.log",
    "stdout_path": "scratchpad/solver_panel/output_pristine/slot_318/states/feroz39__snapfolio__5d6d907e32ed/logs/capture.stdout.log",
    "timed_out": false
  },
  "dev_server": {
    "command": "python3 productwebbench/tools/static_server.py --directory src 3400 --bind 127.0.0.1",
    "message": "HTTP 200",
    "port": 3400,
    "ready": true
  },
  "failure_stage": null,
  "project_root": "scratchpad/solver_panel/output_pristine/slot_318/workspace/feroz39__snapfolio__5d6d907e32ed/snapfolio-5d6d907e32ed4d54d84ca97fb80a3cad4aa07fb7",
  "quality_pass": true,
  "repo_id": "feroz39__snapfolio__5d6d907e32ed",
  "skip_build": false,
  "skip_install": true,
  "state_capture": "scratchpad/solver_panel/output_pristine/slot_318/states/feroz39__snapfolio__5d6d907e32ed/state_capture.json",
  "states_dir": "scratchpad/solver_panel/output_pristine/slot_318/states/feroz39__snapfolio__5d6d907e32ed",
  "status": "passed"
}

--STDERR--
