{
  "build": {
    "command": "npm run build",
    "cwd": "scratchpad/solver_panel/output_pristine/slot_136/workspace/adrianhajdin__gsap_macbook_landing__5312059f07a5/adrianhajdin__gsap_macbook_landing__5312059f07a5",
    "duration_sec": 4.149,
    "exit_code": 0,
    "stderr_path": "scratchpad/solver_panel/output_pristine/slot_136/states/adrianhajdin__gsap_macbook_landing__5312059f07a5/logs/build.stderr.log",
    "stdout_path": "scratchpad/solver_panel/output_pristine/slot_136/states/adrianhajdin__gsap_macbook_landing__5312059f07a5/logs/build.stdout.log",
    "timed_out": false
  },
  "capture": {
    "command": "node productwebbench/tools/playwright_capture.js scratchpad/solver_panel/output_pristine/slot_136/states/adrianhajdin__gsap_macbook_landing__5312059f07a5/capture_config.json",
    "cwd": "scratchpad/solver_panel/output_pristine/slot_136/workspace/adrianhajdin__gsap_macbook_landing__5312059f07a5/adrianhajdin__gsap_macbook_landing__5312059f07a5",
    "duration_sec": 109.723,
    "exit_code": 0,
    "stderr_path": "scratchpad/solver_panel/output_pristine/slot_136/states/adrianhajdin__gsap_macbook_landing__5312059f07a5/logs/capture.stderr.log",
    "stdout_path": "scratchpad/solver_panel/output_pristine/slot_136/states/adrianhajdin__gsap_macbook_landing__5312059f07a5/logs/capture.stdout.log",
    "timed_out": false
  },
  "dev_server": {
    "command": "python3 productwebbench/tools/static_server.py --directory dist 3800 --bind 127.0.0.1",
    "message": "HTTP 200",
    "port": 3800,
    "ready": true
  },
  "failure_stage": null,
  "project_root": "scratchpad/solver_panel/output_pristine/slot_136/workspace/adrianhajdin__gsap_macbook_landing__5312059f07a5/adrianhajdin__gsap_macbook_landing__5312059f07a5",
  "quality_pass": true,
  "repo_id": "adrianhajdin__gsap_macbook_landing__5312059f07a5",
  "skip_build": false,
  "skip_install": true,
  "state_capture": "scratchpad/solver_panel/output_pristine/slot_136/states/adrianhajdin__gsap_macbook_landing__5312059f07a5/state_capture.json",
  "states_dir": "scratchpad/solver_panel/output_pristine/slot_136/states/adrianhajdin__gsap_macbook_landing__5312059f07a5",
  "status": "passed"
}

--STDERR--
