{
  "capture": {
    "command": "node productwebbench/tools/playwright_capture.js scratchpad/solver_panel/output_pristine/slot_070/states/devmamunur__Babsa-Business-And-Agency-HTML-Template__f5c1465b8112/capture_config.json",
    "cwd": "scratchpad/solver_panel/output_pristine/slot_070/workspace/devmamunur__Babsa-Business-And-Agency-HTML-Template__f5c1465b8112/Babsa-Business-And-Agency-HTML-Template-f5c1465b811252572e146c53b9a4b71fb64eff73",
    "duration_sec": 115.011,
    "exit_code": 0,
    "stderr_path": "scratchpad/solver_panel/output_pristine/slot_070/states/devmamunur__Babsa-Business-And-Agency-HTML-Template__f5c1465b8112/logs/capture.stderr.log",
    "stdout_path": "scratchpad/solver_panel/output_pristine/slot_070/states/devmamunur__Babsa-Business-And-Agency-HTML-Template__f5c1465b8112/logs/capture.stdout.log",
    "timed_out": false
  },
  "dev_server": {
    "command": "python3 -m http.server 3600 --bind 127.0.0.1",
    "message": "HTTP 200",
    "port": 3600,
    "ready": true
  },
  "failure_stage": null,
  "install_skipped_reason": "static_site_can_be_served_without_node_install",
  "project_root": "scratchpad/solver_panel/output_pristine/slot_070/workspace/devmamunur__Babsa-Business-And-Agency-HTML-Template__f5c1465b8112/Babsa-Business-And-Agency-HTML-Template-f5c1465b811252572e146c53b9a4b71fb64eff73",
  "quality_pass": true,
  "repo_id": "devmamunur__Babsa-Business-And-Agency-HTML-Template__f5c1465b8112",
  "skip_build": false,
  "skip_install": true,
  "state_capture": "scratchpad/solver_panel/output_pristine/slot_070/states/devmamunur__Babsa-Business-And-Agency-HTML-Template__f5c1465b8112/state_capture.json",
  "states_dir": "scratchpad/solver_panel/output_pristine/slot_070/states/devmamunur__Babsa-Business-And-Agency-HTML-Template__f5c1465b8112",
  "status": "passed"
}

--STDERR--
