{
  "capture": {
    "command": "node productwebbench/tools/playwright_capture.js scratchpad/solver_panel/output_pristine/slot_110/states/ThePratham28__E-Commerce-Website-Template__2f069161cfd7/capture_config.json",
    "cwd": "scratchpad/solver_panel/output_pristine/slot_110/workspace/ThePratham28__E-Commerce-Website-Template__2f069161cfd7/ThePratham28__E-Commerce-Website-Template__2f069161cfd7",
    "duration_sec": 41.191,
    "exit_code": 0,
    "stderr_path": "scratchpad/solver_panel/output_pristine/slot_110/states/ThePratham28__E-Commerce-Website-Template__2f069161cfd7/logs/capture.stderr.log",
    "stdout_path": "scratchpad/solver_panel/output_pristine/slot_110/states/ThePratham28__E-Commerce-Website-Template__2f069161cfd7/logs/capture.stdout.log",
    "timed_out": false
  },
  "dev_server": {
    "command": "python3 -m http.server 4400 --bind 127.0.0.1",
    "message": "HTTP 200",
    "port": 4400,
    "ready": true
  },
  "failure_stage": null,
  "install_skipped_reason": "static_site_can_be_served_without_node_install",
  "project_root": "scratchpad/solver_panel/output_pristine/slot_110/workspace/ThePratham28__E-Commerce-Website-Template__2f069161cfd7/ThePratham28__E-Commerce-Website-Template__2f069161cfd7",
  "quality_pass": true,
  "repo_id": "ThePratham28__E-Commerce-Website-Template__2f069161cfd7",
  "skip_build": false,
  "skip_install": true,
  "state_capture": "scratchpad/solver_panel/output_pristine/slot_110/states/ThePratham28__E-Commerce-Website-Template__2f069161cfd7/state_capture.json",
  "states_dir": "scratchpad/solver_panel/output_pristine/slot_110/states/ThePratham28__E-Commerce-Website-Template__2f069161cfd7",
  "status": "passed"
}

--STDERR--
