{
  "build": {
    "command": "npm run build",
    "cwd": "scratchpad/solver_panel/output_pristine/slot_141/workspace/brunoimbrizi__interactive-particles__efe300f9cd2b/brunoimbrizi__interactive-particles__efe300f9cd2b",
    "duration_sec": 1.317,
    "exit_code": 0,
    "stderr_path": "scratchpad/solver_panel/output_pristine/slot_141/states/brunoimbrizi__interactive-particles__efe300f9cd2b/logs/build.stderr.log",
    "stdout_path": "scratchpad/solver_panel/output_pristine/slot_141/states/brunoimbrizi__interactive-particles__efe300f9cd2b/logs/build.stdout.log",
    "timed_out": false
  },
  "capture": {
    "command": "node productwebbench/tools/playwright_capture.js scratchpad/solver_panel/output_pristine/slot_141/states/brunoimbrizi__interactive-particles__efe300f9cd2b/capture_config.json",
    "cwd": "scratchpad/solver_panel/output_pristine/slot_141/workspace/brunoimbrizi__interactive-particles__efe300f9cd2b/brunoimbrizi__interactive-particles__efe300f9cd2b",
    "duration_sec": 61.954,
    "exit_code": 0,
    "stderr_path": "scratchpad/solver_panel/output_pristine/slot_141/states/brunoimbrizi__interactive-particles__efe300f9cd2b/logs/capture.stderr.log",
    "stdout_path": "scratchpad/solver_panel/output_pristine/slot_141/states/brunoimbrizi__interactive-particles__efe300f9cd2b/logs/capture.stdout.log",
    "timed_out": false
  },
  "dev_server": {
    "command": "python3 -m http.server 4300 --bind 127.0.0.1",
    "message": "HTTP 200",
    "port": 4300,
    "ready": true
  },
  "failure_stage": null,
  "project_root": "scratchpad/solver_panel/output_pristine/slot_141/workspace/brunoimbrizi__interactive-particles__efe300f9cd2b/brunoimbrizi__interactive-particles__efe300f9cd2b",
  "quality_pass": true,
  "repo_id": "brunoimbrizi__interactive-particles__efe300f9cd2b",
  "skip_build": false,
  "skip_install": true,
  "state_capture": "scratchpad/solver_panel/output_pristine/slot_141/states/brunoimbrizi__interactive-particles__efe300f9cd2b/state_capture.json",
  "states_dir": "scratchpad/solver_panel/output_pristine/slot_141/states/brunoimbrizi__interactive-particles__efe300f9cd2b",
  "status": "passed"
}

--STDERR--
