{
  "build": {
    "command": "npm run build",
    "cwd": "scratchpad/solver_panel/output_pristine/slot_188/workspace/ronald-hove__Angular-Portfolio-Template__f5729c848e0d/Angular-Portfolio-Template-f5729c848e0d0893fd37c07faca1065b1568beee",
    "duration_sec": 11.961,
    "exit_code": 0,
    "stderr_path": "scratchpad/solver_panel/output_pristine/slot_188/states/ronald-hove__Angular-Portfolio-Template__f5729c848e0d/logs/build.stderr.log",
    "stdout_path": "scratchpad/solver_panel/output_pristine/slot_188/states/ronald-hove__Angular-Portfolio-Template__f5729c848e0d/logs/build.stdout.log",
    "timed_out": false
  },
  "capture": {
    "command": "node productwebbench/tools/playwright_capture.js scratchpad/solver_panel/output_pristine/slot_188/states/ronald-hove__Angular-Portfolio-Template__f5729c848e0d/capture_config.json",
    "cwd": "scratchpad/solver_panel/output_pristine/slot_188/workspace/ronald-hove__Angular-Portfolio-Template__f5729c848e0d/Angular-Portfolio-Template-f5729c848e0d0893fd37c07faca1065b1568beee",
    "duration_sec": 42.318,
    "exit_code": 0,
    "stderr_path": "scratchpad/solver_panel/output_pristine/slot_188/states/ronald-hove__Angular-Portfolio-Template__f5729c848e0d/logs/capture.stderr.log",
    "stdout_path": "scratchpad/solver_panel/output_pristine/slot_188/states/ronald-hove__Angular-Portfolio-Template__f5729c848e0d/logs/capture.stdout.log",
    "timed_out": false
  },
  "dev_server": {
    "command": "python3 -m http.server 4200 --bind 127.0.0.1",
    "message": "HTTP 200",
    "port": 4200,
    "ready": true
  },
  "failure_stage": null,
  "project_root": "scratchpad/solver_panel/output_pristine/slot_188/workspace/ronald-hove__Angular-Portfolio-Template__f5729c848e0d/Angular-Portfolio-Template-f5729c848e0d0893fd37c07faca1065b1568beee",
  "quality_pass": true,
  "repo_id": "ronald-hove__Angular-Portfolio-Template__f5729c848e0d",
  "skip_build": false,
  "skip_install": true,
  "state_capture": "scratchpad/solver_panel/output_pristine/slot_188/states/ronald-hove__Angular-Portfolio-Template__f5729c848e0d/state_capture.json",
  "states_dir": "scratchpad/solver_panel/output_pristine/slot_188/states/ronald-hove__Angular-Portfolio-Template__f5729c848e0d",
  "status": "passed"
}

--STDERR--
