{
  "build": {
    "command": "npm run build",
    "cwd": "scratchpad/solver_panel/output_pristine/slot_040/workspace/themeselection__materio-mui-nextjs-admin-template-free__3f28aff61118/materio-mui-nextjs-admin-template-free-3f28aff6111823a24357bbe87fcef312b399d20c/typescript-version",
    "duration_sec": 128.78,
    "exit_code": 0,
    "stderr_path": "scratchpad/solver_panel/output_pristine/slot_040/states/themeselection__materio-mui-nextjs-admin-template-free__3f28aff61118/logs/build.stderr.log",
    "stdout_path": "scratchpad/solver_panel/output_pristine/slot_040/states/themeselection__materio-mui-nextjs-admin-template-free__3f28aff61118/logs/build.stdout.log",
    "timed_out": false
  },
  "capture": {
    "command": "node productwebbench/tools/playwright_capture.js scratchpad/solver_panel/output_pristine/slot_040/states/themeselection__materio-mui-nextjs-admin-template-free__3f28aff61118/capture_config.json",
    "cwd": "scratchpad/solver_panel/output_pristine/slot_040/workspace/themeselection__materio-mui-nextjs-admin-template-free__3f28aff61118/materio-mui-nextjs-admin-template-free-3f28aff6111823a24357bbe87fcef312b399d20c/typescript-version",
    "duration_sec": 123.453,
    "exit_code": 0,
    "stderr_path": "scratchpad/solver_panel/output_pristine/slot_040/states/themeselection__materio-mui-nextjs-admin-template-free__3f28aff61118/logs/capture.stderr.log",
    "stdout_path": "scratchpad/solver_panel/output_pristine/slot_040/states/themeselection__materio-mui-nextjs-admin-template-free__3f28aff61118/logs/capture.stdout.log",
    "timed_out": false
  },
  "dev_server": {
    "command": "npm run start -- --hostname 127.0.0.1 --port 3100",
    "message": "HTTP 200",
    "port": 3100,
    "ready": true
  },
  "failure_stage": null,
  "project_root": "scratchpad/solver_panel/output_pristine/slot_040/workspace/themeselection__materio-mui-nextjs-admin-template-free__3f28aff61118/materio-mui-nextjs-admin-template-free-3f28aff6111823a24357bbe87fcef312b399d20c/typescript-version",
  "quality_pass": true,
  "repo_id": "themeselection__materio-mui-nextjs-admin-template-free__3f28aff61118",
  "skip_build": false,
  "skip_install": true,
  "state_capture": "scratchpad/solver_panel/output_pristine/slot_040/states/themeselection__materio-mui-nextjs-admin-template-free__3f28aff61118/state_capture.json",
  "states_dir": "scratchpad/solver_panel/output_pristine/slot_040/states/themeselection__materio-mui-nextjs-admin-template-free__3f28aff61118",
  "status": "passed"
}

--STDERR--
