{
  "capture": {
    "command": "node productwebbench/tools/playwright_capture.js scratchpad/solver_panel/output_pristine/slot_121/states/jgchenu__bootstrap-blog-template__2bd54b765f71/capture_config.json",
    "cwd": "scratchpad/solver_panel/output_pristine/slot_121/workspace/jgchenu__bootstrap-blog-template__2bd54b765f71/bootstrap-blog-template-2bd54b765f71e8e4f19aabc1ec67cc3a852f742b",
    "duration_sec": 27.842,
    "exit_code": 0,
    "stderr_path": "scratchpad/solver_panel/output_pristine/slot_121/states/jgchenu__bootstrap-blog-template__2bd54b765f71/logs/capture.stderr.log",
    "stdout_path": "scratchpad/solver_panel/output_pristine/slot_121/states/jgchenu__bootstrap-blog-template__2bd54b765f71/logs/capture.stdout.log",
    "timed_out": false
  },
  "dev_server": {
    "command": "python3 -m http.server 3900 --bind 127.0.0.1",
    "message": "HTTP 200",
    "port": 3900,
    "ready": true
  },
  "failure_stage": null,
  "install_skipped_reason": "static_site_can_be_served_without_node_install",
  "project_root": "scratchpad/solver_panel/output_pristine/slot_121/workspace/jgchenu__bootstrap-blog-template__2bd54b765f71/bootstrap-blog-template-2bd54b765f71e8e4f19aabc1ec67cc3a852f742b",
  "quality_pass": true,
  "repo_id": "jgchenu__bootstrap-blog-template__2bd54b765f71",
  "skip_build": false,
  "skip_install": true,
  "state_capture": "scratchpad/solver_panel/output_pristine/slot_121/states/jgchenu__bootstrap-blog-template__2bd54b765f71/state_capture.json",
  "states_dir": "scratchpad/solver_panel/output_pristine/slot_121/states/jgchenu__bootstrap-blog-template__2bd54b765f71",
  "status": "passed"
}

--STDERR--
