{
  "capture": {
    "command": "node productwebbench/tools/playwright_capture.js scratchpad/solver_panel/output_pristine/slot_296/states/creativetimofficial__paper-dashboard__92e9e76885c3/capture_config.json",
    "cwd": "scratchpad/solver_panel/output_pristine/slot_296/workspace/creativetimofficial__paper-dashboard__92e9e76885c3/paper-dashboard-92e9e76885c37b7f89720e9f82c48a7b464089e7",
    "duration_sec": 52.347,
    "exit_code": 0,
    "stderr_path": "scratchpad/solver_panel/output_pristine/slot_296/states/creativetimofficial__paper-dashboard__92e9e76885c3/logs/capture.stderr.log",
    "stdout_path": "scratchpad/solver_panel/output_pristine/slot_296/states/creativetimofficial__paper-dashboard__92e9e76885c3/logs/capture.stdout.log",
    "timed_out": false
  },
  "dev_server": {
    "command": "python3 -m http.server 4400 --bind 127.0.0.1",
    "message": "HTTP 200",
    "port": 4400,
    "ready": true
  },
  "failure_stage": null,
  "install_skipped_reason": "static_site_can_be_served_without_node_install",
  "project_root": "scratchpad/solver_panel/output_pristine/slot_296/workspace/creativetimofficial__paper-dashboard__92e9e76885c3/paper-dashboard-92e9e76885c37b7f89720e9f82c48a7b464089e7",
  "quality_pass": true,
  "repo_id": "creativetimofficial__paper-dashboard__92e9e76885c3",
  "skip_build": false,
  "skip_install": true,
  "state_capture": "scratchpad/solver_panel/output_pristine/slot_296/states/creativetimofficial__paper-dashboard__92e9e76885c3/state_capture.json",
  "states_dir": "scratchpad/solver_panel/output_pristine/slot_296/states/creativetimofficial__paper-dashboard__92e9e76885c3",
  "status": "passed"
}

--STDERR--
