{
  "build": {
    "command": "npm run build",
    "cwd": "scratchpad/solver_panel/output_pristine/slot_003/workspace/coreui__coreui-free-bootstrap-admin-template__487cd57dcb54/coreui__coreui-free-bootstrap-admin-template__487cd57dcb54",
    "duration_sec": 10.507,
    "exit_code": 0,
    "stderr_path": "scratchpad/solver_panel/output_pristine/slot_003/states/coreui__coreui-free-bootstrap-admin-template__487cd57dcb54/logs/build.stderr.log",
    "stdout_path": "scratchpad/solver_panel/output_pristine/slot_003/states/coreui__coreui-free-bootstrap-admin-template__487cd57dcb54/logs/build.stdout.log",
    "timed_out": false
  },
  "capture": {
    "command": "node productwebbench/tools/playwright_capture.js scratchpad/solver_panel/output_pristine/slot_003/states/coreui__coreui-free-bootstrap-admin-template__487cd57dcb54/capture_config.json",
    "cwd": "scratchpad/solver_panel/output_pristine/slot_003/workspace/coreui__coreui-free-bootstrap-admin-template__487cd57dcb54/coreui__coreui-free-bootstrap-admin-template__487cd57dcb54",
    "duration_sec": 69.752,
    "exit_code": 0,
    "stderr_path": "scratchpad/solver_panel/output_pristine/slot_003/states/coreui__coreui-free-bootstrap-admin-template__487cd57dcb54/logs/capture.stderr.log",
    "stdout_path": "scratchpad/solver_panel/output_pristine/slot_003/states/coreui__coreui-free-bootstrap-admin-template__487cd57dcb54/logs/capture.stdout.log",
    "timed_out": false
  },
  "dev_server": {
    "command": "python3 productwebbench/tools/static_server.py --directory dist 3300 --bind 127.0.0.1",
    "message": "HTTP 200",
    "port": 3300,
    "ready": true
  },
  "failure_stage": null,
  "project_root": "scratchpad/solver_panel/output_pristine/slot_003/workspace/coreui__coreui-free-bootstrap-admin-template__487cd57dcb54/coreui__coreui-free-bootstrap-admin-template__487cd57dcb54",
  "quality_pass": true,
  "repo_id": "coreui__coreui-free-bootstrap-admin-template__487cd57dcb54",
  "skip_build": false,
  "skip_install": true,
  "state_capture": "scratchpad/solver_panel/output_pristine/slot_003/states/coreui__coreui-free-bootstrap-admin-template__487cd57dcb54/state_capture.json",
  "states_dir": "scratchpad/solver_panel/output_pristine/slot_003/states/coreui__coreui-free-bootstrap-admin-template__487cd57dcb54",
  "status": "passed"
}

--STDERR--
