{
  "capture": {
    "command": "node productwebbench/tools/playwright_capture.js scratchpad/solver_panel/output_pristine/slot_183/states/sahrullahh__windzo__011c81f5fcfa/capture_config.json",
    "cwd": "scratchpad/solver_panel/output_pristine/slot_183/workspace/sahrullahh__windzo__011c81f5fcfa/sahrullahh__windzo__011c81f5fcfa",
    "duration_sec": 78.104,
    "exit_code": 0,
    "stderr_path": "scratchpad/solver_panel/output_pristine/slot_183/states/sahrullahh__windzo__011c81f5fcfa/logs/capture.stderr.log",
    "stdout_path": "scratchpad/solver_panel/output_pristine/slot_183/states/sahrullahh__windzo__011c81f5fcfa/logs/capture.stdout.log",
    "timed_out": false
  },
  "dev_server": {
    "command": "node scratchpad/solver_panel/output_pristine/slot_183/workspace/sahrullahh__windzo__011c81f5fcfa/sahrullahh__windzo__011c81f5fcfa/node_modules/vite/bin/vite.js --host 127.0.0.1 --port 3700",
    "message": "HTTP 200",
    "port": 3700,
    "ready": true
  },
  "failure_stage": null,
  "project_root": "scratchpad/solver_panel/output_pristine/slot_183/workspace/sahrullahh__windzo__011c81f5fcfa/sahrullahh__windzo__011c81f5fcfa",
  "quality_pass": true,
  "repo_id": "sahrullahh__windzo__011c81f5fcfa",
  "skip_build": true,
  "skip_install": true,
  "state_capture": "scratchpad/solver_panel/output_pristine/slot_183/states/sahrullahh__windzo__011c81f5fcfa/state_capture.json",
  "states_dir": "scratchpad/solver_panel/output_pristine/slot_183/states/sahrullahh__windzo__011c81f5fcfa",
  "status": "passed"
}

--STDERR--
