{
  "build": {
    "command": "npm run build",
    "cwd": "scratchpad/solver_panel/output_pristine/slot_108/workspace/sujoyduttajad__Landing-Page-React__f72bde06dbc2/Landing-Page-React-f72bde06dbc2bc4d133589a7686f5ec37d28b26b",
    "duration_sec": 32.46,
    "exit_code": 0,
    "stderr_path": "scratchpad/solver_panel/output_pristine/slot_108/states/sujoyduttajad__Landing-Page-React__f72bde06dbc2/logs/build.stderr.log",
    "stdout_path": "scratchpad/solver_panel/output_pristine/slot_108/states/sujoyduttajad__Landing-Page-React__f72bde06dbc2/logs/build.stdout.log",
    "timed_out": false
  },
  "capture": {
    "command": "node productwebbench/tools/playwright_capture.js scratchpad/solver_panel/output_pristine/slot_108/states/sujoyduttajad__Landing-Page-React__f72bde06dbc2/capture_config.json",
    "cwd": "scratchpad/solver_panel/output_pristine/slot_108/workspace/sujoyduttajad__Landing-Page-React__f72bde06dbc2/Landing-Page-React-f72bde06dbc2bc4d133589a7686f5ec37d28b26b",
    "duration_sec": 31.305,
    "exit_code": 0,
    "stderr_path": "scratchpad/solver_panel/output_pristine/slot_108/states/sujoyduttajad__Landing-Page-React__f72bde06dbc2/logs/capture.stderr.log",
    "stdout_path": "scratchpad/solver_panel/output_pristine/slot_108/states/sujoyduttajad__Landing-Page-React__f72bde06dbc2/logs/capture.stdout.log",
    "timed_out": false
  },
  "dev_server": {
    "command": "python3 productwebbench/tools/static_server.py --directory build 4200 --bind 127.0.0.1",
    "message": "HTTP 200",
    "port": 4200,
    "ready": true
  },
  "failure_stage": null,
  "project_root": "scratchpad/solver_panel/output_pristine/slot_108/workspace/sujoyduttajad__Landing-Page-React__f72bde06dbc2/Landing-Page-React-f72bde06dbc2bc4d133589a7686f5ec37d28b26b",
  "quality_pass": true,
  "repo_id": "sujoyduttajad__Landing-Page-React__f72bde06dbc2",
  "skip_build": false,
  "skip_install": true,
  "state_capture": "scratchpad/solver_panel/output_pristine/slot_108/states/sujoyduttajad__Landing-Page-React__f72bde06dbc2/state_capture.json",
  "states_dir": "scratchpad/solver_panel/output_pristine/slot_108/states/sujoyduttajad__Landing-Page-React__f72bde06dbc2",
  "status": "passed"
}

--STDERR--
