{
  "build": {
    "command": "npm run build",
    "cwd": "scratchpad/solver_panel/output_pristine/slot_082/workspace/nuxt-ui-templates__docs__fb56e3a67520/docs-fb56e3a67520dd72d1820c79d7a7e69012760b7d",
    "duration_sec": 167.829,
    "exit_code": 0,
    "stderr_path": "scratchpad/solver_panel/output_pristine/slot_082/states/nuxt-ui-templates__docs__fb56e3a67520/logs/build.stderr.log",
    "stdout_path": "scratchpad/solver_panel/output_pristine/slot_082/states/nuxt-ui-templates__docs__fb56e3a67520/logs/build.stdout.log",
    "timed_out": false
  },
  "capture": {
    "command": "node productwebbench/tools/playwright_capture.js scratchpad/solver_panel/output_pristine/slot_082/states/nuxt-ui-templates__docs__fb56e3a67520/capture_config.json",
    "cwd": "scratchpad/solver_panel/output_pristine/slot_082/workspace/nuxt-ui-templates__docs__fb56e3a67520/docs-fb56e3a67520dd72d1820c79d7a7e69012760b7d",
    "duration_sec": 51.259,
    "exit_code": 0,
    "stderr_path": "scratchpad/solver_panel/output_pristine/slot_082/states/nuxt-ui-templates__docs__fb56e3a67520/logs/capture.stderr.log",
    "stdout_path": "scratchpad/solver_panel/output_pristine/slot_082/states/nuxt-ui-templates__docs__fb56e3a67520/logs/capture.stdout.log",
    "timed_out": false
  },
  "dev_server": {
    "command": "node .output/server/index.mjs",
    "message": "HTTP 200",
    "port": 3200,
    "ready": true
  },
  "failure_stage": null,
  "project_root": "scratchpad/solver_panel/output_pristine/slot_082/workspace/nuxt-ui-templates__docs__fb56e3a67520/docs-fb56e3a67520dd72d1820c79d7a7e69012760b7d",
  "quality_pass": true,
  "repo_id": "nuxt-ui-templates__docs__fb56e3a67520",
  "skip_build": false,
  "skip_install": true,
  "state_capture": "scratchpad/solver_panel/output_pristine/slot_082/states/nuxt-ui-templates__docs__fb56e3a67520/state_capture.json",
  "states_dir": "scratchpad/solver_panel/output_pristine/slot_082/states/nuxt-ui-templates__docs__fb56e3a67520",
  "status": "passed"
}

--STDERR--
