{
  "build": {
    "command": "corepack yarn build",
    "cwd": "scratchpad/solver_panel/output_pristine/slot_057/workspace/alexdeploy__developer-portfolio-v2__a40ef6ab8c30/developer-portfolio-v2-a40ef6ab8c30580b5c57212f80007c865fed04a4",
    "duration_sec": 15.604,
    "exit_code": 0,
    "stderr_path": "scratchpad/solver_panel/output_pristine/slot_057/states/alexdeploy__developer-portfolio-v2__a40ef6ab8c30/logs/build.stderr.log",
    "stdout_path": "scratchpad/solver_panel/output_pristine/slot_057/states/alexdeploy__developer-portfolio-v2__a40ef6ab8c30/logs/build.stdout.log",
    "timed_out": false
  },
  "capture": {
    "command": "node productwebbench/tools/playwright_capture.js scratchpad/solver_panel/output_pristine/slot_057/states/alexdeploy__developer-portfolio-v2__a40ef6ab8c30/capture_config.json",
    "cwd": "scratchpad/solver_panel/output_pristine/slot_057/workspace/alexdeploy__developer-portfolio-v2__a40ef6ab8c30/developer-portfolio-v2-a40ef6ab8c30580b5c57212f80007c865fed04a4",
    "duration_sec": 37.754,
    "exit_code": 0,
    "stderr_path": "scratchpad/solver_panel/output_pristine/slot_057/states/alexdeploy__developer-portfolio-v2__a40ef6ab8c30/logs/capture.stderr.log",
    "stdout_path": "scratchpad/solver_panel/output_pristine/slot_057/states/alexdeploy__developer-portfolio-v2__a40ef6ab8c30/logs/capture.stdout.log",
    "timed_out": false
  },
  "dev_server": {
    "command": "node .output/server/index.mjs",
    "message": "HTTP 200",
    "port": 3900,
    "ready": true
  },
  "failure_stage": null,
  "project_root": "scratchpad/solver_panel/output_pristine/slot_057/workspace/alexdeploy__developer-portfolio-v2__a40ef6ab8c30/developer-portfolio-v2-a40ef6ab8c30580b5c57212f80007c865fed04a4",
  "quality_pass": true,
  "repo_id": "alexdeploy__developer-portfolio-v2__a40ef6ab8c30",
  "skip_build": false,
  "skip_install": true,
  "state_capture": "scratchpad/solver_panel/output_pristine/slot_057/states/alexdeploy__developer-portfolio-v2__a40ef6ab8c30/state_capture.json",
  "states_dir": "scratchpad/solver_panel/output_pristine/slot_057/states/alexdeploy__developer-portfolio-v2__a40ef6ab8c30",
  "status": "passed"
}

--STDERR--
