{
  "capture": {
    "command": "node productwebbench/tools/playwright_capture.js scratchpad/solver_panel/output_pristine/slot_039/states/wrappixel__Flexy-admin-Nextjs-Free__3291555a7640/capture_config.json",
    "cwd": "scratchpad/solver_panel/output_pristine/slot_039/workspace/wrappixel__Flexy-admin-Nextjs-Free__3291555a7640/wrappixel__Flexy-admin-Nextjs-Free__3291555a7640",
    "duration_sec": 156.121,
    "exit_code": 0,
    "stderr_path": "scratchpad/solver_panel/output_pristine/slot_039/states/wrappixel__Flexy-admin-Nextjs-Free__3291555a7640/logs/capture.stderr.log",
    "stdout_path": "scratchpad/solver_panel/output_pristine/slot_039/states/wrappixel__Flexy-admin-Nextjs-Free__3291555a7640/logs/capture.stdout.log",
    "timed_out": false
  },
  "dev_server": {
    "command": "node scratchpad/solver_panel/output_pristine/slot_039/workspace/wrappixel__Flexy-admin-Nextjs-Free__3291555a7640/wrappixel__Flexy-admin-Nextjs-Free__3291555a7640/node_modules/next/dist/bin/next dev --hostname 127.0.0.1 --port 3700",
    "message": "HTTP 200",
    "port": 3700,
    "ready": true
  },
  "failure_stage": null,
  "project_root": "scratchpad/solver_panel/output_pristine/slot_039/workspace/wrappixel__Flexy-admin-Nextjs-Free__3291555a7640/wrappixel__Flexy-admin-Nextjs-Free__3291555a7640",
  "quality_pass": true,
  "repo_id": "wrappixel__Flexy-admin-Nextjs-Free__3291555a7640",
  "skip_build": true,
  "skip_install": true,
  "state_capture": "scratchpad/solver_panel/output_pristine/slot_039/states/wrappixel__Flexy-admin-Nextjs-Free__3291555a7640/state_capture.json",
  "states_dir": "scratchpad/solver_panel/output_pristine/slot_039/states/wrappixel__Flexy-admin-Nextjs-Free__3291555a7640",
  "status": "passed"
}

--STDERR--
