{
  "capture": {
    "command": "node productwebbench/tools/playwright_capture.js scratchpad/solver_panel/output_pristine/slot_283/states/codrops__DeveloperDesignerPageLayout__33772efab5c4/capture_config.json",
    "cwd": "scratchpad/solver_panel/output_pristine/slot_283/workspace/codrops__DeveloperDesignerPageLayout__33772efab5c4",
    "duration_sec": 59.936,
    "exit_code": 0,
    "stderr_path": "scratchpad/solver_panel/output_pristine/slot_283/states/codrops__DeveloperDesignerPageLayout__33772efab5c4/logs/capture.stderr.log",
    "stdout_path": "scratchpad/solver_panel/output_pristine/slot_283/states/codrops__DeveloperDesignerPageLayout__33772efab5c4/logs/capture.stdout.log",
    "timed_out": false
  },
  "dev_server": {
    "command": "python3 -m http.server 3100 --bind 127.0.0.1 --directory scratchpad/solver_panel/output_pristine/slot_283/workspace/codrops__DeveloperDesignerPageLayout__33772efab5c4",
    "message": "HTTP 200",
    "port": 3100,
    "ready": true
  },
  "failure_stage": null,
  "project_root": "scratchpad/solver_panel/output_pristine/slot_283/workspace/codrops__DeveloperDesignerPageLayout__33772efab5c4",
  "quality_pass": true,
  "repo_id": "codrops__DeveloperDesignerPageLayout__33772efab5c4",
  "skip_build": false,
  "skip_install": true,
  "state_capture": "scratchpad/solver_panel/output_pristine/slot_283/states/codrops__DeveloperDesignerPageLayout__33772efab5c4/state_capture.json",
  "states_dir": "scratchpad/solver_panel/output_pristine/slot_283/states/codrops__DeveloperDesignerPageLayout__33772efab5c4",
  "status": "passed"
}

--STDERR--
