{
  "capture": {
    "command": "node productwebbench/tools/playwright_capture.js scratchpad/solver_panel/output_pristine/slot_209/states/facebook__regenerator__cb755fd82c64/capture_config.json",
    "cwd": "scratchpad/solver_panel/output_pristine/slot_209/workspace/facebook__regenerator__cb755fd82c64",
    "duration_sec": 17.849,
    "exit_code": 0,
    "stderr_path": "scratchpad/solver_panel/output_pristine/slot_209/states/facebook__regenerator__cb755fd82c64/logs/capture.stderr.log",
    "stdout_path": "scratchpad/solver_panel/output_pristine/slot_209/states/facebook__regenerator__cb755fd82c64/logs/capture.stdout.log",
    "timed_out": false
  },
  "dev_server": {
    "command": "python3 productwebbench/tools/static_server.py --directory docs 3100 --bind 127.0.0.1",
    "message": "HTTP 200",
    "port": 3100,
    "ready": true
  },
  "failure_stage": null,
  "install_skipped_reason": "static_site_can_be_served_without_node_install",
  "project_root": "scratchpad/solver_panel/output_pristine/slot_209/workspace/facebook__regenerator__cb755fd82c64",
  "quality_pass": true,
  "repo_id": "facebook__regenerator__cb755fd82c64",
  "skip_build": false,
  "skip_install": false,
  "state_capture": "scratchpad/solver_panel/output_pristine/slot_209/states/facebook__regenerator__cb755fd82c64/state_capture.json",
  "states_dir": "scratchpad/solver_panel/output_pristine/slot_209/states/facebook__regenerator__cb755fd82c64",
  "status": "passed"
}

--STDERR--
