{
  "capture": {
    "command": "node productwebbench/tools/playwright_capture.js scratchpad/solver_panel/output_pristine/slot_147/states/Creative-Md-Arif__Ecommerce-website__384dde1067c1/capture_config.json",
    "cwd": "scratchpad/solver_panel/output_pristine/slot_147/workspace/Creative-Md-Arif__Ecommerce-website__384dde1067c1/Ecommerce-website-384dde1067c19e515d1b89393dd95d378fba4517",
    "duration_sec": 47.811,
    "exit_code": 0,
    "stderr_path": "scratchpad/solver_panel/output_pristine/slot_147/states/Creative-Md-Arif__Ecommerce-website__384dde1067c1/logs/capture.stderr.log",
    "stdout_path": "scratchpad/solver_panel/output_pristine/slot_147/states/Creative-Md-Arif__Ecommerce-website__384dde1067c1/logs/capture.stdout.log",
    "timed_out": false
  },
  "dev_server": {
    "command": "python3 -m http.server 3300 --bind 127.0.0.1",
    "message": "HTTP 200",
    "port": 3300,
    "ready": true
  },
  "failure_stage": null,
  "install_skipped_reason": "static_site_can_be_served_without_node_install",
  "project_root": "scratchpad/solver_panel/output_pristine/slot_147/workspace/Creative-Md-Arif__Ecommerce-website__384dde1067c1/Ecommerce-website-384dde1067c19e515d1b89393dd95d378fba4517",
  "quality_pass": true,
  "repo_id": "Creative-Md-Arif__Ecommerce-website__384dde1067c1",
  "skip_build": false,
  "skip_install": true,
  "state_capture": "scratchpad/solver_panel/output_pristine/slot_147/states/Creative-Md-Arif__Ecommerce-website__384dde1067c1/state_capture.json",
  "states_dir": "scratchpad/solver_panel/output_pristine/slot_147/states/Creative-Md-Arif__Ecommerce-website__384dde1067c1",
  "status": "passed"
}

--STDERR--
