{
  "build": {
    "command": "npm run build",
    "cwd": "scratchpad/solver_panel/output_pristine/slot_134/workspace/andrewwoan__codrops-fan-museum__d490ab979145/codrops-fan-museum",
    "duration_sec": 16.661,
    "exit_code": 0,
    "stderr_path": "scratchpad/solver_panel/output_pristine/slot_134/states/andrewwoan__codrops-fan-museum__d490ab979145/logs/build.stderr.log",
    "stdout_path": "scratchpad/solver_panel/output_pristine/slot_134/states/andrewwoan__codrops-fan-museum__d490ab979145/logs/build.stdout.log",
    "timed_out": false
  },
  "capture": {
    "command": "node productwebbench/tools/playwright_capture.js scratchpad/solver_panel/output_pristine/slot_134/states/andrewwoan__codrops-fan-museum__d490ab979145/capture_config.json",
    "cwd": "scratchpad/solver_panel/output_pristine/slot_134/workspace/andrewwoan__codrops-fan-museum__d490ab979145/codrops-fan-museum",
    "duration_sec": 180.01,
    "exit_code": null,
    "stderr_path": "scratchpad/solver_panel/output_pristine/slot_134/states/andrewwoan__codrops-fan-museum__d490ab979145/logs/capture.stderr.log",
    "stdout_path": "scratchpad/solver_panel/output_pristine/slot_134/states/andrewwoan__codrops-fan-museum__d490ab979145/logs/capture.stdout.log",
    "timed_out": true
  },
  "dev_server": {
    "command": "python3 productwebbench/tools/static_server.py --directory dist 3600 --bind 127.0.0.1",
    "message": "HTTP 200",
    "port": 3600,
    "ready": true
  },
  "failure_stage": "capture",
  "project_root": "scratchpad/solver_panel/output_pristine/slot_134/workspace/andrewwoan__codrops-fan-museum__d490ab979145/codrops-fan-museum",
  "repo_id": "andrewwoan__codrops-fan-museum__d490ab979145",
  "skip_build": false,
  "skip_install": true,
  "states_dir": "scratchpad/solver_panel/output_pristine/slot_134/states/andrewwoan__codrops-fan-museum__d490ab979145",
  "status": "failed"
}

--STDERR--
