{
  "build": {
    "command": "npm run build",
    "cwd": "scratchpad/solver_panel/output_pristine/slot_235/workspace/ichsanputr__takeka__e273e47059b9/takeka-e273e47059b94a187f1960175494b85a42ca069f",
    "duration_sec": 14.537,
    "exit_code": 0,
    "stderr_path": "scratchpad/solver_panel/output_pristine/slot_235/states/ichsanputr__takeka__e273e47059b9/logs/build.stderr.log",
    "stdout_path": "scratchpad/solver_panel/output_pristine/slot_235/states/ichsanputr__takeka__e273e47059b9/logs/build.stdout.log",
    "timed_out": false
  },
  "capture": {
    "command": "node productwebbench/tools/playwright_capture.js scratchpad/solver_panel/output_pristine/slot_235/states/ichsanputr__takeka__e273e47059b9/capture_config.json",
    "cwd": "scratchpad/solver_panel/output_pristine/slot_235/workspace/ichsanputr__takeka__e273e47059b9/takeka-e273e47059b94a187f1960175494b85a42ca069f",
    "duration_sec": 83.171,
    "exit_code": 0,
    "stderr_path": "scratchpad/solver_panel/output_pristine/slot_235/states/ichsanputr__takeka__e273e47059b9/logs/capture.stderr.log",
    "stdout_path": "scratchpad/solver_panel/output_pristine/slot_235/states/ichsanputr__takeka__e273e47059b9/logs/capture.stdout.log",
    "timed_out": false
  },
  "dev_server": {
    "command": "python3 productwebbench/tools/static_server.py --directory dist 3100 --bind 127.0.0.1",
    "message": "HTTP 200",
    "port": 3100,
    "ready": true
  },
  "failure_stage": null,
  "project_root": "scratchpad/solver_panel/output_pristine/slot_235/workspace/ichsanputr__takeka__e273e47059b9/takeka-e273e47059b94a187f1960175494b85a42ca069f",
  "quality_pass": true,
  "repo_id": "ichsanputr__takeka__e273e47059b9",
  "skip_build": false,
  "skip_install": true,
  "state_capture": "scratchpad/solver_panel/output_pristine/slot_235/states/ichsanputr__takeka__e273e47059b9/state_capture.json",
  "states_dir": "scratchpad/solver_panel/output_pristine/slot_235/states/ichsanputr__takeka__e273e47059b9",
  "status": "passed"
}

--STDERR--
