{
  "capture": {
    "command": "node productwebbench/tools/playwright_capture.js scratchpad/solver_panel/output_pristine/slot_204/states/technext__windmill-dashboard__1a684deb0bd5/capture_config.json",
    "cwd": "scratchpad/solver_panel/output_pristine/slot_204/workspace/technext__windmill-dashboard__1a684deb0bd5",
    "duration_sec": 34.072,
    "exit_code": 0,
    "stderr_path": "scratchpad/solver_panel/output_pristine/slot_204/states/technext__windmill-dashboard__1a684deb0bd5/logs/capture.stderr.log",
    "stdout_path": "scratchpad/solver_panel/output_pristine/slot_204/states/technext__windmill-dashboard__1a684deb0bd5/logs/capture.stdout.log",
    "timed_out": false
  },
  "dev_server": {
    "command": "python3 -m http.server 3100 --bind 127.0.0.1 --directory scratchpad/solver_panel/output_pristine/slot_204/workspace/technext__windmill-dashboard__1a684deb0bd5",
    "message": "HTTP 200",
    "port": 3100,
    "ready": true
  },
  "failure_stage": null,
  "project_root": "scratchpad/solver_panel/output_pristine/slot_204/workspace/technext__windmill-dashboard__1a684deb0bd5",
  "quality_pass": true,
  "repo_id": "technext__windmill-dashboard__1a684deb0bd5",
  "skip_build": false,
  "skip_install": false,
  "state_capture": "scratchpad/solver_panel/output_pristine/slot_204/states/technext__windmill-dashboard__1a684deb0bd5/state_capture.json",
  "states_dir": "scratchpad/solver_panel/output_pristine/slot_204/states/technext__windmill-dashboard__1a684deb0bd5",
  "status": "passed"
}

--STDERR--
