{
  "build": {
    "command": "npm run build",
    "cwd": "scratchpad/solver_panel/output_pristine/slot_083/workspace/Kirilbt__interactive-map__b84b9e49d0ea/interactive-map",
    "duration_sec": 5.701,
    "exit_code": 0,
    "stderr_path": "scratchpad/solver_panel/output_pristine/slot_083/states/Kirilbt__interactive-map__b84b9e49d0ea/logs/build.stderr.log",
    "stdout_path": "scratchpad/solver_panel/output_pristine/slot_083/states/Kirilbt__interactive-map__b84b9e49d0ea/logs/build.stdout.log",
    "timed_out": false
  },
  "capture": {
    "command": "node productwebbench/tools/playwright_capture.js scratchpad/solver_panel/output_pristine/slot_083/states/Kirilbt__interactive-map__b84b9e49d0ea/capture_config.json",
    "cwd": "scratchpad/solver_panel/output_pristine/slot_083/workspace/Kirilbt__interactive-map__b84b9e49d0ea/interactive-map",
    "duration_sec": 180.063,
    "exit_code": null,
    "stderr_path": "scratchpad/solver_panel/output_pristine/slot_083/states/Kirilbt__interactive-map__b84b9e49d0ea/logs/capture.stderr.log",
    "stdout_path": "scratchpad/solver_panel/output_pristine/slot_083/states/Kirilbt__interactive-map__b84b9e49d0ea/logs/capture.stdout.log",
    "timed_out": true
  },
  "dev_server": {
    "command": "python3 productwebbench/tools/static_server.py --directory dist 3300 --bind 127.0.0.1",
    "message": "HTTP 200",
    "port": 3300,
    "ready": true
  },
  "failure_stage": "capture",
  "project_root": "scratchpad/solver_panel/output_pristine/slot_083/workspace/Kirilbt__interactive-map__b84b9e49d0ea/interactive-map",
  "repo_id": "Kirilbt__interactive-map__b84b9e49d0ea",
  "skip_build": false,
  "skip_install": true,
  "states_dir": "scratchpad/solver_panel/output_pristine/slot_083/states/Kirilbt__interactive-map__b84b9e49d0ea",
  "status": "failed"
}

--STDERR--
