{
  "build": {
    "command": "npm run build",
    "cwd": "scratchpad/solver_panel/output_pristine/slot_120/workspace/themefisher__pinwheel-tailwind__95209bd0fb91/themefisher__pinwheel-tailwind__95209bd0fb91",
    "duration_sec": 0.265,
    "exit_code": 0,
    "stderr_path": "scratchpad/solver_panel/output_pristine/slot_120/states/themefisher__pinwheel-tailwind__95209bd0fb91/logs/build.stderr.log",
    "stdout_path": "scratchpad/solver_panel/output_pristine/slot_120/states/themefisher__pinwheel-tailwind__95209bd0fb91/logs/build.stdout.log",
    "timed_out": false
  },
  "capture": {
    "command": "node productwebbench/tools/playwright_capture.js scratchpad/solver_panel/output_pristine/slot_120/states/themefisher__pinwheel-tailwind__95209bd0fb91/capture_config.json",
    "cwd": "scratchpad/solver_panel/output_pristine/slot_120/workspace/themefisher__pinwheel-tailwind__95209bd0fb91/themefisher__pinwheel-tailwind__95209bd0fb91",
    "duration_sec": 47.65,
    "exit_code": 0,
    "stderr_path": "scratchpad/solver_panel/output_pristine/slot_120/states/themefisher__pinwheel-tailwind__95209bd0fb91/logs/capture.stderr.log",
    "stdout_path": "scratchpad/solver_panel/output_pristine/slot_120/states/themefisher__pinwheel-tailwind__95209bd0fb91/logs/capture.stdout.log",
    "timed_out": false
  },
  "dev_server": {
    "command": "python3 productwebbench/tools/static_server.py --directory . 3800 --bind 127.0.0.1",
    "message": "HTTP 200",
    "port": 3800,
    "ready": true
  },
  "failure_stage": null,
  "project_root": "scratchpad/solver_panel/output_pristine/slot_120/workspace/themefisher__pinwheel-tailwind__95209bd0fb91/themefisher__pinwheel-tailwind__95209bd0fb91",
  "quality_pass": true,
  "repo_id": "themefisher__pinwheel-tailwind__95209bd0fb91",
  "skip_build": false,
  "skip_install": true,
  "state_capture": "scratchpad/solver_panel/output_pristine/slot_120/states/themefisher__pinwheel-tailwind__95209bd0fb91/state_capture.json",
  "states_dir": "scratchpad/solver_panel/output_pristine/slot_120/states/themefisher__pinwheel-tailwind__95209bd0fb91",
  "status": "passed"
}

--STDERR--
