{
  "capture": {
    "command": "node productwebbench/tools/playwright_capture.js scratchpad/solver_panel/output_pristine/slot_320/states/themesberg__flowbite-admin-dashboard__229df7ff2580/capture_config.json",
    "cwd": "scratchpad/solver_panel/output_pristine/slot_320/workspace/themesberg__flowbite-admin-dashboard__229df7ff2580/flowbite-admin-dashboard-229df7ff25808ab2bbda65f03f2397a05f7b4288",
    "duration_sec": 180.075,
    "exit_code": null,
    "stderr_path": "scratchpad/solver_panel/output_pristine/slot_320/states/themesberg__flowbite-admin-dashboard__229df7ff2580/logs/capture.stderr.log",
    "stdout_path": "scratchpad/solver_panel/output_pristine/slot_320/states/themesberg__flowbite-admin-dashboard__229df7ff2580/logs/capture.stdout.log",
    "timed_out": true
  },
  "dev_server": {
    "command": "python3 productwebbench/tools/static_server.py --directory . 3600 --bind 127.0.0.1",
    "message": "HTTP 200",
    "port": 3600,
    "ready": true
  },
  "failure_stage": "capture",
  "install_skipped_reason": "static_site_can_be_served_without_node_install",
  "project_root": "scratchpad/solver_panel/output_pristine/slot_320/workspace/themesberg__flowbite-admin-dashboard__229df7ff2580/flowbite-admin-dashboard-229df7ff25808ab2bbda65f03f2397a05f7b4288",
  "repo_id": "themesberg__flowbite-admin-dashboard__229df7ff2580",
  "skip_build": true,
  "skip_install": true,
  "states_dir": "scratchpad/solver_panel/output_pristine/slot_320/states/themesberg__flowbite-admin-dashboard__229df7ff2580",
  "status": "failed"
}

--STDERR--
