{
  "capture": {
    "command": "node productwebbench/tools/playwright_capture.js scratchpad/solver_panel/output_pristine/slot_203/states/Abenezer-Tilahun__Microverse-Portfolio-Website__b73e93597963/capture_config.json",
    "cwd": "scratchpad/solver_panel/output_pristine/slot_203/workspace/Abenezer-Tilahun__Microverse-Portfolio-Website__b73e93597963",
    "duration_sec": 15.142,
    "exit_code": 0,
    "stderr_path": "scratchpad/solver_panel/output_pristine/slot_203/states/Abenezer-Tilahun__Microverse-Portfolio-Website__b73e93597963/logs/capture.stderr.log",
    "stdout_path": "scratchpad/solver_panel/output_pristine/slot_203/states/Abenezer-Tilahun__Microverse-Portfolio-Website__b73e93597963/logs/capture.stdout.log",
    "timed_out": false
  },
  "dev_server": {
    "command": "python3 -m http.server 3100 --bind 127.0.0.1 --directory scratchpad/solver_panel/output_pristine/slot_203/workspace/Abenezer-Tilahun__Microverse-Portfolio-Website__b73e93597963",
    "message": "HTTP 200",
    "port": 3100,
    "ready": true
  },
  "failure_stage": null,
  "project_root": "scratchpad/solver_panel/output_pristine/slot_203/workspace/Abenezer-Tilahun__Microverse-Portfolio-Website__b73e93597963",
  "quality_pass": true,
  "repo_id": "Abenezer-Tilahun__Microverse-Portfolio-Website__b73e93597963",
  "skip_build": false,
  "skip_install": false,
  "state_capture": "scratchpad/solver_panel/output_pristine/slot_203/states/Abenezer-Tilahun__Microverse-Portfolio-Website__b73e93597963/state_capture.json",
  "states_dir": "scratchpad/solver_panel/output_pristine/slot_203/states/Abenezer-Tilahun__Microverse-Portfolio-Website__b73e93597963",
  "status": "passed"
}

--STDERR--
