{
  "build": {
    "command": "npm run build",
    "cwd": "scratchpad/solver_panel/output_pristine/slot_074/workspace/themewagon__dockit__d7847a4f1912/dockit-d7847a4f1912c60f2978d802d59d67ad08a22fb5",
    "duration_sec": 20.656,
    "exit_code": 0,
    "stderr_path": "scratchpad/solver_panel/output_pristine/slot_074/states/themewagon__dockit__d7847a4f1912/logs/build.stderr.log",
    "stdout_path": "scratchpad/solver_panel/output_pristine/slot_074/states/themewagon__dockit__d7847a4f1912/logs/build.stdout.log",
    "timed_out": false
  },
  "capture": {
    "command": "node productwebbench/tools/playwright_capture.js scratchpad/solver_panel/output_pristine/slot_074/states/themewagon__dockit__d7847a4f1912/capture_config.json",
    "cwd": "scratchpad/solver_panel/output_pristine/slot_074/workspace/themewagon__dockit__d7847a4f1912/dockit-d7847a4f1912c60f2978d802d59d67ad08a22fb5",
    "duration_sec": 105.85,
    "exit_code": 0,
    "stderr_path": "scratchpad/solver_panel/output_pristine/slot_074/states/themewagon__dockit__d7847a4f1912/logs/capture.stderr.log",
    "stdout_path": "scratchpad/solver_panel/output_pristine/slot_074/states/themewagon__dockit__d7847a4f1912/logs/capture.stdout.log",
    "timed_out": false
  },
  "dev_server": {
    "command": "python3 productwebbench/tools/static_server.py --directory .productwebbench_static_base 4000 --bind 127.0.0.1",
    "message": "HTTP 404",
    "port": 4000,
    "ready": true
  },
  "failure_stage": null,
  "project_root": "scratchpad/solver_panel/output_pristine/slot_074/workspace/themewagon__dockit__d7847a4f1912/dockit-d7847a4f1912c60f2978d802d59d67ad08a22fb5",
  "quality_pass": true,
  "repo_id": "themewagon__dockit__d7847a4f1912",
  "skip_build": false,
  "skip_install": true,
  "state_capture": "scratchpad/solver_panel/output_pristine/slot_074/states/themewagon__dockit__d7847a4f1912/state_capture.json",
  "states_dir": "scratchpad/solver_panel/output_pristine/slot_074/states/themewagon__dockit__d7847a4f1912",
  "status": "passed"
}

--STDERR--
