{
  "capture": {
    "command": "node productwebbench/tools/playwright_capture.js scratchpad/solver_panel/output_pristine/slot_288/states/themewagon__FoodMart__a72d9d5a9e12/capture_config.json",
    "cwd": "scratchpad/solver_panel/output_pristine/slot_288/workspace/themewagon__FoodMart__a72d9d5a9e12/themewagon__FoodMart__a72d9d5a9e12",
    "duration_sec": 180.051,
    "exit_code": null,
    "stderr_path": "scratchpad/solver_panel/output_pristine/slot_288/states/themewagon__FoodMart__a72d9d5a9e12/logs/capture.stderr.log",
    "stdout_path": "scratchpad/solver_panel/output_pristine/slot_288/states/themewagon__FoodMart__a72d9d5a9e12/logs/capture.stdout.log",
    "timed_out": true
  },
  "dev_server": {
    "command": "python3 -m http.server 3600 --bind 127.0.0.1",
    "message": "HTTP 200",
    "port": 3600,
    "ready": true
  },
  "failure_stage": "capture",
  "install_skipped_reason": "static_site_can_be_served_without_node_install",
  "project_root": "scratchpad/solver_panel/output_pristine/slot_288/workspace/themewagon__FoodMart__a72d9d5a9e12/themewagon__FoodMart__a72d9d5a9e12",
  "repo_id": "themewagon__FoodMart__a72d9d5a9e12",
  "skip_build": false,
  "skip_install": true,
  "states_dir": "scratchpad/solver_panel/output_pristine/slot_288/states/themewagon__FoodMart__a72d9d5a9e12",
  "status": "failed"
}

--STDERR--
