{
  "capture": {
    "command": "node productwebbench/tools/playwright_capture.js scratchpad/solver_panel/output_pristine/slot_316/states/JugglerX__hugo-whisper-theme__511dcd7dca62/capture_config.json",
    "cwd": "scratchpad/solver_panel/output_pristine/slot_316/workspace/JugglerX__hugo-whisper-theme__511dcd7dca62",
    "duration_sec": 41.513,
    "exit_code": 0,
    "stderr_path": "scratchpad/solver_panel/output_pristine/slot_316/states/JugglerX__hugo-whisper-theme__511dcd7dca62/logs/capture.stderr.log",
    "stdout_path": "scratchpad/solver_panel/output_pristine/slot_316/states/JugglerX__hugo-whisper-theme__511dcd7dca62/logs/capture.stdout.log",
    "timed_out": false
  },
  "dev_server": {
    "command": "python3 -m http.server 3200 --bind 127.0.0.1 --directory scratchpad/solver_panel/output_pristine/slot_316/workspace/JugglerX__hugo-whisper-theme__511dcd7dca62",
    "message": "HTTP 200",
    "port": 3200,
    "ready": true
  },
  "failure_stage": null,
  "project_root": "scratchpad/solver_panel/output_pristine/slot_316/workspace/JugglerX__hugo-whisper-theme__511dcd7dca62",
  "quality_pass": true,
  "repo_id": "JugglerX__hugo-whisper-theme__511dcd7dca62",
  "skip_build": false,
  "skip_install": true,
  "state_capture": "scratchpad/solver_panel/output_pristine/slot_316/states/JugglerX__hugo-whisper-theme__511dcd7dca62/state_capture.json",
  "states_dir": "scratchpad/solver_panel/output_pristine/slot_316/states/JugglerX__hugo-whisper-theme__511dcd7dca62",
  "status": "passed"
}

--STDERR--
