{
  "build": {
    "command": "npm run build",
    "cwd": "scratchpad/solver_panel/output_pristine/slot_122/workspace/pjqdyd__Vue-bst-web__07ffde1fdc5f/pjqdyd__Vue-bst-web__07ffde1fdc5f",
    "duration_sec": 0.265,
    "exit_code": 0,
    "stderr_path": "scratchpad/solver_panel/output_pristine/slot_122/states/pjqdyd__Vue-bst-web__07ffde1fdc5f/logs/build.stderr.log",
    "stdout_path": "scratchpad/solver_panel/output_pristine/slot_122/states/pjqdyd__Vue-bst-web__07ffde1fdc5f/logs/build.stdout.log",
    "timed_out": false
  },
  "capture": {
    "command": "node productwebbench/tools/playwright_capture.js scratchpad/solver_panel/output_pristine/slot_122/states/pjqdyd__Vue-bst-web__07ffde1fdc5f/capture_config.json",
    "cwd": "scratchpad/solver_panel/output_pristine/slot_122/workspace/pjqdyd__Vue-bst-web__07ffde1fdc5f/pjqdyd__Vue-bst-web__07ffde1fdc5f",
    "duration_sec": 180.04,
    "exit_code": null,
    "stderr_path": "scratchpad/solver_panel/output_pristine/slot_122/states/pjqdyd__Vue-bst-web__07ffde1fdc5f/logs/capture.stderr.log",
    "stdout_path": "scratchpad/solver_panel/output_pristine/slot_122/states/pjqdyd__Vue-bst-web__07ffde1fdc5f/logs/capture.stdout.log",
    "timed_out": true
  },
  "dev_server": {
    "command": "python3 -m http.server 4000 --bind 127.0.0.1 --directory scratchpad/solver_panel/output_pristine/slot_122/workspace/pjqdyd__Vue-bst-web__07ffde1fdc5f/pjqdyd__Vue-bst-web__07ffde1fdc5f",
    "message": "HTTP 200",
    "port": 4000,
    "ready": true
  },
  "failure_stage": "capture",
  "project_root": "scratchpad/solver_panel/output_pristine/slot_122/workspace/pjqdyd__Vue-bst-web__07ffde1fdc5f/pjqdyd__Vue-bst-web__07ffde1fdc5f",
  "repo_id": "pjqdyd__Vue-bst-web__07ffde1fdc5f",
  "skip_build": false,
  "skip_install": true,
  "states_dir": "scratchpad/solver_panel/output_pristine/slot_122/states/pjqdyd__Vue-bst-web__07ffde1fdc5f",
  "status": "failed"
}

--STDERR--
