{
  "capture": {
    "command": "node productwebbench/tools/playwright_capture.js scratchpad/solver_panel/output_pristine/slot_013/states/wobsoriano__v-dashboard__a912d427b3a3/capture_config.json",
    "cwd": "scratchpad/solver_panel/output_pristine/slot_013/workspace/wobsoriano__v-dashboard__a912d427b3a3/v-dashboard-a912d427b3a30e814e9208905ef39c549e9642bf",
    "duration_sec": 180.027,
    "exit_code": null,
    "stderr_path": "scratchpad/solver_panel/output_pristine/slot_013/states/wobsoriano__v-dashboard__a912d427b3a3/logs/capture.stderr.log",
    "stdout_path": "scratchpad/solver_panel/output_pristine/slot_013/states/wobsoriano__v-dashboard__a912d427b3a3/logs/capture.stdout.log",
    "timed_out": true
  },
  "dev_server": {
    "command": "node scratchpad/solver_panel/output_pristine/slot_013/workspace/wobsoriano__v-dashboard__a912d427b3a3/v-dashboard-a912d427b3a30e814e9208905ef39c549e9642bf/node_modules/.pnpm/vite@4.5.14/node_modules/vite/bin/vite.js --host 127.0.0.1 --port 4300",
    "message": "HTTP 200",
    "port": 4300,
    "ready": true
  },
  "failure_stage": "capture",
  "project_root": "scratchpad/solver_panel/output_pristine/slot_013/workspace/wobsoriano__v-dashboard__a912d427b3a3/v-dashboard-a912d427b3a30e814e9208905ef39c549e9642bf",
  "repo_id": "wobsoriano__v-dashboard__a912d427b3a3",
  "skip_build": true,
  "skip_install": true,
  "states_dir": "scratchpad/solver_panel/output_pristine/slot_013/states/wobsoriano__v-dashboard__a912d427b3a3",
  "status": "failed"
}

--STDERR--
