{
  "capture": {
    "command": "node productwebbench/tools/playwright_capture.js scratchpad/solver_panel/output_pristine/slot_303/states/RuchiraSachinthana__Portfolio-Website__4304df2e4897/capture_config.json",
    "cwd": "scratchpad/solver_panel/output_pristine/slot_303/workspace/RuchiraSachinthana__Portfolio-Website__4304df2e4897/Portfolio-Website-4304df2e48974059edec3097f4561c9225127bed",
    "duration_sec": 56.498,
    "exit_code": 0,
    "stderr_path": "scratchpad/solver_panel/output_pristine/slot_303/states/RuchiraSachinthana__Portfolio-Website__4304df2e4897/logs/capture.stderr.log",
    "stdout_path": "scratchpad/solver_panel/output_pristine/slot_303/states/RuchiraSachinthana__Portfolio-Website__4304df2e4897/logs/capture.stdout.log",
    "timed_out": false
  },
  "dev_server": {
    "command": "python3 -m http.server 3500 --bind 127.0.0.1",
    "message": "HTTP 200",
    "port": 3500,
    "ready": true
  },
  "failure_stage": null,
  "install_skipped_reason": "static_site_can_be_served_without_node_install",
  "project_root": "scratchpad/solver_panel/output_pristine/slot_303/workspace/RuchiraSachinthana__Portfolio-Website__4304df2e4897/Portfolio-Website-4304df2e48974059edec3097f4561c9225127bed",
  "quality_pass": true,
  "repo_id": "RuchiraSachinthana__Portfolio-Website__4304df2e4897",
  "skip_build": false,
  "skip_install": true,
  "state_capture": "scratchpad/solver_panel/output_pristine/slot_303/states/RuchiraSachinthana__Portfolio-Website__4304df2e4897/state_capture.json",
  "states_dir": "scratchpad/solver_panel/output_pristine/slot_303/states/RuchiraSachinthana__Portfolio-Website__4304df2e4897",
  "status": "passed"
}

--STDERR--
