{
  "capture": {
    "command": "node productwebbench/tools/playwright_capture.js scratchpad/solver_panel/output_pristine/slot_012/states/MatthewGreenberg__shoe-finder__7c91437d3324/capture_config.json",
    "cwd": "scratchpad/solver_panel/output_pristine/slot_012/workspace/MatthewGreenberg__shoe-finder__7c91437d3324/shoe-finder",
    "duration_sec": 180.01,
    "exit_code": null,
    "stderr_path": "scratchpad/solver_panel/output_pristine/slot_012/states/MatthewGreenberg__shoe-finder__7c91437d3324/logs/capture.stderr.log",
    "stdout_path": "scratchpad/solver_panel/output_pristine/slot_012/states/MatthewGreenberg__shoe-finder__7c91437d3324/logs/capture.stdout.log",
    "timed_out": true
  },
  "dev_server": {
    "command": "node scratchpad/solver_panel/output_pristine/slot_012/workspace/MatthewGreenberg__shoe-finder__7c91437d3324/shoe-finder/node_modules/next/dist/bin/next dev --webpack --hostname 127.0.0.1 --port 4200",
    "message": "HTTP 404",
    "port": 4200,
    "ready": true
  },
  "failure_stage": "capture",
  "project_root": "scratchpad/solver_panel/output_pristine/slot_012/workspace/MatthewGreenberg__shoe-finder__7c91437d3324/shoe-finder",
  "repo_id": "MatthewGreenberg__shoe-finder__7c91437d3324",
  "skip_build": true,
  "skip_install": true,
  "states_dir": "scratchpad/solver_panel/output_pristine/slot_012/states/MatthewGreenberg__shoe-finder__7c91437d3324",
  "status": "failed"
}

--STDERR--
