{
  "capture": {
    "command": "node productwebbench/tools/playwright_capture.js scratchpad/solver_panel/output_pristine/slot_242/states/TailGrids__play-tailwind__05f872b02662/capture_config.json",
    "cwd": "scratchpad/solver_panel/output_pristine/slot_242/workspace/TailGrids__play-tailwind__05f872b02662/play-tailwind-05f872b026622e026c75f656d7fa537494e6f379",
    "duration_sec": 87.363,
    "exit_code": 0,
    "stderr_path": "scratchpad/solver_panel/output_pristine/slot_242/states/TailGrids__play-tailwind__05f872b02662/logs/capture.stderr.log",
    "stdout_path": "scratchpad/solver_panel/output_pristine/slot_242/states/TailGrids__play-tailwind__05f872b02662/logs/capture.stdout.log",
    "timed_out": false
  },
  "dev_server": {
    "command": "python3 -m http.server 3800 --bind 127.0.0.1",
    "message": "HTTP 200",
    "port": 3800,
    "ready": true
  },
  "failure_stage": null,
  "install_skipped_reason": "static_site_can_be_served_without_node_install",
  "project_root": "scratchpad/solver_panel/output_pristine/slot_242/workspace/TailGrids__play-tailwind__05f872b02662/play-tailwind-05f872b026622e026c75f656d7fa537494e6f379",
  "quality_pass": true,
  "repo_id": "TailGrids__play-tailwind__05f872b02662",
  "skip_build": false,
  "skip_install": true,
  "state_capture": "scratchpad/solver_panel/output_pristine/slot_242/states/TailGrids__play-tailwind__05f872b02662/state_capture.json",
  "states_dir": "scratchpad/solver_panel/output_pristine/slot_242/states/TailGrids__play-tailwind__05f872b02662",
  "status": "passed"
}

--STDERR--
