{
  "capture": {
    "command": "node productwebbench/tools/playwright_capture.js scratchpad/solver_panel/output_pristine/slot_064/states/Nutlope__qrGPT__2993173bfe32/capture_config.json",
    "cwd": "scratchpad/solver_panel/output_pristine/slot_064/workspace/Nutlope__qrGPT__2993173bfe32/qrGPT-2993173bfe32a05dc500cfe1174a506e3f05e363",
    "duration_sec": 86.939,
    "exit_code": 0,
    "stderr_path": "scratchpad/solver_panel/output_pristine/slot_064/states/Nutlope__qrGPT__2993173bfe32/logs/capture.stderr.log",
    "stdout_path": "scratchpad/solver_panel/output_pristine/slot_064/states/Nutlope__qrGPT__2993173bfe32/logs/capture.stdout.log",
    "timed_out": false
  },
  "dev_server": {
    "command": "node scratchpad/solver_panel/output_pristine/slot_064/workspace/Nutlope__qrGPT__2993173bfe32/qrGPT-2993173bfe32a05dc500cfe1174a506e3f05e363/node_modules/next/dist/bin/next dev --hostname 127.0.0.1 --port 4600",
    "message": "HTTP 200",
    "port": 4600,
    "ready": true
  },
  "failure_stage": null,
  "project_root": "scratchpad/solver_panel/output_pristine/slot_064/workspace/Nutlope__qrGPT__2993173bfe32/qrGPT-2993173bfe32a05dc500cfe1174a506e3f05e363",
  "quality_pass": true,
  "repo_id": "Nutlope__qrGPT__2993173bfe32",
  "skip_build": true,
  "skip_install": true,
  "state_capture": "scratchpad/solver_panel/output_pristine/slot_064/states/Nutlope__qrGPT__2993173bfe32/state_capture.json",
  "states_dir": "scratchpad/solver_panel/output_pristine/slot_064/states/Nutlope__qrGPT__2993173bfe32",
  "status": "passed"
}

--STDERR--
