{
  "capture": {
    "command": "node productwebbench/tools/playwright_capture.js scratchpad/solver_panel/output_pristine/slot_270/states/technext__restaurant-html-template__a57d9e912314/capture_config.json",
    "cwd": "scratchpad/solver_panel/output_pristine/slot_270/workspace/technext__restaurant-html-template__a57d9e912314/restaurant-html-template",
    "duration_sec": 180.009,
    "exit_code": null,
    "stderr_path": "scratchpad/solver_panel/output_pristine/slot_270/states/technext__restaurant-html-template__a57d9e912314/logs/capture.stderr.log",
    "stdout_path": "scratchpad/solver_panel/output_pristine/slot_270/states/technext__restaurant-html-template__a57d9e912314/logs/capture.stdout.log",
    "timed_out": true
  },
  "dev_server": {
    "command": "python3 -m http.server 3400 --bind 127.0.0.1",
    "message": "HTTP 200",
    "port": 3400,
    "ready": true
  },
  "failure_stage": "capture",
  "install_skipped_reason": "static_site_can_be_served_without_node_install",
  "project_root": "scratchpad/solver_panel/output_pristine/slot_270/workspace/technext__restaurant-html-template__a57d9e912314/restaurant-html-template",
  "repo_id": "technext__restaurant-html-template__a57d9e912314",
  "skip_build": false,
  "skip_install": true,
  "states_dir": "scratchpad/solver_panel/output_pristine/slot_270/states/technext__restaurant-html-template__a57d9e912314",
  "status": "failed"
}

--STDERR--
