{
  "capture": {
    "command": "node productwebbench/tools/playwright_capture.js scratchpad/solver_panel/output_pristine/slot_259/states/manuelernestog__astro-modern-personal-website__9398dea0f2c0/capture_config.json",
    "cwd": "scratchpad/solver_panel/output_pristine/slot_259/workspace/manuelernestog__astro-modern-personal-website__9398dea0f2c0/astrofy-9398dea0f2c048efe2ba4680b12308d5ff01e427",
    "duration_sec": 84.948,
    "exit_code": 0,
    "stderr_path": "scratchpad/solver_panel/output_pristine/slot_259/states/manuelernestog__astro-modern-personal-website__9398dea0f2c0/logs/capture.stderr.log",
    "stdout_path": "scratchpad/solver_panel/output_pristine/slot_259/states/manuelernestog__astro-modern-personal-website__9398dea0f2c0/logs/capture.stdout.log",
    "timed_out": false
  },
  "dev_server": {
    "command": "node scratchpad/solver_panel/output_pristine/slot_259/workspace/manuelernestog__astro-modern-personal-website__9398dea0f2c0/astrofy-9398dea0f2c048efe2ba4680b12308d5ff01e427/node_modules/astro/astro.js dev --host 127.0.0.1 --port 3900",
    "message": "HTTP 200",
    "port": 3900,
    "ready": true
  },
  "failure_stage": null,
  "project_root": "scratchpad/solver_panel/output_pristine/slot_259/workspace/manuelernestog__astro-modern-personal-website__9398dea0f2c0/astrofy-9398dea0f2c048efe2ba4680b12308d5ff01e427",
  "quality_pass": true,
  "repo_id": "manuelernestog__astro-modern-personal-website__9398dea0f2c0",
  "skip_build": true,
  "skip_install": true,
  "state_capture": "scratchpad/solver_panel/output_pristine/slot_259/states/manuelernestog__astro-modern-personal-website__9398dea0f2c0/state_capture.json",
  "states_dir": "scratchpad/solver_panel/output_pristine/slot_259/states/manuelernestog__astro-modern-personal-website__9398dea0f2c0",
  "status": "passed"
}

--STDERR--
