{
  "build": {
    "command": "npm run build",
    "cwd": "scratchpad/solver_panel/output_pristine/slot_278/workspace/leoMirandaa__shadcn-landing-page__ae3716dbce5c/shadcn-landing-page-ae3716dbce5c8a26815222bb743994b5717938f1",
    "duration_sec": 6.748,
    "exit_code": 0,
    "stderr_path": "scratchpad/solver_panel/output_pristine/slot_278/states/leoMirandaa__shadcn-landing-page__ae3716dbce5c/logs/build.stderr.log",
    "stdout_path": "scratchpad/solver_panel/output_pristine/slot_278/states/leoMirandaa__shadcn-landing-page__ae3716dbce5c/logs/build.stdout.log",
    "timed_out": false
  },
  "capture": {
    "command": "node productwebbench/tools/playwright_capture.js scratchpad/solver_panel/output_pristine/slot_278/states/leoMirandaa__shadcn-landing-page__ae3716dbce5c/capture_config.json",
    "cwd": "scratchpad/solver_panel/output_pristine/slot_278/workspace/leoMirandaa__shadcn-landing-page__ae3716dbce5c/shadcn-landing-page-ae3716dbce5c8a26815222bb743994b5717938f1",
    "duration_sec": 180.016,
    "exit_code": null,
    "stderr_path": "scratchpad/solver_panel/output_pristine/slot_278/states/leoMirandaa__shadcn-landing-page__ae3716dbce5c/logs/capture.stderr.log",
    "stdout_path": "scratchpad/solver_panel/output_pristine/slot_278/states/leoMirandaa__shadcn-landing-page__ae3716dbce5c/logs/capture.stdout.log",
    "timed_out": true
  },
  "dev_server": {
    "command": "python3 productwebbench/tools/static_server.py --directory dist 4200 --bind 127.0.0.1",
    "message": "HTTP 200",
    "port": 4200,
    "ready": true
  },
  "failure_stage": "capture",
  "project_root": "scratchpad/solver_panel/output_pristine/slot_278/workspace/leoMirandaa__shadcn-landing-page__ae3716dbce5c/shadcn-landing-page-ae3716dbce5c8a26815222bb743994b5717938f1",
  "repo_id": "leoMirandaa__shadcn-landing-page__ae3716dbce5c",
  "skip_build": false,
  "skip_install": true,
  "states_dir": "scratchpad/solver_panel/output_pristine/slot_278/states/leoMirandaa__shadcn-landing-page__ae3716dbce5c",
  "status": "failed"
}

--STDERR--
