{
  "capture": {
    "command": "node productwebbench/tools/playwright_capture.js scratchpad/solver_panel/output_pristine/slot_099/states/technext__CloudAgency__59a3ad7971d6/capture_config.json",
    "cwd": "scratchpad/solver_panel/output_pristine/slot_099/workspace/technext__CloudAgency__59a3ad7971d6/technext__CloudAgency__59a3ad7971d6",
    "duration_sec": 54.115,
    "exit_code": 0,
    "stderr_path": "scratchpad/solver_panel/output_pristine/slot_099/states/technext__CloudAgency__59a3ad7971d6/logs/capture.stderr.log",
    "stdout_path": "scratchpad/solver_panel/output_pristine/slot_099/states/technext__CloudAgency__59a3ad7971d6/logs/capture.stdout.log",
    "timed_out": false
  },
  "dev_server": {
    "command": "python3 -m http.server 3300 --bind 127.0.0.1",
    "message": "HTTP 200",
    "port": 3300,
    "ready": true
  },
  "failure_stage": null,
  "install_skipped_reason": "static_site_can_be_served_without_node_install",
  "project_root": "scratchpad/solver_panel/output_pristine/slot_099/workspace/technext__CloudAgency__59a3ad7971d6/technext__CloudAgency__59a3ad7971d6",
  "quality_pass": true,
  "repo_id": "technext__CloudAgency__59a3ad7971d6",
  "skip_build": false,
  "skip_install": true,
  "state_capture": "scratchpad/solver_panel/output_pristine/slot_099/states/technext__CloudAgency__59a3ad7971d6/state_capture.json",
  "states_dir": "scratchpad/solver_panel/output_pristine/slot_099/states/technext__CloudAgency__59a3ad7971d6",
  "status": "passed"
}

--STDERR--
