{
  "build": {
    "command": "corepack yarn run build",
    "cwd": "scratchpad/solver_panel/output_pristine/slot_185/workspace/merakiuilabs__botanical-garden-template__60b0645552262cb36a92e34e497873559312a5d1/botanical-garden-template-60b0645552262cb36a92e34e497873559312a5d1",
    "duration_sec": 3.971,
    "exit_code": 0,
    "stderr_path": "scratchpad/solver_panel/output_pristine/slot_185/states/merakiuilabs__botanical-garden-template__60b0645552262cb36a92e34e497873559312a5d1/logs/build.stderr.log",
    "stdout_path": "scratchpad/solver_panel/output_pristine/slot_185/states/merakiuilabs__botanical-garden-template__60b0645552262cb36a92e34e497873559312a5d1/logs/build.stdout.log",
    "timed_out": false
  },
  "capture": {
    "command": "node productwebbench/tools/playwright_capture.js scratchpad/solver_panel/output_pristine/slot_185/states/merakiuilabs__botanical-garden-template__60b0645552262cb36a92e34e497873559312a5d1/capture_config.json",
    "cwd": "scratchpad/solver_panel/output_pristine/slot_185/workspace/merakiuilabs__botanical-garden-template__60b0645552262cb36a92e34e497873559312a5d1/botanical-garden-template-60b0645552262cb36a92e34e497873559312a5d1",
    "duration_sec": 46.701,
    "exit_code": 0,
    "stderr_path": "scratchpad/solver_panel/output_pristine/slot_185/states/merakiuilabs__botanical-garden-template__60b0645552262cb36a92e34e497873559312a5d1/logs/capture.stderr.log",
    "stdout_path": "scratchpad/solver_panel/output_pristine/slot_185/states/merakiuilabs__botanical-garden-template__60b0645552262cb36a92e34e497873559312a5d1/logs/capture.stdout.log",
    "timed_out": false
  },
  "dev_server": {
    "command": "python3 productwebbench/tools/static_server.py --directory dist 3900 --bind 127.0.0.1",
    "message": "HTTP 200",
    "port": 3900,
    "ready": true
  },
  "failure_stage": null,
  "project_root": "scratchpad/solver_panel/output_pristine/slot_185/workspace/merakiuilabs__botanical-garden-template__60b0645552262cb36a92e34e497873559312a5d1/botanical-garden-template-60b0645552262cb36a92e34e497873559312a5d1",
  "quality_pass": true,
  "repo_id": "merakiuilabs__botanical-garden-template__60b0645552262cb36a92e34e497873559312a5d1",
  "skip_build": false,
  "skip_install": true,
  "state_capture": "scratchpad/solver_panel/output_pristine/slot_185/states/merakiuilabs__botanical-garden-template__60b0645552262cb36a92e34e497873559312a5d1/state_capture.json",
  "states_dir": "scratchpad/solver_panel/output_pristine/slot_185/states/merakiuilabs__botanical-garden-template__60b0645552262cb36a92e34e497873559312a5d1",
  "status": "passed"
}

--STDERR--
