{
  "build": {
    "command": "npm run build",
    "cwd": "scratchpad/solver_panel/output_pristine/slot_218/workspace/themewagon__famms__90c24ed54976/themewagon__famms__90c24ed54976",
    "duration_sec": 0.415,
    "exit_code": 0,
    "stderr_path": "scratchpad/solver_panel/output_pristine/slot_218/states/themewagon__famms__90c24ed54976/logs/build.stderr.log",
    "stdout_path": "scratchpad/solver_panel/output_pristine/slot_218/states/themewagon__famms__90c24ed54976/logs/build.stdout.log",
    "timed_out": false
  },
  "capture": {
    "command": "node productwebbench/tools/playwright_capture.js scratchpad/solver_panel/output_pristine/slot_218/states/themewagon__famms__90c24ed54976/capture_config.json",
    "cwd": "scratchpad/solver_panel/output_pristine/slot_218/workspace/themewagon__famms__90c24ed54976/themewagon__famms__90c24ed54976",
    "duration_sec": 62.624,
    "exit_code": 0,
    "stderr_path": "scratchpad/solver_panel/output_pristine/slot_218/states/themewagon__famms__90c24ed54976/logs/capture.stderr.log",
    "stdout_path": "scratchpad/solver_panel/output_pristine/slot_218/states/themewagon__famms__90c24ed54976/logs/capture.stdout.log",
    "timed_out": false
  },
  "dev_server": {
    "command": "python3 -m http.server 4600 --bind 127.0.0.1",
    "message": "HTTP 200",
    "port": 4600,
    "ready": true
  },
  "failure_stage": null,
  "project_root": "scratchpad/solver_panel/output_pristine/slot_218/workspace/themewagon__famms__90c24ed54976/themewagon__famms__90c24ed54976",
  "quality_pass": true,
  "repo_id": "themewagon__famms__90c24ed54976",
  "skip_build": false,
  "skip_install": true,
  "state_capture": "scratchpad/solver_panel/output_pristine/slot_218/states/themewagon__famms__90c24ed54976/state_capture.json",
  "states_dir": "scratchpad/solver_panel/output_pristine/slot_218/states/themewagon__famms__90c24ed54976",
  "status": "passed"
}

--STDERR--
