{
  "build": {
    "command": "npm run build",
    "cwd": "scratchpad/solver_panel/output_pristine/slot_260/workspace/gabrielhazeredo__visionai-landing-page__d87df85f34d3/visionai-landing-page",
    "duration_sec": 30.696,
    "exit_code": 0,
    "stderr_path": "scratchpad/solver_panel/output_pristine/slot_260/states/gabrielhazeredo__visionai-landing-page__d87df85f34d3/logs/build.stderr.log",
    "stdout_path": "scratchpad/solver_panel/output_pristine/slot_260/states/gabrielhazeredo__visionai-landing-page__d87df85f34d3/logs/build.stdout.log",
    "timed_out": false
  },
  "capture": {
    "command": "node productwebbench/tools/playwright_capture.js scratchpad/solver_panel/output_pristine/slot_260/states/gabrielhazeredo__visionai-landing-page__d87df85f34d3/capture_config.json",
    "cwd": "scratchpad/solver_panel/output_pristine/slot_260/workspace/gabrielhazeredo__visionai-landing-page__d87df85f34d3/visionai-landing-page",
    "duration_sec": 134.544,
    "exit_code": 0,
    "stderr_path": "scratchpad/solver_panel/output_pristine/slot_260/states/gabrielhazeredo__visionai-landing-page__d87df85f34d3/logs/capture.stderr.log",
    "stdout_path": "scratchpad/solver_panel/output_pristine/slot_260/states/gabrielhazeredo__visionai-landing-page__d87df85f34d3/logs/capture.stdout.log",
    "timed_out": false
  },
  "dev_server": {
    "command": "python3 productwebbench/tools/static_server.py --directory build 4000 --bind 127.0.0.1",
    "message": "HTTP 200",
    "port": 4000,
    "ready": true
  },
  "failure_stage": null,
  "project_root": "scratchpad/solver_panel/output_pristine/slot_260/workspace/gabrielhazeredo__visionai-landing-page__d87df85f34d3/visionai-landing-page",
  "quality_pass": true,
  "repo_id": "gabrielhazeredo__visionai-landing-page__d87df85f34d3",
  "skip_build": false,
  "skip_install": true,
  "state_capture": "scratchpad/solver_panel/output_pristine/slot_260/states/gabrielhazeredo__visionai-landing-page__d87df85f34d3/state_capture.json",
  "states_dir": "scratchpad/solver_panel/output_pristine/slot_260/states/gabrielhazeredo__visionai-landing-page__d87df85f34d3",
  "status": "passed"
}

--STDERR--
