{
  "build": {
    "command": "npm run build",
    "cwd": "scratchpad/solver_panel/output_pristine/slot_126/workspace/kellymilligan__codrops-oct-2021-final__bb7683f53a4d/codrops-oct-2021-final",
    "duration_sec": 12.754,
    "exit_code": 0,
    "stderr_path": "scratchpad/solver_panel/output_pristine/slot_126/states/kellymilligan__codrops-oct-2021-final__bb7683f53a4d/logs/build.stderr.log",
    "stdout_path": "scratchpad/solver_panel/output_pristine/slot_126/states/kellymilligan__codrops-oct-2021-final__bb7683f53a4d/logs/build.stdout.log",
    "timed_out": false
  },
  "capture": {
    "command": "node productwebbench/tools/playwright_capture.js scratchpad/solver_panel/output_pristine/slot_126/states/kellymilligan__codrops-oct-2021-final__bb7683f53a4d/capture_config.json",
    "cwd": "scratchpad/solver_panel/output_pristine/slot_126/workspace/kellymilligan__codrops-oct-2021-final__bb7683f53a4d/codrops-oct-2021-final",
    "duration_sec": 180.01,
    "exit_code": null,
    "stderr_path": "scratchpad/solver_panel/output_pristine/slot_126/states/kellymilligan__codrops-oct-2021-final__bb7683f53a4d/logs/capture.stderr.log",
    "stdout_path": "scratchpad/solver_panel/output_pristine/slot_126/states/kellymilligan__codrops-oct-2021-final__bb7683f53a4d/logs/capture.stdout.log",
    "timed_out": true
  },
  "dev_server": {
    "command": "python3 -m http.server 4400 --bind 127.0.0.1",
    "message": "HTTP 200",
    "port": 4400,
    "ready": true
  },
  "failure_stage": "capture",
  "project_root": "scratchpad/solver_panel/output_pristine/slot_126/workspace/kellymilligan__codrops-oct-2021-final__bb7683f53a4d/codrops-oct-2021-final",
  "repo_id": "kellymilligan__codrops-oct-2021-final__bb7683f53a4d",
  "skip_build": false,
  "skip_install": true,
  "states_dir": "scratchpad/solver_panel/output_pristine/slot_126/states/kellymilligan__codrops-oct-2021-final__bb7683f53a4d",
  "status": "failed"
}

--STDERR--
