{
  "capture": {
    "command": "node productwebbench/tools/playwright_capture.js scratchpad/solver_panel/output_pristine/slot_156/states/codrops__ExpandingGridItemAnimation__af38df3e4f5d/capture_config.json",
    "cwd": "scratchpad/solver_panel/output_pristine/slot_156/workspace/codrops__ExpandingGridItemAnimation__af38df3e4f5d/ExpandingGridItemAnimation",
    "duration_sec": 116.273,
    "exit_code": 0,
    "stderr_path": "scratchpad/solver_panel/output_pristine/slot_156/states/codrops__ExpandingGridItemAnimation__af38df3e4f5d/logs/capture.stderr.log",
    "stdout_path": "scratchpad/solver_panel/output_pristine/slot_156/states/codrops__ExpandingGridItemAnimation__af38df3e4f5d/logs/capture.stdout.log",
    "timed_out": false
  },
  "dev_server": {
    "command": "python3 -m http.server 4200 --bind 127.0.0.1",
    "message": "HTTP 200",
    "port": 4200,
    "ready": true
  },
  "failure_stage": null,
  "install_skipped_reason": "static_site_can_be_served_without_node_install",
  "project_root": "scratchpad/solver_panel/output_pristine/slot_156/workspace/codrops__ExpandingGridItemAnimation__af38df3e4f5d/ExpandingGridItemAnimation",
  "quality_pass": true,
  "repo_id": "codrops__ExpandingGridItemAnimation__af38df3e4f5d",
  "skip_build": false,
  "skip_install": true,
  "state_capture": "scratchpad/solver_panel/output_pristine/slot_156/states/codrops__ExpandingGridItemAnimation__af38df3e4f5d/state_capture.json",
  "states_dir": "scratchpad/solver_panel/output_pristine/slot_156/states/codrops__ExpandingGridItemAnimation__af38df3e4f5d",
  "status": "passed"
}

--STDERR--
