{
  "capture": {
    "command": "node productwebbench/tools/playwright_capture.js scratchpad/solver_panel/output_pristine/slot_153/states/shadcn__next-contentlayer__5b32397c2034/capture_config.json",
    "cwd": "scratchpad/solver_panel/output_pristine/slot_153/workspace/shadcn__next-contentlayer__5b32397c2034/shadcn__next-contentlayer__5b32397c2034",
    "duration_sec": 180.012,
    "exit_code": null,
    "stderr_path": "scratchpad/solver_panel/output_pristine/slot_153/states/shadcn__next-contentlayer__5b32397c2034/logs/capture.stderr.log",
    "stdout_path": "scratchpad/solver_panel/output_pristine/slot_153/states/shadcn__next-contentlayer__5b32397c2034/logs/capture.stdout.log",
    "timed_out": true
  },
  "dev_server": {
    "command": "node scratchpad/solver_panel/output_pristine/slot_153/workspace/shadcn__next-contentlayer__5b32397c2034/shadcn__next-contentlayer__5b32397c2034/node_modules/next/dist/bin/next dev --hostname 127.0.0.1 --port 3900",
    "message": "HTTP 200",
    "port": 3900,
    "ready": true
  },
  "failure_stage": "capture",
  "project_root": "scratchpad/solver_panel/output_pristine/slot_153/workspace/shadcn__next-contentlayer__5b32397c2034/shadcn__next-contentlayer__5b32397c2034",
  "repo_id": "shadcn__next-contentlayer__5b32397c2034",
  "skip_build": true,
  "skip_install": true,
  "states_dir": "scratchpad/solver_panel/output_pristine/slot_153/states/shadcn__next-contentlayer__5b32397c2034",
  "status": "failed"
}

--STDERR--
