{
  "build": {
    "command": "npm run build",
    "cwd": "scratchpad/solver_panel/output_pristine/slot_054/workspace/CloudCannon__venture-eleventy-bookshop-template__287c17961ce4/venture-eleventy-bookshop-template-287c17961ce4a5c134ac019956c526beedede46e",
    "duration_sec": 17.977,
    "exit_code": 0,
    "stderr_path": "scratchpad/solver_panel/output_pristine/slot_054/states/CloudCannon__venture-eleventy-bookshop-template__287c17961ce4/logs/build.stderr.log",
    "stdout_path": "scratchpad/solver_panel/output_pristine/slot_054/states/CloudCannon__venture-eleventy-bookshop-template__287c17961ce4/logs/build.stdout.log",
    "timed_out": false
  },
  "capture": {
    "command": "node productwebbench/tools/playwright_capture.js scratchpad/solver_panel/output_pristine/slot_054/states/CloudCannon__venture-eleventy-bookshop-template__287c17961ce4/capture_config.json",
    "cwd": "scratchpad/solver_panel/output_pristine/slot_054/workspace/CloudCannon__venture-eleventy-bookshop-template__287c17961ce4/venture-eleventy-bookshop-template-287c17961ce4a5c134ac019956c526beedede46e",
    "duration_sec": 134.233,
    "exit_code": 0,
    "stderr_path": "scratchpad/solver_panel/output_pristine/slot_054/states/CloudCannon__venture-eleventy-bookshop-template__287c17961ce4/logs/capture.stderr.log",
    "stdout_path": "scratchpad/solver_panel/output_pristine/slot_054/states/CloudCannon__venture-eleventy-bookshop-template__287c17961ce4/logs/capture.stdout.log",
    "timed_out": false
  },
  "dev_server": {
    "command": "python3 productwebbench/tools/static_server.py --directory _site 3600 --bind 127.0.0.1",
    "message": "HTTP 200",
    "port": 3600,
    "ready": true
  },
  "failure_stage": null,
  "project_root": "scratchpad/solver_panel/output_pristine/slot_054/workspace/CloudCannon__venture-eleventy-bookshop-template__287c17961ce4/venture-eleventy-bookshop-template-287c17961ce4a5c134ac019956c526beedede46e",
  "quality_pass": true,
  "repo_id": "CloudCannon__venture-eleventy-bookshop-template__287c17961ce4",
  "skip_build": false,
  "skip_install": true,
  "state_capture": "scratchpad/solver_panel/output_pristine/slot_054/states/CloudCannon__venture-eleventy-bookshop-template__287c17961ce4/state_capture.json",
  "states_dir": "scratchpad/solver_panel/output_pristine/slot_054/states/CloudCannon__venture-eleventy-bookshop-template__287c17961ce4",
  "status": "passed"
}

--STDERR--
