{
  "capture": {
    "command": "node productwebbench/tools/playwright_capture.js scratchpad/solver_panel/output_pristine/slot_262/states/FlowFalcon__ModernShop__8c94ae32cca3/capture_config.json",
    "cwd": "scratchpad/solver_panel/output_pristine/slot_262/workspace/FlowFalcon__ModernShop__8c94ae32cca3",
    "duration_sec": 95.44,
    "exit_code": 0,
    "stderr_path": "scratchpad/solver_panel/output_pristine/slot_262/states/FlowFalcon__ModernShop__8c94ae32cca3/logs/capture.stderr.log",
    "stdout_path": "scratchpad/solver_panel/output_pristine/slot_262/states/FlowFalcon__ModernShop__8c94ae32cca3/logs/capture.stdout.log",
    "timed_out": false
  },
  "dev_server": {
    "command": "python3 -m http.server 4200 --bind 127.0.0.1 --directory scratchpad/solver_panel/output_pristine/slot_262/workspace/FlowFalcon__ModernShop__8c94ae32cca3",
    "message": "HTTP 200",
    "port": 4200,
    "ready": true
  },
  "failure_stage": null,
  "project_root": "scratchpad/solver_panel/output_pristine/slot_262/workspace/FlowFalcon__ModernShop__8c94ae32cca3",
  "quality_pass": true,
  "repo_id": "FlowFalcon__ModernShop__8c94ae32cca3",
  "skip_build": false,
  "skip_install": true,
  "state_capture": "scratchpad/solver_panel/output_pristine/slot_262/states/FlowFalcon__ModernShop__8c94ae32cca3/state_capture.json",
  "states_dir": "scratchpad/solver_panel/output_pristine/slot_262/states/FlowFalcon__ModernShop__8c94ae32cca3",
  "status": "passed"
}

--STDERR--
