{
  "capture": {
    "command": "node productwebbench/tools/playwright_capture.js scratchpad/solver_panel/output_pristine/slot_271/states/tomjohnson1492__documentation-theme-jekyll__fa31ffc73c26/capture_config.json",
    "cwd": "scratchpad/solver_panel/output_pristine/slot_271/workspace/tomjohnson1492__documentation-theme-jekyll__fa31ffc73c26/documentation-theme-jekyll",
    "duration_sec": 157.644,
    "exit_code": 0,
    "stderr_path": "scratchpad/solver_panel/output_pristine/slot_271/states/tomjohnson1492__documentation-theme-jekyll__fa31ffc73c26/logs/capture.stderr.log",
    "stdout_path": "scratchpad/solver_panel/output_pristine/slot_271/states/tomjohnson1492__documentation-theme-jekyll__fa31ffc73c26/logs/capture.stdout.log",
    "timed_out": false
  },
  "dev_server": {
    "command": "bundle exec jekyll serve --host 0.0.0.0 --port ${PORT:-4000} --skip-initial-build",
    "message": "HTTP 200",
    "port": 3500,
    "ready": true
  },
  "failure_stage": null,
  "project_root": "scratchpad/solver_panel/output_pristine/slot_271/workspace/tomjohnson1492__documentation-theme-jekyll__fa31ffc73c26/documentation-theme-jekyll",
  "quality_pass": true,
  "repo_id": "tomjohnson1492__documentation-theme-jekyll__fa31ffc73c26",
  "skip_build": false,
  "skip_install": true,
  "state_capture": "scratchpad/solver_panel/output_pristine/slot_271/states/tomjohnson1492__documentation-theme-jekyll__fa31ffc73c26/state_capture.json",
  "states_dir": "scratchpad/solver_panel/output_pristine/slot_271/states/tomjohnson1492__documentation-theme-jekyll__fa31ffc73c26",
  "status": "passed"
}

--STDERR--
