{
  "capture": {
    "command": "node productwebbench/tools/playwright_capture.js scratchpad/solver_panel/output_pristine/slot_273/states/Ibaliqbal__grid-layout-transition__c0f44dba1bf8/capture_config.json",
    "cwd": "scratchpad/solver_panel/output_pristine/slot_273/workspace/Ibaliqbal__grid-layout-transition__c0f44dba1bf8/Ibaliqbal__grid-layout-transition__c0f44dba1bf8",
    "duration_sec": 74.677,
    "exit_code": 0,
    "stderr_path": "scratchpad/solver_panel/output_pristine/slot_273/states/Ibaliqbal__grid-layout-transition__c0f44dba1bf8/logs/capture.stderr.log",
    "stdout_path": "scratchpad/solver_panel/output_pristine/slot_273/states/Ibaliqbal__grid-layout-transition__c0f44dba1bf8/logs/capture.stdout.log",
    "timed_out": false
  },
  "dev_server": {
    "command": "python3 -m http.server 3700 --bind 127.0.0.1",
    "message": "HTTP 200",
    "port": 3700,
    "ready": true
  },
  "failure_stage": null,
  "install_skipped_reason": "static_site_can_be_served_without_node_install",
  "project_root": "scratchpad/solver_panel/output_pristine/slot_273/workspace/Ibaliqbal__grid-layout-transition__c0f44dba1bf8/Ibaliqbal__grid-layout-transition__c0f44dba1bf8",
  "quality_pass": true,
  "repo_id": "Ibaliqbal__grid-layout-transition__c0f44dba1bf8",
  "skip_build": false,
  "skip_install": true,
  "state_capture": "scratchpad/solver_panel/output_pristine/slot_273/states/Ibaliqbal__grid-layout-transition__c0f44dba1bf8/state_capture.json",
  "states_dir": "scratchpad/solver_panel/output_pristine/slot_273/states/Ibaliqbal__grid-layout-transition__c0f44dba1bf8",
  "status": "passed"
}

--STDERR--
