{
  "capture": {
    "command": "node productwebbench/tools/playwright_capture.js scratchpad/solver_panel/output_pristine/slot_178/states/JosephASG__codrops-cinematic-scroll-animations__7a56d1fdc120/capture_config.json",
    "cwd": "scratchpad/solver_panel/output_pristine/slot_178/workspace/JosephASG__codrops-cinematic-scroll-animations__7a56d1fdc120/codrops-cinematic-scroll-animations",
    "duration_sec": 180.008,
    "exit_code": null,
    "stderr_path": "scratchpad/solver_panel/output_pristine/slot_178/states/JosephASG__codrops-cinematic-scroll-animations__7a56d1fdc120/logs/capture.stderr.log",
    "stdout_path": "scratchpad/solver_panel/output_pristine/slot_178/states/JosephASG__codrops-cinematic-scroll-animations__7a56d1fdc120/logs/capture.stdout.log",
    "timed_out": true
  },
  "dev_server": {
    "command": "node scratchpad/solver_panel/output_pristine/slot_178/workspace/JosephASG__codrops-cinematic-scroll-animations__7a56d1fdc120/codrops-cinematic-scroll-animations/node_modules/.pnpm/vite@7.1.11_@types+node@24.9.1_jiti@2.6.1_lightningcss@1.30.2/node_modules/vite/bin/vite.js --host 127.0.0.1 --port 3200",
    "message": "HTTP 200",
    "port": 3200,
    "ready": true
  },
  "failure_stage": "capture",
  "project_root": "scratchpad/solver_panel/output_pristine/slot_178/workspace/JosephASG__codrops-cinematic-scroll-animations__7a56d1fdc120/codrops-cinematic-scroll-animations",
  "repo_id": "JosephASG__codrops-cinematic-scroll-animations__7a56d1fdc120",
  "skip_build": true,
  "skip_install": true,
  "states_dir": "scratchpad/solver_panel/output_pristine/slot_178/states/JosephASG__codrops-cinematic-scroll-animations__7a56d1fdc120",
  "status": "failed"
}

--STDERR--
