{
  "capture": {
    "command": "node productwebbench/tools/playwright_capture.js scratchpad/solver_panel/output_pristine/slot_092/states/website-templates__portfolio_one-page-template__0fe7fdcc579c/capture_config.json",
    "cwd": "scratchpad/solver_panel/output_pristine/slot_092/workspace/website-templates__portfolio_one-page-template__0fe7fdcc579c/portfolio_one-page-template-0fe7fdcc579ca8a1374a3a4e4a2589b3d467e8af",
    "duration_sec": 64.941,
    "exit_code": 0,
    "stderr_path": "scratchpad/solver_panel/output_pristine/slot_092/states/website-templates__portfolio_one-page-template__0fe7fdcc579c/logs/capture.stderr.log",
    "stdout_path": "scratchpad/solver_panel/output_pristine/slot_092/states/website-templates__portfolio_one-page-template__0fe7fdcc579c/logs/capture.stdout.log",
    "timed_out": false
  },
  "dev_server": {
    "command": "python3 productwebbench/tools/static_server.py --directory build 4200 --bind 127.0.0.1",
    "message": "HTTP 200",
    "port": 4200,
    "ready": true
  },
  "failure_stage": null,
  "install_skipped_reason": "static_site_can_be_served_without_node_install",
  "project_root": "scratchpad/solver_panel/output_pristine/slot_092/workspace/website-templates__portfolio_one-page-template__0fe7fdcc579c/portfolio_one-page-template-0fe7fdcc579ca8a1374a3a4e4a2589b3d467e8af",
  "quality_pass": true,
  "repo_id": "website-templates__portfolio_one-page-template__0fe7fdcc579c",
  "skip_build": false,
  "skip_install": true,
  "state_capture": "scratchpad/solver_panel/output_pristine/slot_092/states/website-templates__portfolio_one-page-template__0fe7fdcc579c/state_capture.json",
  "states_dir": "scratchpad/solver_panel/output_pristine/slot_092/states/website-templates__portfolio_one-page-template__0fe7fdcc579c",
  "status": "passed"
}

--STDERR--
