{
  "capture": {
    "command": "node productwebbench/tools/playwright_capture.js scratchpad/solver_panel/output_pristine/slot_280/states/lucaspulliese__next-ecommerce__c65309c9d6ee/capture_config.json",
    "cwd": "scratchpad/solver_panel/output_pristine/slot_280/workspace/lucaspulliese__next-ecommerce__c65309c9d6ee/lucaspulliese__next-ecommerce__c65309c9d6ee",
    "duration_sec": 180.009,
    "exit_code": null,
    "stderr_path": "scratchpad/solver_panel/output_pristine/slot_280/states/lucaspulliese__next-ecommerce__c65309c9d6ee/logs/capture.stderr.log",
    "stdout_path": "scratchpad/solver_panel/output_pristine/slot_280/states/lucaspulliese__next-ecommerce__c65309c9d6ee/logs/capture.stdout.log",
    "timed_out": true
  },
  "dev_server": {
    "command": "node scratchpad/solver_panel/output_pristine/slot_280/workspace/lucaspulliese__next-ecommerce__c65309c9d6ee/lucaspulliese__next-ecommerce__c65309c9d6ee/node_modules/next/dist/bin/next dev --hostname 127.0.0.1 --port 4400",
    "message": "HTTP 500",
    "port": 4400,
    "ready": true
  },
  "failure_stage": "capture",
  "project_root": "scratchpad/solver_panel/output_pristine/slot_280/workspace/lucaspulliese__next-ecommerce__c65309c9d6ee/lucaspulliese__next-ecommerce__c65309c9d6ee",
  "repo_id": "lucaspulliese__next-ecommerce__c65309c9d6ee",
  "skip_build": true,
  "skip_install": true,
  "states_dir": "scratchpad/solver_panel/output_pristine/slot_280/states/lucaspulliese__next-ecommerce__c65309c9d6ee",
  "status": "failed"
}

--STDERR--
