{
  "build": {
    "command": "npm run build",
    "cwd": "scratchpad/solver_panel/output_pristine/slot_086/workspace/Temitayo-spec__Raft-Landing-Page__6aba4ee8e855/Raft-Landing-Page-6aba4ee8e855f782671aba9404212efe466d3f42",
    "duration_sec": 33.197,
    "exit_code": 0,
    "stderr_path": "scratchpad/solver_panel/output_pristine/slot_086/states/Temitayo-spec__Raft-Landing-Page__6aba4ee8e855/logs/build.stderr.log",
    "stdout_path": "scratchpad/solver_panel/output_pristine/slot_086/states/Temitayo-spec__Raft-Landing-Page__6aba4ee8e855/logs/build.stdout.log",
    "timed_out": false
  },
  "capture": {
    "command": "node productwebbench/tools/playwright_capture.js scratchpad/solver_panel/output_pristine/slot_086/states/Temitayo-spec__Raft-Landing-Page__6aba4ee8e855/capture_config.json",
    "cwd": "scratchpad/solver_panel/output_pristine/slot_086/workspace/Temitayo-spec__Raft-Landing-Page__6aba4ee8e855/Raft-Landing-Page-6aba4ee8e855f782671aba9404212efe466d3f42",
    "duration_sec": 180.012,
    "exit_code": null,
    "stderr_path": "scratchpad/solver_panel/output_pristine/slot_086/states/Temitayo-spec__Raft-Landing-Page__6aba4ee8e855/logs/capture.stderr.log",
    "stdout_path": "scratchpad/solver_panel/output_pristine/slot_086/states/Temitayo-spec__Raft-Landing-Page__6aba4ee8e855/logs/capture.stdout.log",
    "timed_out": true
  },
  "dev_server": {
    "command": "npm run start -- --hostname 127.0.0.1 --port 3600",
    "message": "HTTP 500",
    "port": 3600,
    "ready": true
  },
  "failure_stage": "capture",
  "project_root": "scratchpad/solver_panel/output_pristine/slot_086/workspace/Temitayo-spec__Raft-Landing-Page__6aba4ee8e855/Raft-Landing-Page-6aba4ee8e855f782671aba9404212efe466d3f42",
  "repo_id": "Temitayo-spec__Raft-Landing-Page__6aba4ee8e855",
  "skip_build": false,
  "skip_install": true,
  "states_dir": "scratchpad/solver_panel/output_pristine/slot_086/states/Temitayo-spec__Raft-Landing-Page__6aba4ee8e855",
  "status": "failed"
}

--STDERR--
