{
  "capture": {
    "command": "node productwebbench/tools/playwright_capture.js scratchpad/solver_panel/output_pristine/slot_154/states/wpcodevo__lc28-fashion-ecommerce-website__11eb00f040bd/capture_config.json",
    "cwd": "scratchpad/solver_panel/output_pristine/slot_154/workspace/wpcodevo__lc28-fashion-ecommerce-website__11eb00f040bd/lc28-fashion-ecommerce-website-11eb00f040bdc5811c89ec7585b577e0c2baae83",
    "duration_sec": 180.011,
    "exit_code": null,
    "stderr_path": "scratchpad/solver_panel/output_pristine/slot_154/states/wpcodevo__lc28-fashion-ecommerce-website__11eb00f040bd/logs/capture.stderr.log",
    "stdout_path": "scratchpad/solver_panel/output_pristine/slot_154/states/wpcodevo__lc28-fashion-ecommerce-website__11eb00f040bd/logs/capture.stdout.log",
    "timed_out": true
  },
  "dev_server": {
    "command": "python3 -m http.server 4000 --bind 127.0.0.1",
    "message": "HTTP 200",
    "port": 4000,
    "ready": true
  },
  "failure_stage": "capture",
  "install_skipped_reason": "static_site_can_be_served_without_node_install",
  "project_root": "scratchpad/solver_panel/output_pristine/slot_154/workspace/wpcodevo__lc28-fashion-ecommerce-website__11eb00f040bd/lc28-fashion-ecommerce-website-11eb00f040bdc5811c89ec7585b577e0c2baae83",
  "repo_id": "wpcodevo__lc28-fashion-ecommerce-website__11eb00f040bd",
  "skip_build": false,
  "skip_install": true,
  "states_dir": "scratchpad/solver_panel/output_pristine/slot_154/states/wpcodevo__lc28-fashion-ecommerce-website__11eb00f040bd",
  "status": "failed"
}

--STDERR--
