{
  "capture": {
    "command": "node productwebbench/tools/playwright_capture.js scratchpad/solver_panel/output_pristine/slot_080/states/SuccessfullSites__Agency-Website__b964fb262a6f/capture_config.json",
    "cwd": "scratchpad/solver_panel/output_pristine/slot_080/workspace/SuccessfullSites__Agency-Website__b964fb262a6f/SuccessfullSites__Agency-Website__b964fb262a6f",
    "duration_sec": 180.013,
    "exit_code": null,
    "stderr_path": "scratchpad/solver_panel/output_pristine/slot_080/states/SuccessfullSites__Agency-Website__b964fb262a6f/logs/capture.stderr.log",
    "stdout_path": "scratchpad/solver_panel/output_pristine/slot_080/states/SuccessfullSites__Agency-Website__b964fb262a6f/logs/capture.stdout.log",
    "timed_out": true
  },
  "dev_server": {
    "command": "python3 -m http.server 4600 --bind 127.0.0.1",
    "message": "HTTP 200",
    "port": 4600,
    "ready": true
  },
  "failure_stage": "capture",
  "install_skipped_reason": "static_site_can_be_served_without_node_install",
  "project_root": "scratchpad/solver_panel/output_pristine/slot_080/workspace/SuccessfullSites__Agency-Website__b964fb262a6f/SuccessfullSites__Agency-Website__b964fb262a6f",
  "repo_id": "SuccessfullSites__Agency-Website__b964fb262a6f",
  "skip_build": false,
  "skip_install": true,
  "states_dir": "scratchpad/solver_panel/output_pristine/slot_080/states/SuccessfullSites__Agency-Website__b964fb262a6f",
  "status": "failed"
}

--STDERR--
