{
  "capture": {
    "command": "node productwebbench/tools/playwright_capture.js scratchpad/solver_panel/output_pristine/slot_315/states/abds4816__tableaura_ecommerce_website_template__f3a7c346d7ef/capture_config.json",
    "cwd": "scratchpad/solver_panel/output_pristine/slot_315/workspace/abds4816__tableaura_ecommerce_website_template__f3a7c346d7ef/tableaura_ecommerce_website_template-f3a7c346d7ef1ad22effca787bd488894c960f24",
    "duration_sec": 180.012,
    "exit_code": null,
    "stderr_path": "scratchpad/solver_panel/output_pristine/slot_315/states/abds4816__tableaura_ecommerce_website_template__f3a7c346d7ef/logs/capture.stderr.log",
    "stdout_path": "scratchpad/solver_panel/output_pristine/slot_315/states/abds4816__tableaura_ecommerce_website_template__f3a7c346d7ef/logs/capture.stdout.log",
    "timed_out": true
  },
  "dev_server": {
    "command": "python3 -m http.server 3100 --bind 127.0.0.1",
    "message": "HTTP 200",
    "port": 3100,
    "ready": true
  },
  "failure_stage": "capture",
  "install_skipped_reason": "static_site_can_be_served_without_node_install",
  "project_root": "scratchpad/solver_panel/output_pristine/slot_315/workspace/abds4816__tableaura_ecommerce_website_template__f3a7c346d7ef/tableaura_ecommerce_website_template-f3a7c346d7ef1ad22effca787bd488894c960f24",
  "repo_id": "abds4816__tableaura_ecommerce_website_template__f3a7c346d7ef",
  "skip_build": false,
  "skip_install": true,
  "states_dir": "scratchpad/solver_panel/output_pristine/slot_315/states/abds4816__tableaura_ecommerce_website_template__f3a7c346d7ef",
  "status": "failed"
}

--STDERR--
