{
  "build": {
    "command": "npm run build",
    "cwd": "scratchpad/solver_panel/output_pristine/slot_033/workspace/edoardolunardi__infinite-canvas__528d811a39ea/infinite-canvas",
    "duration_sec": 33.01,
    "exit_code": 0,
    "stderr_path": "scratchpad/solver_panel/output_pristine/slot_033/states/edoardolunardi__infinite-canvas__528d811a39ea/logs/build.stderr.log",
    "stdout_path": "scratchpad/solver_panel/output_pristine/slot_033/states/edoardolunardi__infinite-canvas__528d811a39ea/logs/build.stdout.log",
    "timed_out": false
  },
  "capture": {
    "command": "node productwebbench/tools/playwright_capture.js scratchpad/solver_panel/output_pristine/slot_033/states/edoardolunardi__infinite-canvas__528d811a39ea/capture_config.json",
    "cwd": "scratchpad/solver_panel/output_pristine/slot_033/workspace/edoardolunardi__infinite-canvas__528d811a39ea/infinite-canvas",
    "duration_sec": 55.778,
    "exit_code": 0,
    "stderr_path": "scratchpad/solver_panel/output_pristine/slot_033/states/edoardolunardi__infinite-canvas__528d811a39ea/logs/capture.stderr.log",
    "stdout_path": "scratchpad/solver_panel/output_pristine/slot_033/states/edoardolunardi__infinite-canvas__528d811a39ea/logs/capture.stdout.log",
    "timed_out": false
  },
  "dev_server": {
    "command": "python3 productwebbench/tools/static_server.py --directory dist 3100 --bind 127.0.0.1",
    "message": "HTTP 200",
    "port": 3100,
    "ready": true
  },
  "failure_stage": null,
  "project_root": "scratchpad/solver_panel/output_pristine/slot_033/workspace/edoardolunardi__infinite-canvas__528d811a39ea/infinite-canvas",
  "quality_pass": true,
  "repo_id": "edoardolunardi__infinite-canvas__528d811a39ea",
  "skip_build": false,
  "skip_install": true,
  "state_capture": "scratchpad/solver_panel/output_pristine/slot_033/states/edoardolunardi__infinite-canvas__528d811a39ea/state_capture.json",
  "states_dir": "scratchpad/solver_panel/output_pristine/slot_033/states/edoardolunardi__infinite-canvas__528d811a39ea",
  "status": "passed"
}

--STDERR--
