{
  "capture": {
    "command": "node productwebbench/tools/playwright_capture.js scratchpad/solver_panel/output_pristine/slot_058/states/StartBootstrap__startbootstrap-agency__b2d5d5c6b139/capture_config.json",
    "cwd": "scratchpad/solver_panel/output_pristine/slot_058/workspace/StartBootstrap__startbootstrap-agency__b2d5d5c6b139/StartBootstrap__startbootstrap-agency__b2d5d5c6b139",
    "duration_sec": 97.206,
    "exit_code": 0,
    "stderr_path": "scratchpad/solver_panel/output_pristine/slot_058/states/StartBootstrap__startbootstrap-agency__b2d5d5c6b139/logs/capture.stderr.log",
    "stdout_path": "scratchpad/solver_panel/output_pristine/slot_058/states/StartBootstrap__startbootstrap-agency__b2d5d5c6b139/logs/capture.stdout.log",
    "timed_out": false
  },
  "dev_server": {
    "command": "python3 -m http.server 4000 --bind 127.0.0.1",
    "message": "HTTP 200",
    "port": 4000,
    "ready": true
  },
  "failure_stage": null,
  "install_skipped_reason": "static_site_can_be_served_without_node_install",
  "project_root": "scratchpad/solver_panel/output_pristine/slot_058/workspace/StartBootstrap__startbootstrap-agency__b2d5d5c6b139/StartBootstrap__startbootstrap-agency__b2d5d5c6b139",
  "quality_pass": true,
  "repo_id": "StartBootstrap__startbootstrap-agency__b2d5d5c6b139",
  "skip_build": true,
  "skip_install": true,
  "state_capture": "scratchpad/solver_panel/output_pristine/slot_058/states/StartBootstrap__startbootstrap-agency__b2d5d5c6b139/state_capture.json",
  "states_dir": "scratchpad/solver_panel/output_pristine/slot_058/states/StartBootstrap__startbootstrap-agency__b2d5d5c6b139",
  "status": "passed"
}

--STDERR--
