{
  "capture": {
    "command": "node productwebbench/tools/playwright_capture.js scratchpad/solver_panel/output_pristine/slot_236/states/alex-shpak__hugo-book__6d5d778e4b50/capture_config.json",
    "cwd": "scratchpad/solver_panel/output_pristine/slot_236/workspace/alex-shpak__hugo-book__6d5d778e4b50/hugo-book",
    "duration_sec": 51.545,
    "exit_code": 0,
    "stderr_path": "scratchpad/solver_panel/output_pristine/slot_236/states/alex-shpak__hugo-book__6d5d778e4b50/logs/capture.stderr.log",
    "stdout_path": "scratchpad/solver_panel/output_pristine/slot_236/states/alex-shpak__hugo-book__6d5d778e4b50/logs/capture.stdout.log",
    "timed_out": false
  },
  "dev_server": {
    "command": "python3 productwebbench/tools/static_server.py --directory . 3200 --bind 127.0.0.1",
    "message": "HTTP 200",
    "port": 3200,
    "ready": true
  },
  "failure_stage": null,
  "install_skipped_reason": "static_site_can_be_served_without_node_install",
  "project_root": "scratchpad/solver_panel/output_pristine/slot_236/workspace/alex-shpak__hugo-book__6d5d778e4b50/hugo-book",
  "quality_pass": true,
  "repo_id": "alex-shpak__hugo-book__6d5d778e4b50",
  "skip_build": false,
  "skip_install": true,
  "state_capture": "scratchpad/solver_panel/output_pristine/slot_236/states/alex-shpak__hugo-book__6d5d778e4b50/state_capture.json",
  "states_dir": "scratchpad/solver_panel/output_pristine/slot_236/states/alex-shpak__hugo-book__6d5d778e4b50",
  "status": "passed"
}

--STDERR--
