{
  "capture": {
    "command": "node productwebbench/tools/playwright_capture.js scratchpad/solver_panel/output_pristine/slot_317/states/codrops__LiquidDistortion__d8f91ae96e4a/capture_config.json",
    "cwd": "scratchpad/solver_panel/output_pristine/slot_317/workspace/codrops__LiquidDistortion__d8f91ae96e4a/LiquidDistortion",
    "duration_sec": 43.927,
    "exit_code": 0,
    "stderr_path": "scratchpad/solver_panel/output_pristine/slot_317/states/codrops__LiquidDistortion__d8f91ae96e4a/logs/capture.stderr.log",
    "stdout_path": "scratchpad/solver_panel/output_pristine/slot_317/states/codrops__LiquidDistortion__d8f91ae96e4a/logs/capture.stdout.log",
    "timed_out": false
  },
  "dev_server": {
    "command": "python3 -m http.server 3300 --bind 127.0.0.1",
    "message": "HTTP 200",
    "port": 3300,
    "ready": true
  },
  "failure_stage": null,
  "install_skipped_reason": "static_site_can_be_served_without_node_install",
  "project_root": "scratchpad/solver_panel/output_pristine/slot_317/workspace/codrops__LiquidDistortion__d8f91ae96e4a/LiquidDistortion",
  "quality_pass": true,
  "repo_id": "codrops__LiquidDistortion__d8f91ae96e4a",
  "skip_build": false,
  "skip_install": true,
  "state_capture": "scratchpad/solver_panel/output_pristine/slot_317/states/codrops__LiquidDistortion__d8f91ae96e4a/state_capture.json",
  "states_dir": "scratchpad/solver_panel/output_pristine/slot_317/states/codrops__LiquidDistortion__d8f91ae96e4a",
  "status": "passed"
}

--STDERR--
