{
  "capture": {
    "command": "node productwebbench/tools/playwright_capture.js scratchpad/solver_panel/output_pristine/slot_253/states/uakp98__shoe_store__30f34c38ec75/capture_config.json",
    "cwd": "scratchpad/solver_panel/output_pristine/slot_253/workspace/uakp98__shoe_store__30f34c38ec75/shoe_store-30f34c38ec7521408d2e151d3b2fc78d765db98e",
    "duration_sec": 55.53,
    "exit_code": 0,
    "stderr_path": "scratchpad/solver_panel/output_pristine/slot_253/states/uakp98__shoe_store__30f34c38ec75/logs/capture.stderr.log",
    "stdout_path": "scratchpad/solver_panel/output_pristine/slot_253/states/uakp98__shoe_store__30f34c38ec75/logs/capture.stdout.log",
    "timed_out": false
  },
  "dev_server": {
    "command": "python3 -m http.server 3300 --bind 127.0.0.1",
    "message": "HTTP 200",
    "port": 3300,
    "ready": true
  },
  "failure_stage": null,
  "install_skipped_reason": "static_site_can_be_served_without_node_install",
  "project_root": "scratchpad/solver_panel/output_pristine/slot_253/workspace/uakp98__shoe_store__30f34c38ec75/shoe_store-30f34c38ec7521408d2e151d3b2fc78d765db98e",
  "quality_pass": true,
  "repo_id": "uakp98__shoe_store__30f34c38ec75",
  "skip_build": false,
  "skip_install": true,
  "state_capture": "scratchpad/solver_panel/output_pristine/slot_253/states/uakp98__shoe_store__30f34c38ec75/state_capture.json",
  "states_dir": "scratchpad/solver_panel/output_pristine/slot_253/states/uakp98__shoe_store__30f34c38ec75",
  "status": "passed"
}

--STDERR--
