{
  "capture": {
    "command": "node productwebbench/tools/playwright_capture.js scratchpad/solver_panel/output_pristine/slot_284/states/themewagon__kaiadmin-lite__c5f41045d5d9/capture_config.json",
    "cwd": "scratchpad/solver_panel/output_pristine/slot_284/workspace/themewagon__kaiadmin-lite__c5f41045d5d9/kaiadmin-lite-c5f41045d5d9d543e62799054350959ab40d8123",
    "duration_sec": 99.18,
    "exit_code": 0,
    "stderr_path": "scratchpad/solver_panel/output_pristine/slot_284/states/themewagon__kaiadmin-lite__c5f41045d5d9/logs/capture.stderr.log",
    "stdout_path": "scratchpad/solver_panel/output_pristine/slot_284/states/themewagon__kaiadmin-lite__c5f41045d5d9/logs/capture.stdout.log",
    "timed_out": false
  },
  "dev_server": {
    "command": "python3 -m http.server 3200 --bind 127.0.0.1",
    "message": "HTTP 200",
    "port": 3200,
    "ready": true
  },
  "failure_stage": null,
  "install_skipped_reason": "static_site_can_be_served_without_node_install",
  "project_root": "scratchpad/solver_panel/output_pristine/slot_284/workspace/themewagon__kaiadmin-lite__c5f41045d5d9/kaiadmin-lite-c5f41045d5d9d543e62799054350959ab40d8123",
  "quality_pass": true,
  "repo_id": "themewagon__kaiadmin-lite__c5f41045d5d9",
  "skip_build": false,
  "skip_install": true,
  "state_capture": "scratchpad/solver_panel/output_pristine/slot_284/states/themewagon__kaiadmin-lite__c5f41045d5d9/state_capture.json",
  "states_dir": "scratchpad/solver_panel/output_pristine/slot_284/states/themewagon__kaiadmin-lite__c5f41045d5d9",
  "status": "passed"
}

--STDERR--
