{
  "build": {
    "command": "npm run build",
    "cwd": "scratchpad/solver_panel/output_pristine/slot_038/workspace/jeantimex__geospatial__d166316ad38f/geospatial",
    "duration_sec": 24.206,
    "exit_code": 0,
    "stderr_path": "scratchpad/solver_panel/output_pristine/slot_038/states/jeantimex__geospatial__d166316ad38f/logs/build.stderr.log",
    "stdout_path": "scratchpad/solver_panel/output_pristine/slot_038/states/jeantimex__geospatial__d166316ad38f/logs/build.stdout.log",
    "timed_out": false
  },
  "capture": {
    "command": "node productwebbench/tools/playwright_capture.js scratchpad/solver_panel/output_pristine/slot_038/states/jeantimex__geospatial__d166316ad38f/capture_config.json",
    "cwd": "scratchpad/solver_panel/output_pristine/slot_038/workspace/jeantimex__geospatial__d166316ad38f/geospatial",
    "duration_sec": 180.057,
    "exit_code": null,
    "stderr_path": "scratchpad/solver_panel/output_pristine/slot_038/states/jeantimex__geospatial__d166316ad38f/logs/capture.stderr.log",
    "stdout_path": "scratchpad/solver_panel/output_pristine/slot_038/states/jeantimex__geospatial__d166316ad38f/logs/capture.stdout.log",
    "timed_out": true
  },
  "dev_server": {
    "command": "python3 productwebbench/tools/static_server.py --directory dist 3600 --bind 127.0.0.1",
    "message": "HTTP 200",
    "port": 3600,
    "ready": true
  },
  "failure_stage": "capture",
  "project_root": "scratchpad/solver_panel/output_pristine/slot_038/workspace/jeantimex__geospatial__d166316ad38f/geospatial",
  "repo_id": "jeantimex__geospatial__d166316ad38f",
  "skip_build": false,
  "skip_install": true,
  "states_dir": "scratchpad/solver_panel/output_pristine/slot_038/states/jeantimex__geospatial__d166316ad38f",
  "status": "failed"
}

--STDERR--
