{
  "capture": {
    "command": "node productwebbench/tools/playwright_capture.js scratchpad/solver_panel/output_pristine/slot_192/states/MisterPrada__logo-particles-template__f5a335f40aca/capture_config.json",
    "cwd": "scratchpad/solver_panel/output_pristine/slot_192/workspace/MisterPrada__logo-particles-template__f5a335f40aca/MisterPrada__logo-particles-template__f5a335f40aca",
    "duration_sec": 180.009,
    "exit_code": null,
    "stderr_path": "scratchpad/solver_panel/output_pristine/slot_192/states/MisterPrada__logo-particles-template__f5a335f40aca/logs/capture.stderr.log",
    "stdout_path": "scratchpad/solver_panel/output_pristine/slot_192/states/MisterPrada__logo-particles-template__f5a335f40aca/logs/capture.stdout.log",
    "timed_out": true
  },
  "dev_server": {
    "command": "npm run dev -- --host 127.0.0.1 --port 4600",
    "message": "HTTP 200",
    "port": 4600,
    "ready": true
  },
  "failure_stage": "capture",
  "project_root": "scratchpad/solver_panel/output_pristine/slot_192/workspace/MisterPrada__logo-particles-template__f5a335f40aca/MisterPrada__logo-particles-template__f5a335f40aca",
  "repo_id": "MisterPrada__logo-particles-template__f5a335f40aca",
  "skip_build": true,
  "skip_install": true,
  "states_dir": "scratchpad/solver_panel/output_pristine/slot_192/states/MisterPrada__logo-particles-template__f5a335f40aca",
  "status": "failed"
}

--STDERR--
