{
  "build": {
    "command": "npm run build",
    "cwd": "scratchpad/solver_panel/output_pristine/slot_041/workspace/themewagon__tailwind-bundle__5cb9fa3d8604/tailwind-bundle",
    "duration_sec": 18.064,
    "exit_code": 0,
    "stderr_path": "scratchpad/solver_panel/output_pristine/slot_041/states/themewagon__tailwind-bundle__5cb9fa3d8604/logs/build.stderr.log",
    "stdout_path": "scratchpad/solver_panel/output_pristine/slot_041/states/themewagon__tailwind-bundle__5cb9fa3d8604/logs/build.stdout.log",
    "timed_out": false
  },
  "capture": {
    "command": "node productwebbench/tools/playwright_capture.js scratchpad/solver_panel/output_pristine/slot_041/states/themewagon__tailwind-bundle__5cb9fa3d8604/capture_config.json",
    "cwd": "scratchpad/solver_panel/output_pristine/slot_041/workspace/themewagon__tailwind-bundle__5cb9fa3d8604/tailwind-bundle",
    "duration_sec": 180.014,
    "exit_code": null,
    "stderr_path": "scratchpad/solver_panel/output_pristine/slot_041/states/themewagon__tailwind-bundle__5cb9fa3d8604/logs/capture.stderr.log",
    "stdout_path": "scratchpad/solver_panel/output_pristine/slot_041/states/themewagon__tailwind-bundle__5cb9fa3d8604/logs/capture.stdout.log",
    "timed_out": true
  },
  "dev_server": {
    "command": "python3 productwebbench/tools/static_server.py --directory build 3900 --bind 127.0.0.1",
    "message": "HTTP 200",
    "port": 3900,
    "ready": true
  },
  "failure_stage": "capture",
  "project_root": "scratchpad/solver_panel/output_pristine/slot_041/workspace/themewagon__tailwind-bundle__5cb9fa3d8604/tailwind-bundle",
  "repo_id": "themewagon__tailwind-bundle__5cb9fa3d8604",
  "skip_build": false,
  "skip_install": true,
  "states_dir": "scratchpad/solver_panel/output_pristine/slot_041/states/themewagon__tailwind-bundle__5cb9fa3d8604",
  "status": "failed"
}

--STDERR--
