{
  "build": {
    "command": "corepack yarn build",
    "cwd": "scratchpad/solver_panel/output_pristine/slot_079/workspace/RiadhAdrani__slick-portfolio-svelte__4b2a94869a37/slick-portfolio-svelte-4b2a94869a37d75b607cd6003e429e81195d2d0e",
    "duration_sec": 35.317,
    "exit_code": 0,
    "stderr_path": "scratchpad/solver_panel/output_pristine/slot_079/states/RiadhAdrani__slick-portfolio-svelte__4b2a94869a37/logs/build.stderr.log",
    "stdout_path": "scratchpad/solver_panel/output_pristine/slot_079/states/RiadhAdrani__slick-portfolio-svelte__4b2a94869a37/logs/build.stdout.log",
    "timed_out": false
  },
  "capture": {
    "command": "node productwebbench/tools/playwright_capture.js scratchpad/solver_panel/output_pristine/slot_079/states/RiadhAdrani__slick-portfolio-svelte__4b2a94869a37/capture_config.json",
    "cwd": "scratchpad/solver_panel/output_pristine/slot_079/workspace/RiadhAdrani__slick-portfolio-svelte__4b2a94869a37/slick-portfolio-svelte-4b2a94869a37d75b607cd6003e429e81195d2d0e",
    "duration_sec": 69.89,
    "exit_code": 0,
    "stderr_path": "scratchpad/solver_panel/output_pristine/slot_079/states/RiadhAdrani__slick-portfolio-svelte__4b2a94869a37/logs/capture.stderr.log",
    "stdout_path": "scratchpad/solver_panel/output_pristine/slot_079/states/RiadhAdrani__slick-portfolio-svelte__4b2a94869a37/logs/capture.stdout.log",
    "timed_out": false
  },
  "dev_server": {
    "command": "python3 productwebbench/tools/static_server.py --directory build 4500 --bind 127.0.0.1",
    "message": "HTTP 200",
    "port": 4500,
    "ready": true
  },
  "failure_stage": null,
  "project_root": "scratchpad/solver_panel/output_pristine/slot_079/workspace/RiadhAdrani__slick-portfolio-svelte__4b2a94869a37/slick-portfolio-svelte-4b2a94869a37d75b607cd6003e429e81195d2d0e",
  "quality_pass": true,
  "repo_id": "RiadhAdrani__slick-portfolio-svelte__4b2a94869a37",
  "skip_build": false,
  "skip_install": true,
  "state_capture": "scratchpad/solver_panel/output_pristine/slot_079/states/RiadhAdrani__slick-portfolio-svelte__4b2a94869a37/state_capture.json",
  "states_dir": "scratchpad/solver_panel/output_pristine/slot_079/states/RiadhAdrani__slick-portfolio-svelte__4b2a94869a37",
  "status": "passed"
}

--STDERR--
