{
  "capture": {
    "command": "node productwebbench/tools/playwright_capture.js scratchpad/solver_panel/output_pristine/slot_264/states/codrops__AudioVisualizers__feac3eaeffe9/capture_config.json",
    "cwd": "scratchpad/solver_panel/output_pristine/slot_264/workspace/codrops__AudioVisualizers__feac3eaeffe9/codrops__AudioVisualizers__feac3eaeffe9",
    "duration_sec": 110.433,
    "exit_code": 0,
    "stderr_path": "scratchpad/solver_panel/output_pristine/slot_264/states/codrops__AudioVisualizers__feac3eaeffe9/logs/capture.stderr.log",
    "stdout_path": "scratchpad/solver_panel/output_pristine/slot_264/states/codrops__AudioVisualizers__feac3eaeffe9/logs/capture.stdout.log",
    "timed_out": false
  },
  "dev_server": {
    "command": "python3 -m http.server 4400 --bind 127.0.0.1",
    "message": "HTTP 200",
    "port": 4400,
    "ready": true
  },
  "failure_stage": null,
  "install_skipped_reason": "static_site_can_be_served_without_node_install",
  "project_root": "scratchpad/solver_panel/output_pristine/slot_264/workspace/codrops__AudioVisualizers__feac3eaeffe9/codrops__AudioVisualizers__feac3eaeffe9",
  "quality_pass": true,
  "repo_id": "codrops__AudioVisualizers__feac3eaeffe9",
  "skip_build": false,
  "skip_install": true,
  "state_capture": "scratchpad/solver_panel/output_pristine/slot_264/states/codrops__AudioVisualizers__feac3eaeffe9/state_capture.json",
  "states_dir": "scratchpad/solver_panel/output_pristine/slot_264/states/codrops__AudioVisualizers__feac3eaeffe9",
  "status": "passed"
}

--STDERR--
