{
  "capture": {
    "command": "node productwebbench/tools/playwright_capture.js scratchpad/solver_panel/output_pristine/slot_068/states/codrops__Interactive3DMallMap__0e41a531fac6/capture_config.json",
    "cwd": "scratchpad/solver_panel/output_pristine/slot_068/workspace/codrops__Interactive3DMallMap__0e41a531fac6/Interactive3DMallMap",
    "duration_sec": 74.43,
    "exit_code": 0,
    "stderr_path": "scratchpad/solver_panel/output_pristine/slot_068/states/codrops__Interactive3DMallMap__0e41a531fac6/logs/capture.stderr.log",
    "stdout_path": "scratchpad/solver_panel/output_pristine/slot_068/states/codrops__Interactive3DMallMap__0e41a531fac6/logs/capture.stdout.log",
    "timed_out": false
  },
  "dev_server": {
    "command": "python3 -m http.server 3400 --bind 127.0.0.1",
    "message": "HTTP 200",
    "port": 3400,
    "ready": true
  },
  "failure_stage": null,
  "install_skipped_reason": "static_site_can_be_served_without_node_install",
  "project_root": "scratchpad/solver_panel/output_pristine/slot_068/workspace/codrops__Interactive3DMallMap__0e41a531fac6/Interactive3DMallMap",
  "quality_pass": true,
  "repo_id": "codrops__Interactive3DMallMap__0e41a531fac6",
  "skip_build": false,
  "skip_install": true,
  "state_capture": "scratchpad/solver_panel/output_pristine/slot_068/states/codrops__Interactive3DMallMap__0e41a531fac6/state_capture.json",
  "states_dir": "scratchpad/solver_panel/output_pristine/slot_068/states/codrops__Interactive3DMallMap__0e41a531fac6",
  "status": "passed"
}

--STDERR--
