{
  "capture": {
    "command": "node productwebbench/tools/playwright_capture.js scratchpad/solver_panel/output_pristine/slot_234/states/satnaing__astro-paper__68b452289a6b/capture_config.json",
    "cwd": "scratchpad/solver_panel/output_pristine/slot_234/workspace/satnaing__astro-paper__68b452289a6b/astro-paper-68b452289a6bc03a3c00720c4b4951076dd5abed",
    "duration_sec": 55.403,
    "exit_code": 0,
    "stderr_path": "scratchpad/solver_panel/output_pristine/slot_234/states/satnaing__astro-paper__68b452289a6b/logs/capture.stderr.log",
    "stdout_path": "scratchpad/solver_panel/output_pristine/slot_234/states/satnaing__astro-paper__68b452289a6b/logs/capture.stdout.log",
    "timed_out": false
  },
  "dev_server": {
    "command": "node scratchpad/solver_panel/output_pristine/slot_234/workspace/satnaing__astro-paper__68b452289a6b/astro-paper-68b452289a6bc03a3c00720c4b4951076dd5abed/node_modules/.pnpm/astro@6.3.3_@types+node@24.12.2_jiti@2.6.1_lightningcss@1.32.0_rollup@4.60.2_yaml@2.8.3/node_modules/astro/bin/astro.mjs dev --host 127.0.0.1 --port 4600",
    "message": "HTTP 200",
    "port": 4600,
    "ready": true
  },
  "failure_stage": null,
  "project_root": "scratchpad/solver_panel/output_pristine/slot_234/workspace/satnaing__astro-paper__68b452289a6b/astro-paper-68b452289a6bc03a3c00720c4b4951076dd5abed",
  "quality_pass": true,
  "repo_id": "satnaing__astro-paper__68b452289a6b",
  "skip_build": true,
  "skip_install": true,
  "state_capture": "scratchpad/solver_panel/output_pristine/slot_234/states/satnaing__astro-paper__68b452289a6b/state_capture.json",
  "states_dir": "scratchpad/solver_panel/output_pristine/slot_234/states/satnaing__astro-paper__68b452289a6b",
  "status": "passed"
}

--STDERR--
