{
  "capture": {
    "command": "node productwebbench/tools/playwright_capture.js scratchpad/solver_panel/output_pristine/slot_292/states/mhaecal__skilline-landing-page__2f4b710148be/capture_config.json",
    "cwd": "scratchpad/solver_panel/output_pristine/slot_292/workspace/mhaecal__skilline-landing-page__2f4b710148be/skilline-landing-page-2f4b710148be6528cd90776c178ae2e9e01f8eb6",
    "duration_sec": 59.04,
    "exit_code": 0,
    "stderr_path": "scratchpad/solver_panel/output_pristine/slot_292/states/mhaecal__skilline-landing-page__2f4b710148be/logs/capture.stderr.log",
    "stdout_path": "scratchpad/solver_panel/output_pristine/slot_292/states/mhaecal__skilline-landing-page__2f4b710148be/logs/capture.stdout.log",
    "timed_out": false
  },
  "dev_server": {
    "command": "python3 -m http.server 4000 --bind 127.0.0.1",
    "message": "HTTP 200",
    "port": 4000,
    "ready": true
  },
  "failure_stage": null,
  "install_skipped_reason": "static_site_can_be_served_without_node_install",
  "project_root": "scratchpad/solver_panel/output_pristine/slot_292/workspace/mhaecal__skilline-landing-page__2f4b710148be/skilline-landing-page-2f4b710148be6528cd90776c178ae2e9e01f8eb6",
  "quality_pass": true,
  "repo_id": "mhaecal__skilline-landing-page__2f4b710148be",
  "skip_build": false,
  "skip_install": true,
  "state_capture": "scratchpad/solver_panel/output_pristine/slot_292/states/mhaecal__skilline-landing-page__2f4b710148be/state_capture.json",
  "states_dir": "scratchpad/solver_panel/output_pristine/slot_292/states/mhaecal__skilline-landing-page__2f4b710148be",
  "status": "passed"
}

--STDERR--
