{
  "capture": {
    "command": "node productwebbench/tools/playwright_capture.js scratchpad/solver_panel/output_pristine/slot_299/states/edavidaja__docter__fa708f2782ae/capture_config.json",
    "cwd": "scratchpad/solver_panel/output_pristine/slot_299/workspace/edavidaja__docter__fa708f2782ae",
    "duration_sec": 27.753,
    "exit_code": 0,
    "stderr_path": "scratchpad/solver_panel/output_pristine/slot_299/states/edavidaja__docter__fa708f2782ae/logs/capture.stderr.log",
    "stdout_path": "scratchpad/solver_panel/output_pristine/slot_299/states/edavidaja__docter__fa708f2782ae/logs/capture.stdout.log",
    "timed_out": false
  },
  "dev_server": {
    "command": "python3 -m http.server 3100 --bind 127.0.0.1 --directory scratchpad/solver_panel/output_pristine/slot_299/workspace/edavidaja__docter__fa708f2782ae",
    "message": "HTTP 200",
    "port": 3100,
    "ready": true
  },
  "failure_stage": null,
  "project_root": "scratchpad/solver_panel/output_pristine/slot_299/workspace/edavidaja__docter__fa708f2782ae",
  "quality_pass": true,
  "repo_id": "edavidaja__docter__fa708f2782ae",
  "skip_build": false,
  "skip_install": true,
  "state_capture": "scratchpad/solver_panel/output_pristine/slot_299/states/edavidaja__docter__fa708f2782ae/state_capture.json",
  "states_dir": "scratchpad/solver_panel/output_pristine/slot_299/states/edavidaja__docter__fa708f2782ae",
  "status": "passed"
}

--STDERR--
