{
  "capture": {
    "command": "node productwebbench/tools/playwright_capture.js scratchpad/solver_panel/output_pristine/slot_212/states/devhau__startup-template__5aae64752423/capture_config.json",
    "cwd": "scratchpad/solver_panel/output_pristine/slot_212/workspace/devhau__startup-template__5aae64752423/startup-template-5aae64752423bb6f02a0b0fb98601bfea73a4561",
    "duration_sec": 180.012,
    "exit_code": null,
    "stderr_path": "scratchpad/solver_panel/output_pristine/slot_212/states/devhau__startup-template__5aae64752423/logs/capture.stderr.log",
    "stdout_path": "scratchpad/solver_panel/output_pristine/slot_212/states/devhau__startup-template__5aae64752423/logs/capture.stdout.log",
    "timed_out": true
  },
  "dev_server": {
    "command": "python3 -m http.server 4000 --bind 127.0.0.1",
    "message": "HTTP 200",
    "port": 4000,
    "ready": true
  },
  "failure_stage": "capture",
  "install_skipped_reason": "static_site_can_be_served_without_node_install",
  "project_root": "scratchpad/solver_panel/output_pristine/slot_212/workspace/devhau__startup-template__5aae64752423/startup-template-5aae64752423bb6f02a0b0fb98601bfea73a4561",
  "repo_id": "devhau__startup-template__5aae64752423",
  "skip_build": false,
  "skip_install": true,
  "states_dir": "scratchpad/solver_panel/output_pristine/slot_212/states/devhau__startup-template__5aae64752423",
  "status": "failed"
}

--STDERR--
