{
  "build": {
    "command": "npm run build",
    "cwd": "scratchpad/solver_panel/output_pristine/slot_245/workspace/withastro__starlight__67ba34451082/withastro__starlight__67ba34451082",
    "duration_sec": 5.725,
    "exit_code": 0,
    "stderr_path": "scratchpad/solver_panel/output_pristine/slot_245/states/withastro__starlight__67ba34451082/logs/build.stderr.log",
    "stdout_path": "scratchpad/solver_panel/output_pristine/slot_245/states/withastro__starlight__67ba34451082/logs/build.stdout.log",
    "timed_out": false
  },
  "capture": {
    "command": "node productwebbench/tools/playwright_capture.js scratchpad/solver_panel/output_pristine/slot_245/states/withastro__starlight__67ba34451082/capture_config.json",
    "cwd": "scratchpad/solver_panel/output_pristine/slot_245/workspace/withastro__starlight__67ba34451082/withastro__starlight__67ba34451082",
    "duration_sec": 57.066,
    "exit_code": 0,
    "stderr_path": "scratchpad/solver_panel/output_pristine/slot_245/states/withastro__starlight__67ba34451082/logs/capture.stderr.log",
    "stdout_path": "scratchpad/solver_panel/output_pristine/slot_245/states/withastro__starlight__67ba34451082/logs/capture.stdout.log",
    "timed_out": false
  },
  "dev_server": {
    "command": "python3 productwebbench/tools/static_server.py --directory dist 4100 --bind 127.0.0.1",
    "message": "HTTP 200",
    "port": 4100,
    "ready": true
  },
  "failure_stage": null,
  "project_root": "scratchpad/solver_panel/output_pristine/slot_245/workspace/withastro__starlight__67ba34451082/withastro__starlight__67ba34451082",
  "quality_pass": true,
  "repo_id": "withastro__starlight__67ba34451082",
  "skip_build": false,
  "skip_install": true,
  "state_capture": "scratchpad/solver_panel/output_pristine/slot_245/states/withastro__starlight__67ba34451082/state_capture.json",
  "states_dir": "scratchpad/solver_panel/output_pristine/slot_245/states/withastro__starlight__67ba34451082",
  "status": "passed"
}

--STDERR--
