{
  "build": {
    "command": "npm run build",
    "cwd": "scratchpad/solver_panel/output_pristine/slot_009/workspace/themefisher__revolve-bulma__579a378788b4/revolve-bulma-579a378788b4bbdf82da174d2460558de4850107",
    "duration_sec": 5.823,
    "exit_code": 0,
    "stderr_path": "scratchpad/solver_panel/output_pristine/slot_009/states/themefisher__revolve-bulma__579a378788b4/logs/build.stderr.log",
    "stdout_path": "scratchpad/solver_panel/output_pristine/slot_009/states/themefisher__revolve-bulma__579a378788b4/logs/build.stdout.log",
    "timed_out": false
  },
  "capture": {
    "command": "node productwebbench/tools/playwright_capture.js scratchpad/solver_panel/output_pristine/slot_009/states/themefisher__revolve-bulma__579a378788b4/capture_config.json",
    "cwd": "scratchpad/solver_panel/output_pristine/slot_009/workspace/themefisher__revolve-bulma__579a378788b4/revolve-bulma-579a378788b4bbdf82da174d2460558de4850107",
    "duration_sec": 113.457,
    "exit_code": 0,
    "stderr_path": "scratchpad/solver_panel/output_pristine/slot_009/states/themefisher__revolve-bulma__579a378788b4/logs/capture.stderr.log",
    "stdout_path": "scratchpad/solver_panel/output_pristine/slot_009/states/themefisher__revolve-bulma__579a378788b4/logs/capture.stdout.log",
    "timed_out": false
  },
  "dev_server": {
    "command": "python3 productwebbench/tools/static_server.py --directory theme 3100 --bind 127.0.0.1",
    "message": "HTTP 200",
    "port": 3100,
    "ready": true
  },
  "failure_stage": null,
  "project_root": "scratchpad/solver_panel/output_pristine/slot_009/workspace/themefisher__revolve-bulma__579a378788b4/revolve-bulma-579a378788b4bbdf82da174d2460558de4850107",
  "quality_pass": true,
  "repo_id": "themefisher__revolve-bulma__579a378788b4",
  "skip_build": false,
  "skip_install": true,
  "state_capture": "scratchpad/solver_panel/output_pristine/slot_009/states/themefisher__revolve-bulma__579a378788b4/state_capture.json",
  "states_dir": "scratchpad/solver_panel/output_pristine/slot_009/states/themefisher__revolve-bulma__579a378788b4",
  "status": "passed"
}

--STDERR--
