{
  "capture": {
    "command": "node productwebbench/tools/playwright_capture.js scratchpad/solver_panel/output_pristine/slot_217/states/Vijay-Ky__startup-template-html-website-megakit-004__4ef017f66034/capture_config.json",
    "cwd": "scratchpad/solver_panel/output_pristine/slot_217/workspace/Vijay-Ky__startup-template-html-website-megakit-004__4ef017f66034/startup-template-html-website-megakit-004-4ef017f66034aeacfa92b135862b67efd37b8f48",
    "duration_sec": 171.167,
    "exit_code": 0,
    "stderr_path": "scratchpad/solver_panel/output_pristine/slot_217/states/Vijay-Ky__startup-template-html-website-megakit-004__4ef017f66034/logs/capture.stderr.log",
    "stdout_path": "scratchpad/solver_panel/output_pristine/slot_217/states/Vijay-Ky__startup-template-html-website-megakit-004__4ef017f66034/logs/capture.stdout.log",
    "timed_out": false
  },
  "dev_server": {
    "command": "python3 -m http.server 4500 --bind 127.0.0.1",
    "message": "HTTP 200",
    "port": 4500,
    "ready": true
  },
  "failure_stage": null,
  "install_skipped_reason": "static_site_can_be_served_without_node_install",
  "project_root": "scratchpad/solver_panel/output_pristine/slot_217/workspace/Vijay-Ky__startup-template-html-website-megakit-004__4ef017f66034/startup-template-html-website-megakit-004-4ef017f66034aeacfa92b135862b67efd37b8f48",
  "quality_pass": true,
  "repo_id": "Vijay-Ky__startup-template-html-website-megakit-004__4ef017f66034",
  "skip_build": false,
  "skip_install": true,
  "state_capture": "scratchpad/solver_panel/output_pristine/slot_217/states/Vijay-Ky__startup-template-html-website-megakit-004__4ef017f66034/state_capture.json",
  "states_dir": "scratchpad/solver_panel/output_pristine/slot_217/states/Vijay-Ky__startup-template-html-website-megakit-004__4ef017f66034",
  "status": "passed"
}

--STDERR--
