{
  "build": {
    "command": "npm run build",
    "cwd": "scratchpad/solver_panel/output_pristine/slot_129/workspace/Charca__astro-blog-template__478c018deff7/astro-blog-template-478c018deff7b8adbe4416a30b8d284305dfa5f9",
    "duration_sec": 6.621,
    "exit_code": 0,
    "stderr_path": "scratchpad/solver_panel/output_pristine/slot_129/states/Charca__astro-blog-template__478c018deff7/logs/build.stderr.log",
    "stdout_path": "scratchpad/solver_panel/output_pristine/slot_129/states/Charca__astro-blog-template__478c018deff7/logs/build.stdout.log",
    "timed_out": false
  },
  "capture": {
    "command": "node productwebbench/tools/playwright_capture.js scratchpad/solver_panel/output_pristine/slot_129/states/Charca__astro-blog-template__478c018deff7/capture_config.json",
    "cwd": "scratchpad/solver_panel/output_pristine/slot_129/workspace/Charca__astro-blog-template__478c018deff7/astro-blog-template-478c018deff7b8adbe4416a30b8d284305dfa5f9",
    "duration_sec": 45.575,
    "exit_code": 0,
    "stderr_path": "scratchpad/solver_panel/output_pristine/slot_129/states/Charca__astro-blog-template__478c018deff7/logs/capture.stderr.log",
    "stdout_path": "scratchpad/solver_panel/output_pristine/slot_129/states/Charca__astro-blog-template__478c018deff7/logs/capture.stdout.log",
    "timed_out": false
  },
  "dev_server": {
    "command": "python3 productwebbench/tools/static_server.py --directory dist 3100 --bind 127.0.0.1",
    "message": "HTTP 200",
    "port": 3100,
    "ready": true
  },
  "failure_stage": null,
  "project_root": "scratchpad/solver_panel/output_pristine/slot_129/workspace/Charca__astro-blog-template__478c018deff7/astro-blog-template-478c018deff7b8adbe4416a30b8d284305dfa5f9",
  "quality_pass": true,
  "repo_id": "Charca__astro-blog-template__478c018deff7",
  "skip_build": false,
  "skip_install": true,
  "state_capture": "scratchpad/solver_panel/output_pristine/slot_129/states/Charca__astro-blog-template__478c018deff7/state_capture.json",
  "states_dir": "scratchpad/solver_panel/output_pristine/slot_129/states/Charca__astro-blog-template__478c018deff7",
  "status": "passed"
}

--STDERR--
