{
  "build": {
    "command": "npm run build",
    "cwd": "scratchpad/solver_panel/output_pristine/slot_221/workspace/Banana021s__Gallery-Template__971a38f77833/Gallery-Media-971a38f77833ffca4e6bece1fc077cf25f54b6f8",
    "duration_sec": 31.769,
    "exit_code": 0,
    "stderr_path": "scratchpad/solver_panel/output_pristine/slot_221/states/Banana021s__Gallery-Template__971a38f77833/logs/build.stderr.log",
    "stdout_path": "scratchpad/solver_panel/output_pristine/slot_221/states/Banana021s__Gallery-Template__971a38f77833/logs/build.stdout.log",
    "timed_out": false
  },
  "capture": {
    "command": "node productwebbench/tools/playwright_capture.js scratchpad/solver_panel/output_pristine/slot_221/states/Banana021s__Gallery-Template__971a38f77833/capture_config.json",
    "cwd": "scratchpad/solver_panel/output_pristine/slot_221/workspace/Banana021s__Gallery-Template__971a38f77833/Gallery-Media-971a38f77833ffca4e6bece1fc077cf25f54b6f8",
    "duration_sec": 180.016,
    "exit_code": null,
    "stderr_path": "scratchpad/solver_panel/output_pristine/slot_221/states/Banana021s__Gallery-Template__971a38f77833/logs/capture.stderr.log",
    "stdout_path": "scratchpad/solver_panel/output_pristine/slot_221/states/Banana021s__Gallery-Template__971a38f77833/logs/capture.stdout.log",
    "timed_out": true
  },
  "dev_server": {
    "command": "python3 productwebbench/tools/static_server.py --directory build 3300 --bind 127.0.0.1",
    "message": "HTTP 200",
    "port": 3300,
    "ready": true
  },
  "failure_stage": "capture",
  "project_root": "scratchpad/solver_panel/output_pristine/slot_221/workspace/Banana021s__Gallery-Template__971a38f77833/Gallery-Media-971a38f77833ffca4e6bece1fc077cf25f54b6f8",
  "repo_id": "Banana021s__Gallery-Template__971a38f77833",
  "skip_build": false,
  "skip_install": true,
  "states_dir": "scratchpad/solver_panel/output_pristine/slot_221/states/Banana021s__Gallery-Template__971a38f77833",
  "status": "failed"
}

--STDERR--
